Filtered to 25 specified scenarios

============================================================
Parameter Sweep Runner
============================================================
Total scenarios: 25
Already completed: 6
Pending: 24
Duration per scenario: 13000s (217 min)
Startup wait: 45s
Estimated total time: 87.0 hours
Results directory: /home/pfoy/bitcoin/warnetScenarioDiscovery/tools/sweep/lhs_2016_timing_swap/results_server1
Namespace: ns-2
Auto-restart: after 3 consecutive failures

Starting sweep at 2026-07-24T14:48:49.200078...
------------------------------------------------------------
Initial cleanup - stopping any running networks...
  Warning: stop command returned 1
    Warning: Immediate deletion does not wait for confirmation that the running resource has been terminated. The resource may continue to run on the cluster indefinitely.
Unable to connect to the server:
  Cooldown 30s...
[1/24] Running sweep_0051...
  Injecting sweep config...
  Injecting network metadata...
  Stopping previous network...
  Cooldown 30s...
  Deploying network...
  Waiting 45s for nodes to start...
  Network deployed with 60 pods
  Deploying scenario commander...
  Waiting for scenario completion (up to 16600s)...
    Found commander pod: commander-partitionminerwithpools-1784919090
    Still waiting... (720s elapsed, pod: Running)
    Still waiting... (2880s elapsed, pod: Running)
    Still waiting... (3600s elapsed, pod: Running)
    Still waiting... (4320s elapsed, pod: Running)
    Still waiting... (5670s elapsed, pod: Running)
    Still waiting... (6390s elapsed, pod: Running)
    Still waiting... (7740s elapsed, pod: Running)
    Still waiting... (8460s elapsed, pod: Running)
    Still waiting... (9810s elapsed, pod: Running)
    Still waiting... (11160s elapsed, pod: Running)
    Still waiting... (12510s elapsed, pod: Running)
    Pod status: Succeeded after 13129s
  Extracting results...
  Results extracted successfully
  OK (13220s) - ETA: 3 days, 12:27:37
[2/24] Running sweep_0052...
  Injecting sweep config...
  Injecting network metadata...
  Stopping previous network...
  Cooldown 30s...
  Deploying network...
  Waiting 45s for nodes to start...
  Network deployed with 60 pods
  Deploying scenario commander...
  Waiting for scenario completion (up to 16600s)...
    Found commander pod: commander-partitionminerwithpools-1784932349
    Still waiting... (810s elapsed, pod: Running)
    Still waiting... (1530s elapsed, pod: Running)
    Still waiting... (2250s elapsed, pod: Running)
    Still waiting... (2970s elapsed, pod: Running)
    Still waiting... (3690s elapsed, pod: Running)
    Still waiting... (4410s elapsed, pod: Running)
    Still waiting... (5130s elapsed, pod: Running)
    Still waiting... (5850s elapsed, pod: Running)
    Still waiting... (6570s elapsed, pod: Running)
    Still waiting... (7290s elapsed, pod: Running)
    Still waiting... (8640s elapsed, pod: Running)
    Still waiting... (9990s elapsed, pod: Running)
    Still waiting... (10620s elapsed, pod: Running)
    Still waiting... (11970s elapsed, pod: Running)
    Still waiting... (12600s elapsed, pod: Running)
    Still waiting... (13230s elapsed, pod: Running)
    Pod status: Succeeded after 13666s
  Extracting results...
  Results extracted successfully
  OK (13797s) - ETA: 3 days, 10:33:04
[3/24] Running sweep_0053...
  Injecting sweep config...
  Injecting network metadata...
  Stopping previous network...
  Cooldown 30s...
  Deploying network...
  Waiting 45s for nodes to start...
  Network deployed with 60 pods
  Deploying scenario commander...
  Waiting for scenario completion (up to 16600s)...
    Found commander pod: commander-partitionminerwithpools-1784946206
    Still waiting... (1530s elapsed, pod: Running)
    Still waiting... (3600s elapsed, pod: Running)
    Still waiting... (4320s elapsed, pod: Running)
    Still waiting... (5670s elapsed, pod: Running)
    Still waiting... (6300s elapsed, pod: Running)
    Still waiting... (7020s elapsed, pod: Running)
    Still waiting... (7650s elapsed, pod: Running)
    Still waiting... (9000s elapsed, pod: Running)
    Still waiting... (9630s elapsed, pod: Running)
    Still waiting... (10980s elapsed, pod: Running)
    Still waiting... (12330s elapsed, pod: Running)
    Pod status: Succeeded after 13255s
  Extracting results...
  Results extracted successfully
  OK (13446s) - ETA: 3 days, 6:40:37
[4/24] Running sweep_0054...
  Injecting sweep config...
  Injecting network metadata...
  Stopping previous network...
  Cooldown 30s...
  Deploying network...
  Waiting 45s for nodes to start...
  Network deployed with 60 pods
  Deploying scenario commander...
  Waiting for scenario completion (up to 16600s)...
    Found commander pod: commander-partitionminerwithpools-1784959617
    Still waiting... (720s elapsed, pod: Running)
    Still waiting... (1440s elapsed, pod: Running)
    Still waiting... (2160s elapsed, pod: Running)
    Still waiting... (2880s elapsed, pod: Running)
    Still waiting... (3600s elapsed, pod: Running)
    Still waiting... (4950s elapsed, pod: Running)
    Still waiting... (6300s elapsed, pod: Running)
    Still waiting... (6930s elapsed, pod: Running)
    Still waiting... (8280s elapsed, pod: Running)
    Still waiting... (8910s elapsed, pod: Running)
    Still waiting... (9540s elapsed, pod: Running)
    Still waiting... (10170s elapsed, pod: Running)
    Still waiting... (10800s elapsed, pod: Running)
    Still waiting... (11430s elapsed, pod: Running)
    Still waiting... (12060s elapsed, pod: Running)
    Still waiting... (12690s elapsed, pod: Running)
  Scenario completed (found export marker) after 13107s
  Extracting results...
  Results extracted successfully
  OK (13262s) - ETA: 3 days, 2:37:02
[5/24] Running sweep_0055...
  Injecting sweep config...
  Injecting network metadata...
  Stopping previous network...
  Cooldown 30s...
  Deploying network...
  Waiting 45s for nodes to start...
  Network deployed with 60 pods
  Deploying scenario commander...
  Waiting for scenario completion (up to 16600s)...
    Found commander pod: commander-partitionminerwithpools-1784972855
    Still waiting... (2250s elapsed, pod: Running)
    Still waiting... (2970s elapsed, pod: Running)
    Still waiting... (3690s elapsed, pod: Running)
    Still waiting... (4410s elapsed, pod: Running)
    Still waiting... (5130s elapsed, pod: Running)
    Still waiting... (5850s elapsed, pod: Running)
    Still waiting... (6570s elapsed, pod: Running)
    Still waiting... (7290s elapsed, pod: Running)
    Still waiting... (8010s elapsed, pod: Running)
    Still waiting... (8730s elapsed, pod: Running)
    Still waiting... (9450s elapsed, pod: Running)
    Still waiting... (10170s elapsed, pod: Running)
    Still waiting... (10890s elapsed, pod: Running)
    Still waiting... (12240s elapsed, pod: Running)
    Still waiting... (12960s elapsed, pod: Running)
    Still waiting... (13680s elapsed, pod: Running)
    Pod status: Succeeded after 13721s
  Extracting results...
  Results extracted successfully
  OK (13852s) - ETA: 2 days, 23:19:51
[6/24] Running sweep_0056...
  Injecting sweep config...
  Injecting network metadata...
  Stopping previous network...
  Cooldown 30s...
  Deploying network...
  Waiting 45s for nodes to start...
  Network deployed with 60 pods
  Deploying scenario commander...
  Waiting for scenario completion (up to 16600s)...
    Found commander pod: commander-partitionminerwithpools-1784986712
    Still waiting... (2250s elapsed, pod: Running)
    Still waiting... (2970s elapsed, pod: Running)
    Still waiting... (3690s elapsed, pod: Running)
    Still waiting... (4410s elapsed, pod: Running)
    Still waiting... (5130s elapsed, pod: Running)
    Still waiting... (5850s elapsed, pod: Running)
    Still waiting... (6570s elapsed, pod: Running)
    Still waiting... (7290s elapsed, pod: Running)
    Still waiting... (8010s elapsed, pod: Running)
    Still waiting... (9360s elapsed, pod: Running)
    Still waiting... (10080s elapsed, pod: Running)
    Still waiting... (10800s elapsed, pod: Running)
    Still waiting... (11520s elapsed, pod: Running)
    Still waiting... (12870s elapsed, pod: Running)
    Still waiting... (13590s elapsed, pod: Running)
    Pod status: Succeeded after 13733s
  Extracting results...
  Results extracted successfully
  OK (13893s) - ETA: 2 days, 19:53:29
[7/24] Running sweep_0057...
  Injecting sweep config...
  Injecting network metadata...
  Stopping previous network...
  Cooldown 30s...
  Deploying network...
  Waiting 45s for nodes to start...
  Network deployed with 60 pods
  Deploying scenario commander...
  Waiting for scenario completion (up to 16600s)...
    Found commander pod: commander-partitionminerwithpools-1785000635
    Still waiting... (1530s elapsed, pod: Running)
    Still waiting... (2250s elapsed, pod: Running)
    Still waiting... (2970s elapsed, pod: Running)
    Still waiting... (4320s elapsed, pod: Running)
    Still waiting... (5040s elapsed, pod: Running)
    Still waiting... (5670s elapsed, pod: Running)
    Still waiting... (7020s elapsed, pod: Running)
    Still waiting... (7650s elapsed, pod: Running)
    Still waiting... (9000s elapsed, pod: Running)
    Still waiting... (9630s elapsed, pod: Running)
    Still waiting... (11610s elapsed, pod: Running)
    Still waiting... (12240s elapsed, pod: Running)
    Still waiting... (12870s elapsed, pod: Running)
  Scenario completed (found export marker) after 13439s
  Extracting results...
  Results extracted successfully
  OK (13605s) - ETA: 2 days, 16:08:15
[8/24] Running sweep_0058...
  Injecting sweep config...
  Injecting network metadata...
  Stopping previous network...
  Cooldown 30s...
  Deploying network...
  Waiting 45s for nodes to start...
  Network deployed with 60 pods
  Deploying scenario commander...
  Waiting for scenario completion (up to 16600s)...
    Found commander pod: commander-partitionminerwithpools-1785014235
    Still waiting... (1530s elapsed, pod: Running)
    Still waiting... (2250s elapsed, pod: Running)
    Still waiting... (3600s elapsed, pod: Running)
    Still waiting... (4320s elapsed, pod: Running)
    Still waiting... (5670s elapsed, pod: Running)
    Still waiting... (7020s elapsed, pod: Running)
    Still waiting... (8370s elapsed, pod: Running)
    Still waiting... (9720s elapsed, pod: Running)
    Still waiting... (10350s elapsed, pod: Running)
    Still waiting... (11700s elapsed, pod: Running)
    Still waiting... (12330s elapsed, pod: Running)
  Scenario completed (found export marker) after 13254s
  Extracting results...
  Results extracted successfully
  OK (13437s) - ETA: 2 days, 12:17:02
[9/24] Running sweep_0059...
  Injecting sweep config...
  Injecting network metadata...
  Stopping previous network...
  Cooldown 30s...
  Deploying network...
  Waiting 45s for nodes to start...
  Network deployed with 60 pods
  Deploying scenario commander...
  Waiting for scenario completion (up to 16600s)...
    Found commander pod: commander-partitionminerwithpools-1785027652
    Still waiting... (810s elapsed, pod: Running)
    Still waiting... (1530s elapsed, pod: Running)
    Still waiting... (2250s elapsed, pod: Running)
    Still waiting... (2970s elapsed, pod: Running)
    Still waiting... (3690s elapsed, pod: Running)
    Still waiting... (5760s elapsed, pod: Running)
    Still waiting... (6480s elapsed, pod: Running)
    Still waiting... (7830s elapsed, pod: Running)
    Still waiting... (8550s elapsed, pod: Running)
    Still waiting... (9900s elapsed, pod: Running)
    Still waiting... (11250s elapsed, pod: Running)
    Still waiting... (11970s elapsed, pod: Running)
    Still waiting... (12600s elapsed, pod: Running)
  Scenario completed (found export marker) after 13859s
  Extracting results...
  Results extracted successfully
  OK (14000s) - ETA: 2 days, 8:43:04
[10/24] Running sweep_0060...
  Injecting sweep config...
  Injecting network metadata...
  Stopping previous network...
  Cooldown 30s...
  Deploying network...
  Waiting 45s for nodes to start...
  Network deployed with 60 pods
  Deploying scenario commander...
  Waiting for scenario completion (up to 16600s)...
    Found commander pod: commander-partitionminerwithpools-1785041708
    Still waiting... (2250s elapsed, pod: Running)
    Still waiting... (2970s elapsed, pod: Running)
    Still waiting... (3690s elapsed, pod: Running)
    Still waiting... (4410s elapsed, pod: Running)
    Still waiting... (5130s elapsed, pod: Running)
    Still waiting... (5850s elapsed, pod: Running)
    Still waiting... (6570s elapsed, pod: Running)
    Still waiting... (7290s elapsed, pod: Running)
    Still waiting... (10080s elapsed, pod: Running)
    Still waiting... (10800s elapsed, pod: Running)
    Still waiting... (11520s elapsed, pod: Running)
    Still waiting... (12240s elapsed, pod: Running)
    Pod status: Succeeded after 13417s
  Extracting results...
  Results extracted successfully
  OK (13680s) - ETA: 2 days, 4:57:47
[11/24] Running sweep_0061...
  Injecting sweep config...
  Injecting network metadata...
  Stopping previous network...
  Cooldown 30s...
  Deploying network...
  Waiting 45s for nodes to start...
  Network deployed with 60 pods
  Deploying scenario commander...
  Waiting for scenario completion (up to 16600s)...
    Found commander pod: commander-partitionminerwithpools-1785055598
    Still waiting... (810s elapsed, pod: Running)
    Still waiting... (1530s elapsed, pod: Running)
    Still waiting... (2250s elapsed, pod: Running)
    Still waiting... (2970s elapsed, pod: Running)
    Still waiting... (3690s elapsed, pod: Running)
    Still waiting... (4410s elapsed, pod: Running)
    Still waiting... (5130s elapsed, pod: Running)
    Still waiting... (6480s elapsed, pod: Running)
    Still waiting... (7200s elapsed, pod: Running)
    Still waiting... (7830s elapsed, pod: Running)
    Still waiting... (8550s elapsed, pod: Running)
    Still waiting... (9180s elapsed, pod: Running)
    Still waiting... (9900s elapsed, pod: Running)
    Still waiting... (10530s elapsed, pod: Running)
    Still waiting... (11880s elapsed, pod: Running)
    Still waiting... (12510s elapsed, pod: Running)
  Scenario completed (found export marker) after 13546s
  Extracting results...
  Results extracted successfully
  OK (13976s) - ETA: 2 days, 1:17:50
[12/24] Running sweep_0062...
  Injecting sweep config...
  Injecting network metadata...
  Stopping previous network...
  Cooldown 30s...
  Deploying network...
  Waiting 45s for nodes to start...
  Network deployed with 60 pods
  Deploying scenario commander...
  Waiting for scenario completion (up to 16600s)...
    Found commander pod: commander-partitionminerwithpools-1785069473
    Still waiting... (810s elapsed, pod: Running)
    Still waiting... (1530s elapsed, pod: Running)
    Still waiting... (2250s elapsed, pod: Running)
    Still waiting... (2970s elapsed, pod: Running)
    Still waiting... (3690s elapsed, pod: Running)
    Still waiting... (4410s elapsed, pod: Running)
    Still waiting... (5130s elapsed, pod: Running)
    Still waiting... (5850s elapsed, pod: Running)
    Still waiting... (6570s elapsed, pod: Running)
    Still waiting... (7290s elapsed, pod: Running)
    Still waiting... (8640s elapsed, pod: Running)
    Still waiting... (9360s elapsed, pod: Running)
    Still waiting... (10080s elapsed, pod: Running)
    Still waiting... (11430s elapsed, pod: Running)
    Still waiting... (12150s elapsed, pod: Running)
    Still waiting... (13500s elapsed, pod: Running)
    Pod status: Succeeded after 13683s
  Extracting results...
  Results extracted successfully
  OK (14069s) - ETA: 1 day, 21:37:16
[13/24] Running sweep_0063...
  Injecting sweep config...
  Injecting network metadata...
  Stopping previous network...
  Cooldown 30s...
  Deploying network...
  Waiting 45s for nodes to start...
  Network deployed with 60 pods
  Deploying scenario commander...
  Waiting for scenario completion (up to 16600s)...
    Found commander pod: commander-partitionminerwithpools-1785083564
    Still waiting... (1530s elapsed, pod: Running)
    Still waiting... (2250s elapsed, pod: Running)
    Still waiting... (2970s elapsed, pod: Running)
    Still waiting... (4320s elapsed, pod: Running)
    Still waiting... (5040s elapsed, pod: Running)
    Still waiting... (6390s elapsed, pod: Running)
    Still waiting... (7110s elapsed, pod: Running)
    Still waiting... (8460s elapsed, pod: Running)
    Still waiting... (9810s elapsed, pod: Running)
    Still waiting... (11160s elapsed, pod: Running)
    Still waiting... (11790s elapsed, pod: Running)
    Pod status: Succeeded after 13079s
  Extracting results...
  Results extracted successfully
  OK (13430s) - ETA: 1 day, 17:45:32
[14/24] Running sweep_0064...
  Injecting sweep config...
  Injecting network metadata...
  Stopping previous network...
  Cooldown 30s...
  Deploying network...
  Waiting 45s for nodes to start...
  Network deployed with 60 pods
  Deploying scenario commander...
  Waiting for scenario completion (up to 16600s)...
    Found commander pod: commander-partitionminerwithpools-1785096938
    Still waiting... (810s elapsed, pod: Running)
    Still waiting... (1530s elapsed, pod: Running)
    Still waiting... (2250s elapsed, pod: Running)
    Still waiting... (5850s elapsed, pod: Running)
    Still waiting... (6570s elapsed, pod: Running)
    Still waiting... (7920s elapsed, pod: Running)
    Still waiting... (8640s elapsed, pod: Running)
    Still waiting... (9990s elapsed, pod: Running)
    Still waiting... (11340s elapsed, pod: Running)
    Still waiting... (12690s elapsed, pod: Running)
    Still waiting... (13320s elapsed, pod: Running)
    Pod status: Succeeded after 13645s
  Extracting results...
  Results extracted successfully
  OK (13921s) - ETA: 1 day, 14:00:48
[15/24] Running sweep_0065...
  Injecting sweep config...
  Injecting network metadata...
  Stopping previous network...
  Cooldown 30s...
  Deploying network...
  Waiting 45s for nodes to start...
  Network deployed with 60 pods
  Deploying scenario commander...
  Waiting for scenario completion (up to 16600s)...
    Found commander pod: commander-partitionminerwithpools-1785110742
    Still waiting... (810s elapsed, pod: Running)
    Still waiting... (1530s elapsed, pod: Running)
    Still waiting... (2250s elapsed, pod: Running)
    Still waiting... (2970s elapsed, pod: Running)
    Still waiting... (3690s elapsed, pod: Running)
    Still waiting... (4410s elapsed, pod: Running)
    Still waiting... (5130s elapsed, pod: Running)
    Still waiting... (5850s elapsed, pod: Running)
    Still waiting... (7200s elapsed, pod: Running)
    Still waiting... (7920s elapsed, pod: Running)
    Still waiting... (8640s elapsed, pod: Running)
    Still waiting... (9270s elapsed, pod: Running)
    Still waiting... (9990s elapsed, pod: Running)
    Still waiting... (10710s elapsed, pod: Running)
    Still waiting... (11340s elapsed, pod: Running)
    Still waiting... (12060s elapsed, pod: Running)
    Still waiting... (12690s elapsed, pod: Running)
    Pod status: Succeeded after 13187s
  Extracting results...
  Results extracted successfully
  OK (13342s) - ETA: 1 day, 10:09:17
[16/24] Running sweep_0066...
  Injecting sweep config...
  Injecting network metadata...
  Stopping previous network...
  Cooldown 30s...
  Deploying network...
  Waiting 45s for nodes to start...
  Network deployed with 60 pods
  Deploying scenario commander...
  Waiting for scenario completion (up to 16600s)...
    Found commander pod: commander-partitionminerwithpools-1785124058
    Still waiting... (810s elapsed, pod: Running)
    Still waiting... (1530s elapsed, pod: Running)
    Still waiting... (2250s elapsed, pod: Running)
    Still waiting... (2970s elapsed, pod: Running)
    Still waiting... (3690s elapsed, pod: Running)
    Still waiting... (4410s elapsed, pod: Running)
    Still waiting... (5130s elapsed, pod: Running)
    Still waiting... (5850s elapsed, pod: Running)
    Still waiting... (6570s elapsed, pod: Running)
    Still waiting... (7290s elapsed, pod: Running)
    Still waiting... (7920s elapsed, pod: Running)
    Still waiting... (8640s elapsed, pod: Running)
    Still waiting... (9360s elapsed, pod: Running)
    Still waiting... (9990s elapsed, pod: Running)
    Still waiting... (10710s elapsed, pod: Running)
    Still waiting... (12060s elapsed, pod: Running)
    Still waiting... (12780s elapsed, pod: Running)
  Scenario completed (found export marker) after 13400s
  Extracting results...
  Results extracted successfully
  OK (13532s) - ETA: 1 day, 6:20:30
[17/24] Running sweep_0067...
  Injecting sweep config...
  Injecting network metadata...
  Stopping previous network...
  Cooldown 30s...
  Deploying network...
  Waiting 45s for nodes to start...
  Network deployed with 60 pods
  Deploying scenario commander...
  Waiting for scenario completion (up to 16600s)...
    Found commander pod: commander-partitionminerwithpools-1785137869
    Still waiting... (810s elapsed, pod: Running)
    Still waiting... (1530s elapsed, pod: Running)
    Still waiting... (2250s elapsed, pod: Running)
    Still waiting... (2970s elapsed, pod: Running)
    Still waiting... (3690s elapsed, pod: Running)
    Still waiting... (4410s elapsed, pod: Running)
    Still waiting... (5130s elapsed, pod: Running)
    Still waiting... (5850s elapsed, pod: Running)
    Still waiting... (6570s elapsed, pod: Running)
    Still waiting... (7200s elapsed, pod: Running)
    Still waiting... (7920s elapsed, pod: Running)
    Still waiting... (8640s elapsed, pod: Running)
    Still waiting... (9990s elapsed, pod: Running)
    Still waiting... (11340s elapsed, pod: Running)
    Still waiting... (12060s elapsed, pod: Running)
    Still waiting... (13410s elapsed, pod: Running)
    Pod status: Succeeded after 13461s
  Extracting results...
  Results extracted successfully
  OK (13900s) - ETA: 1 day, 2:34:38
[18/24] Running sweep_0068...
  Injecting sweep config...
  Injecting network metadata...
  Stopping previous network...
  Cooldown 30s...
  Deploying network...
  Waiting 45s for nodes to start...
  Network deployed with 60 pods
  Deploying scenario commander...
  Waiting for scenario completion (up to 16600s)...
    Found commander pod: commander-partitionminerwithpools-1785151515
    Still waiting... (810s elapsed, pod: Running)
    Still waiting... (1530s elapsed, pod: Running)
    Still waiting... (3060s elapsed, pod: Running)
    Still waiting... (3780s elapsed, pod: Running)
    Still waiting... (4500s elapsed, pod: Running)
    Still waiting... (5220s elapsed, pod: Running)
    Still waiting... (6570s elapsed, pod: Running)
    Still waiting... (7290s elapsed, pod: Running)
    Still waiting... (8640s elapsed, pod: Running)
    Still waiting... (9360s elapsed, pod: Running)
    Still waiting... (9990s elapsed, pod: Running)
    Still waiting... (10710s elapsed, pod: Running)
    Still waiting... (11340s elapsed, pod: Running)
    Still waiting... (12060s elapsed, pod: Running)
    Still waiting... (12690s elapsed, pod: Running)
    Pod status: Succeeded after 13319s
  Extracting results...
  Results extracted successfully
  OK (13504s) - ETA: 22:45:55
[19/24] Running sweep_0069...
  Injecting sweep config...
  Injecting network metadata...
  Stopping previous network...
  Cooldown 30s...
  Deploying network...
  Waiting 45s for nodes to start...
  Network deployed with 60 pods
  Deploying scenario commander...
  Waiting for scenario completion (up to 16600s)...
    Found commander pod: commander-partitionminerwithpools-1785164973
    Still waiting... (810s elapsed, pod: Running)
    Still waiting... (1530s elapsed, pod: Running)
    Still waiting... (3060s elapsed, pod: Running)
    Still waiting... (3780s elapsed, pod: Running)
    Still waiting... (4500s elapsed, pod: Running)
    Still waiting... (5220s elapsed, pod: Running)
    Still waiting... (5940s elapsed, pod: Running)
    Still waiting... (6660s elapsed, pod: Running)
    Still waiting... (8730s elapsed, pod: Running)
    Still waiting... (9450s elapsed, pod: Running)
    Still waiting... (10800s elapsed, pod: Running)
    Still waiting... (11520s elapsed, pod: Running)
    Still waiting... (12150s elapsed, pod: Running)
    Still waiting... (12870s elapsed, pod: Running)
    Still waiting... (13500s elapsed, pod: Running)
    Pod status: Succeeded after 14068s
  Extracting results...
  Results extracted successfully
  OK (14175s) - ETA: 19:00:31
[20/24] Running sweep_0070...
  Injecting sweep config...
  Injecting network metadata...
  Stopping previous network...
  Cooldown 30s...
  Deploying network...
  Waiting 45s for nodes to start...
  Network deployed with 60 pods
  Deploying scenario commander...
  Waiting for scenario completion (up to 16600s)...
    Found commander pod: commander-partitionminerwithpools-1785179187
    Still waiting... (810s elapsed, pod: Running)
    Still waiting... (1530s elapsed, pod: Running)
    Still waiting... (2250s elapsed, pod: Running)
    Still waiting... (2970s elapsed, pod: Running)
    Still waiting... (4500s elapsed, pod: Running)
    Still waiting... (5220s elapsed, pod: Running)
    Still waiting... (5940s elapsed, pod: Running)
    Still waiting... (6660s elapsed, pod: Running)
    Still waiting... (7380s elapsed, pod: Running)
    Still waiting... (8100s elapsed, pod: Running)
    Still waiting... (8820s elapsed, pod: Running)
    Still waiting... (9540s elapsed, pod: Running)
    Still waiting... (10260s elapsed, pod: Running)
    Still waiting... (12330s elapsed, pod: Running)
    Still waiting... (13050s elapsed, pod: Running)
  Scenario completed (found export marker) after 13283s
  Extracting results...
  Results extracted successfully
  OK (13499s) - ETA: 15:11:48
[21/24] Running sweep_0071...
  Injecting sweep config...
  Injecting network metadata...
  Stopping previous network...
  Cooldown 30s...
  Deploying network...
  Waiting 45s for nodes to start...
  Network deployed with 60 pods
  Deploying scenario commander...
  Waiting for scenario completion (up to 16600s)...
    Found commander pod: commander-partitionminerwithpools-1785192666
    Still waiting... (810s elapsed, pod: Running)
    Still waiting... (1530s elapsed, pod: Running)
    Still waiting... (2250s elapsed, pod: Running)
    Still waiting... (2970s elapsed, pod: Running)
    Still waiting... (3690s elapsed, pod: Running)
    Still waiting... (4410s elapsed, pod: Running)
    Still waiting... (5130s elapsed, pod: Running)
    Still waiting... (5850s elapsed, pod: Running)
    Still waiting... (7200s elapsed, pod: Running)
    Still waiting... (7920s elapsed, pod: Running)
    Still waiting... (8640s elapsed, pod: Running)
    Still waiting... (9990s elapsed, pod: Running)
    Still waiting... (10710s elapsed, pod: Running)
    Still waiting... (11430s elapsed, pod: Running)
    Still waiting... (12060s elapsed, pod: Running)
    Still waiting... (12780s elapsed, pod: Running)
    Pod status: Succeeded after 13409s
  Extracting results...
  Results extracted successfully
  OK (13537s) - ETA: 11:23:30
[22/24] Running sweep_0072...
  Injecting sweep config...
  Injecting network metadata...
  Stopping previous network...
  Cooldown 30s...
  Deploying network...
  Waiting 45s for nodes to start...
  Network deployed with 60 pods
  Deploying scenario commander...
  Waiting for scenario completion (up to 16600s)...
    Found commander pod: commander-partitionminerwithpools-1785206220
    Still waiting... (1530s elapsed, pod: Running)
    Still waiting... (2250s elapsed, pod: Running)
    Still waiting... (2970s elapsed, pod: Running)
    Still waiting... (3690s elapsed, pod: Running)
    Still waiting... (4410s elapsed, pod: Running)
    Still waiting... (5130s elapsed, pod: Running)
    Still waiting... (5850s elapsed, pod: Running)
    Still waiting... (7200s elapsed, pod: Running)
    Still waiting... (7920s elapsed, pod: Running)
    Still waiting... (9270s elapsed, pod: Running)
    Still waiting... (9990s elapsed, pod: Running)
    Still waiting... (10620s elapsed, pod: Running)
    Still waiting... (11340s elapsed, pod: Running)
    Still waiting... (12690s elapsed, pod: Running)
    Pod status: Succeeded after 13146s
  Extracting results...
  Results extracted successfully
  OK (13321s) - ETA: 7:35:08
[23/24] Running sweep_0073...
  Injecting sweep config...
  Injecting network metadata...
  Stopping previous network...
  Cooldown 30s...
  Deploying network...
  Waiting 45s for nodes to start...
  Network deployed with 60 pods
  Deploying scenario commander...
  Waiting for scenario completion (up to 16600s)...
    Found commander pod: commander-partitionminerwithpools-1785219553
    Still waiting... (810s elapsed, pod: Running)
    Still waiting... (1530s elapsed, pod: Running)
    Still waiting... (3060s elapsed, pod: Running)
    Still waiting... (3780s elapsed, pod: Running)
    Still waiting... (4500s elapsed, pod: Running)
    Still waiting... (5220s elapsed, pod: Running)
    Still waiting... (5940s elapsed, pod: Running)
    Still waiting... (6660s elapsed, pod: Running)
    Still waiting... (7380s elapsed, pod: Running)
    Still waiting... (8100s elapsed, pod: Running)
    Still waiting... (8820s elapsed, pod: Running)
    Still waiting... (9540s elapsed, pod: Running)
    Still waiting... (10260s elapsed, pod: Running)
    Still waiting... (10980s elapsed, pod: Running)
    Still waiting... (11700s elapsed, pod: Running)
    Still waiting... (12420s elapsed, pod: Running)
    Still waiting... (13140s elapsed, pod: Running)
    Pod status: Succeeded after 13242s
  Extracting results...
  Results extracted successfully
  OK (13397s) - ETA: 3:47:23
[24/24] Running sweep_0074...
  Injecting sweep config...
  Injecting network metadata...
  Stopping previous network...
  Cooldown 30s...
  Deploying network...
  Waiting 45s for nodes to start...
  Network deployed with 60 pods
  Deploying scenario commander...
  Waiting for scenario completion (up to 16600s)...
    Found commander pod: commander-partitionminerwithpools-1785232953
    Still waiting... (810s elapsed, pod: Running)
    Still waiting... (1530s elapsed, pod: Running)
    Still waiting... (2250s elapsed, pod: Running)
    Still waiting... (2970s elapsed, pod: Running)
    Still waiting... (3690s elapsed, pod: Running)
    Still waiting... (4410s elapsed, pod: Running)
    Still waiting... (5130s elapsed, pod: Running)
    Still waiting... (5850s elapsed, pod: Running)
    Still waiting... (7200s elapsed, pod: Running)
    Still waiting... (7920s elapsed, pod: Running)
    Still waiting... (8640s elapsed, pod: Running)
    Still waiting... (9990s elapsed, pod: Running)
    Still waiting... (10710s elapsed, pod: Running)
    Still waiting... (12060s elapsed, pod: Running)
    Still waiting... (12780s elapsed, pod: Running)
    Pod status: Succeeded after 13511s
  Extracting results...
  Results extracted successfully
  OK (13730s) - ETA: 0:00:00

============================================================
Final cleanup - ensuring cluster is clean...
============================================================
  Force cleaning cluster...
  Cluster is clean

============================================================
Sweep Complete!
============================================================
Completed: 30
Failed: 0
Total time: 3 days, 18:59:13
Results saved to: /home/pfoy/bitcoin/warnetScenarioDiscovery/tools/sweep/lhs_2016_timing_swap/results_server1

Next step: python 4_analyze_results.py --input /home/pfoy/bitcoin/warnetScenarioDiscovery/tools/sweep/lhs_2016_timing_swap/results_server1
