Filtered to 25 specified scenarios

============================================================
Parameter Sweep Runner
============================================================
Total scenarios: 25
Already completed: 6
Pending: 24
Duration per scenario: 13000s (217 min)
Startup wait: 45s
Estimated total time: 87.0 hours
Results directory: /home/pfoy/bitcoin/warnetScenarioDiscovery/tools/sweep/lhs_2016_timing_swap/results_server1
Namespace: ns-4
Auto-restart: after 3 consecutive failures

Starting sweep at 2026-07-24T14:48:49.197315...
------------------------------------------------------------
Initial cleanup - stopping any running networks...
  Warning: stop command returned 1
    Warning: Immediate deletion does not wait for confirmation that the running resource has been terminated. The resource may continue to run on the cluster indefinitely.
Unable to connect to the server:
  Cooldown 30s...
[1/24] Running sweep_0101...
  Injecting sweep config...
  Injecting network metadata...
  Stopping previous network...
  Cooldown 30s...
  Deploying network...
  Waiting 45s for nodes to start...
  Network deployed with 60 pods
  Deploying scenario commander...
  Waiting for scenario completion (up to 16600s)...
    Found commander pod: commander-partitionminerwithpools-1784919090
    Still waiting... (720s elapsed, pod: Running)
    Still waiting... (1440s elapsed, pod: Running)
    Still waiting... (2160s elapsed, pod: Running)
    Still waiting... (3510s elapsed, pod: Running)
    Still waiting... (4230s elapsed, pod: Running)
    Still waiting... (5580s elapsed, pod: Running)
    Still waiting... (6300s elapsed, pod: Running)
    Still waiting... (6930s elapsed, pod: Running)
    Still waiting... (8280s elapsed, pod: Running)
    Still waiting... (8910s elapsed, pod: Running)
    Still waiting... (9540s elapsed, pod: Running)
    Still waiting... (12150s elapsed, pod: Running)
    Still waiting... (12780s elapsed, pod: Running)
    Pod status: Succeeded after 13156s
  Extracting results...
  Results extracted successfully
  OK (13247s) - ETA: 3 days, 12:37:59
[2/24] Running sweep_0102...
  Injecting sweep config...
  Injecting network metadata...
  Stopping previous network...
  Cooldown 30s...
  Deploying network...
  Waiting 45s for nodes to start...
  Network deployed with 60 pods
  Deploying scenario commander...
  Waiting for scenario completion (up to 16600s)...
    Found commander pod: commander-partitionminerwithpools-1784932384
    Still waiting... (1530s elapsed, pod: Running)
    Still waiting... (3600s elapsed, pod: Running)
    Still waiting... (4320s elapsed, pod: Running)
    Still waiting... (5670s elapsed, pod: Running)
    Still waiting... (6390s elapsed, pod: Running)
    Still waiting... (7020s elapsed, pod: Running)
    Still waiting... (7740s elapsed, pod: Running)
    Still waiting... (8370s elapsed, pod: Running)
    Still waiting... (9090s elapsed, pod: Running)
    Still waiting... (9720s elapsed, pod: Running)
    Still waiting... (10350s elapsed, pod: Running)
    Still waiting... (11070s elapsed, pod: Running)
    Still waiting... (11700s elapsed, pod: Running)
    Still waiting... (13050s elapsed, pod: Running)
  Scenario completed (found export marker) after 13365s
  Extracting results...
  Results extracted successfully
  OK (13503s) - ETA: 3 days, 9:44:04
[3/24] Running sweep_0103...
  Injecting sweep config...
  Injecting network metadata...
  Stopping previous network...
  Cooldown 30s...
  Deploying network...
  Waiting 45s for nodes to start...
  Network deployed with 60 pods
  Deploying scenario commander...
  Waiting for scenario completion (up to 16600s)...
    Found commander pod: commander-partitionminerwithpools-1784945903
    Still waiting... (2250s elapsed, pod: Running)
    Still waiting... (2970s elapsed, pod: Running)
    Still waiting... (3690s elapsed, pod: Running)
    Still waiting... (4410s elapsed, pod: Running)
    Still waiting... (5130s elapsed, pod: Running)
    Still waiting... (5850s elapsed, pod: Running)
    Still waiting... (6570s elapsed, pod: Running)
    Still waiting... (7290s elapsed, pod: Running)
    Still waiting... (8010s elapsed, pod: Running)
    Still waiting... (8730s elapsed, pod: Running)
    Still waiting... (9450s elapsed, pod: Running)
    Still waiting... (10170s elapsed, pod: Running)
    Still waiting... (11520s elapsed, pod: Running)
    Still waiting... (12240s elapsed, pod: Running)
    Still waiting... (12960s elapsed, pod: Running)
    Pod status: Succeeded after 13204s
  Extracting results...
  Results extracted successfully
  OK (13358s) - ETA: 3 days, 5:59:13
[4/24] Running sweep_0104...
  Injecting sweep config...
  Injecting network metadata...
  Stopping previous network...
  Cooldown 30s...
  Deploying network...
  Waiting 45s for nodes to start...
  Network deployed with 60 pods
  Deploying scenario commander...
  Waiting for scenario completion (up to 16600s)...
    Found commander pod: commander-partitionminerwithpools-1784959440
    Still waiting... (720s elapsed, pod: Running)
    Still waiting... (2160s elapsed, pod: Running)
    Still waiting... (2880s elapsed, pod: Running)
    Still waiting... (3600s elapsed, pod: Running)
    Still waiting... (4320s elapsed, pod: Running)
    Still waiting... (5040s elapsed, pod: Running)
    Still waiting... (5760s elapsed, pod: Running)
    Still waiting... (7830s elapsed, pod: Running)
    Still waiting... (8550s elapsed, pod: Running)
    Still waiting... (9270s elapsed, pod: Running)
    Still waiting... (9900s elapsed, pod: Running)
    Still waiting... (10620s elapsed, pod: Running)
    Still waiting... (11340s elapsed, pod: Running)
    Still waiting... (11970s elapsed, pod: Running)
    Still waiting... (12690s elapsed, pod: Running)
    Pod status: Succeeded after 13238s
  Extracting results...
  Results extracted successfully
  OK (13593s) - ETA: 3 days, 2:35:02
[5/24] Running sweep_0105...
  Injecting sweep config...
  Injecting network metadata...
  Stopping previous network...
  Cooldown 30s...
  Deploying network...
  Waiting 45s for nodes to start...
  Network deployed with 60 pods
  Deploying scenario commander...
  Waiting for scenario completion (up to 16600s)...
    Found commander pod: commander-partitionminerwithpools-1784972831
    Still waiting... (810s elapsed, pod: Running)
    Still waiting... (1530s elapsed, pod: Running)
    Still waiting... (2250s elapsed, pod: Running)
    Still waiting... (2970s elapsed, pod: Running)
    Still waiting... (3690s elapsed, pod: Running)
    Still waiting... (4410s elapsed, pod: Running)
    Still waiting... (5130s elapsed, pod: Running)
    Still waiting... (5850s elapsed, pod: Running)
    Still waiting... (6570s elapsed, pod: Running)
    Still waiting... (7290s elapsed, pod: Running)
    Still waiting... (8010s elapsed, pod: Running)
    Still waiting... (9360s elapsed, pod: Running)
    Still waiting... (10080s elapsed, pod: Running)
    Still waiting... (10800s elapsed, pod: Running)
    Still waiting... (11520s elapsed, pod: Running)
    Still waiting... (12150s elapsed, pod: Running)
    Still waiting... (12870s elapsed, pod: Running)
    Still waiting... (13590s elapsed, pod: Running)
    Pod status: Succeeded after 13824s
  Extracting results...
  Results extracted successfully
  OK (13955s) - ETA: 2 days, 23:24:52
[6/24] Running sweep_0106...
  Injecting sweep config...
  Injecting network metadata...
  Stopping previous network...
  Cooldown 30s...
  Deploying network...
  Waiting 45s for nodes to start...
  Network deployed with 60 pods
  Deploying scenario commander...
  Waiting for scenario completion (up to 16600s)...
    Found commander pod: commander-partitionminerwithpools-1784986797
    Still waiting... (1530s elapsed, pod: Running)
    Still waiting... (2250s elapsed, pod: Running)
    Still waiting... (2970s elapsed, pod: Running)
    Still waiting... (3690s elapsed, pod: Running)
    Still waiting... (4410s elapsed, pod: Running)
    Still waiting... (5130s elapsed, pod: Running)
    Still waiting... (5850s elapsed, pod: Running)
    Still waiting... (6570s elapsed, pod: Running)
    Still waiting... (8640s elapsed, pod: Running)
    Still waiting... (9360s elapsed, pod: Running)
    Still waiting... (10080s elapsed, pod: Running)
    Still waiting... (11430s elapsed, pod: Running)
    Still waiting... (12150s elapsed, pod: Running)
    Still waiting... (12870s elapsed, pod: Running)
    Still waiting... (13500s elapsed, pod: Running)
    Pod status: Succeeded after 13621s
  Extracting results...
  Results extracted successfully
  OK (13763s) - ETA: 2 days, 19:50:57
[7/24] Running sweep_0107...
  Injecting sweep config...
  Injecting network metadata...
  Stopping previous network...
  Cooldown 30s...
  Deploying network...
  Waiting 45s for nodes to start...
  Network deployed with 60 pods
  Deploying scenario commander...
  Waiting for scenario completion (up to 16600s)...
    Found commander pod: commander-partitionminerwithpools-1785000540
    Still waiting... (810s elapsed, pod: Running)
    Still waiting... (1530s elapsed, pod: Running)
    Still waiting... (2250s elapsed, pod: Running)
    Still waiting... (2970s elapsed, pod: Running)
    Still waiting... (3690s elapsed, pod: Running)
    Still waiting... (4410s elapsed, pod: Running)
    Still waiting... (5130s elapsed, pod: Running)
    Still waiting... (5850s elapsed, pod: Running)
    Still waiting... (6570s elapsed, pod: Running)
    Still waiting... (7290s elapsed, pod: Running)
    Still waiting... (9360s elapsed, pod: Running)
    Still waiting... (10080s elapsed, pod: Running)
    Still waiting... (10800s elapsed, pod: Running)
    Still waiting... (12150s elapsed, pod: Running)
    Still waiting... (12870s elapsed, pod: Running)
    Pod status: Succeeded after 13245s
  Extracting results...
  Results extracted successfully
  OK (13371s) - ETA: 2 days, 15:56:44
[8/24] Running sweep_0108...
  Injecting sweep config...
  Injecting network metadata...
  Stopping previous network...
  Cooldown 30s...
  Deploying network...
  Waiting 45s for nodes to start...
  Network deployed with 60 pods
  Deploying scenario commander...
  Waiting for scenario completion (up to 16600s)...
    Found commander pod: commander-partitionminerwithpools-1785014154
    Still waiting... (810s elapsed, pod: Running)
    Still waiting... (1530s elapsed, pod: Running)
    Still waiting... (2250s elapsed, pod: Running)
    Still waiting... (2970s elapsed, pod: Running)
    Still waiting... (3690s elapsed, pod: Running)
    Still waiting... (5040s elapsed, pod: Running)
    Still waiting... (5760s elapsed, pod: Running)
    Still waiting... (6390s elapsed, pod: Running)
    Still waiting... (7110s elapsed, pod: Running)
    Still waiting... (8460s elapsed, pod: Running)
    Still waiting... (9810s elapsed, pod: Running)
    Still waiting... (10530s elapsed, pod: Running)
    Still waiting... (11160s elapsed, pod: Running)
    Still waiting... (12510s elapsed, pod: Running)
    Still waiting... (13140s elapsed, pod: Running)
    Pod status: Succeeded after 13668s
  Extracting results...
  Results extracted successfully
  OK (14033s) - ETA: 2 days, 12:27:25
[9/24] Running sweep_0109...
  Injecting sweep config...
  Injecting network metadata...
  Stopping previous network...
  Cooldown 30s...
  Deploying network...
  Waiting 45s for nodes to start...
  Network deployed with 60 pods
  Deploying scenario commander...
  Waiting for scenario completion (up to 16600s)...
    Found commander pod: commander-partitionminerwithpools-1785028096
    Still waiting... (1530s elapsed, pod: Running)
    Still waiting... (2250s elapsed, pod: Running)
    Still waiting... (2970s elapsed, pod: Running)
    Still waiting... (3690s elapsed, pod: Running)
    Still waiting... (4410s elapsed, pod: Running)
    Still waiting... (5130s elapsed, pod: Running)
    Still waiting... (5850s elapsed, pod: Running)
    Still waiting... (6570s elapsed, pod: Running)
    Still waiting... (7290s elapsed, pod: Running)
    Still waiting... (8010s elapsed, pod: Running)
    Still waiting... (8730s elapsed, pod: Running)
    Still waiting... (9450s elapsed, pod: Running)
    Still waiting... (10170s elapsed, pod: Running)
    Still waiting... (10890s elapsed, pod: Running)
    Still waiting... (11520s elapsed, pod: Running)
    Still waiting... (12240s elapsed, pod: Running)
    Still waiting... (12960s elapsed, pod: Running)
    Pod status: Succeeded after 13356s
  Extracting results...
  Results extracted successfully
  OK (13636s) - ETA: 2 days, 8:41:38
[10/24] Running sweep_0110...
  Injecting sweep config...
  Injecting network metadata...
  Stopping previous network...
  Cooldown 30s...
  Deploying network...
  Waiting 45s for nodes to start...
  Network deployed with 60 pods
  Deploying scenario commander...
  Waiting for scenario completion (up to 16600s)...
    Found commander pod: commander-partitionminerwithpools-1785041600
    Still waiting... (810s elapsed, pod: Running)
    Still waiting... (2250s elapsed, pod: Running)
    Still waiting... (2970s elapsed, pod: Running)
    Still waiting... (3690s elapsed, pod: Running)
    Still waiting... (5040s elapsed, pod: Running)
    Still waiting... (5760s elapsed, pod: Running)
    Still waiting... (7110s elapsed, pod: Running)
    Still waiting... (8460s elapsed, pod: Running)
    Still waiting... (9090s elapsed, pod: Running)
    Still waiting... (9810s elapsed, pod: Running)
    Still waiting... (10440s elapsed, pod: Running)
    Still waiting... (11070s elapsed, pod: Running)
    Still waiting... (12420s elapsed, pod: Running)
    Still waiting... (13050s elapsed, pod: Running)
    Pod status: Succeeded after 13314s
  Extracting results...
  Results extracted successfully
  OK (13456s) - ETA: 2 days, 4:51:20
[11/24] Running sweep_0111...
  Injecting sweep config...
  Injecting network metadata...
  Stopping previous network...
  Cooldown 30s...
  Deploying network...
  Waiting 45s for nodes to start...
  Network deployed with 60 pods
  Deploying scenario commander...
  Waiting for scenario completion (up to 16600s)...
    Found commander pod: commander-partitionminerwithpools-1785055060
    Still waiting... (810s elapsed, pod: Running)
    Still waiting... (1530s elapsed, pod: Running)
    Still waiting... (2250s elapsed, pod: Running)
    Still waiting... (2970s elapsed, pod: Running)
    Still waiting... (3690s elapsed, pod: Running)
    Still waiting... (4410s elapsed, pod: Running)
    Still waiting... (5130s elapsed, pod: Running)
    Still waiting... (5850s elapsed, pod: Running)
    Still waiting... (7200s elapsed, pod: Running)
    Still waiting... (7920s elapsed, pod: Running)
    Still waiting... (8640s elapsed, pod: Running)
    Still waiting... (9270s elapsed, pod: Running)
    Still waiting... (9990s elapsed, pod: Running)
    Still waiting... (11340s elapsed, pod: Running)
    Still waiting... (12690s elapsed, pod: Running)
    Pod status: Succeeded after 13736s
  Extracting results...
  Results extracted successfully
  OK (13957s) - ETA: 2 days, 1:12:00
[12/24] Running sweep_0112...
  Injecting sweep config...
  Injecting network metadata...
  Stopping previous network...
  Cooldown 30s...
  Deploying network...
  Waiting 45s for nodes to start...
  Network deployed with 60 pods
  Deploying scenario commander...
  Waiting for scenario completion (up to 16600s)...
    Found commander pod: commander-partitionminerwithpools-1785069028
    Still waiting... (810s elapsed, pod: Running)
    Still waiting... (1530s elapsed, pod: Running)
    Still waiting... (2250s elapsed, pod: Running)
    Still waiting... (2970s elapsed, pod: Running)
    Still waiting... (6660s elapsed, pod: Running)
    Still waiting... (7380s elapsed, pod: Running)
    Still waiting... (8100s elapsed, pod: Running)
    Still waiting... (8820s elapsed, pod: Running)
    Still waiting... (9540s elapsed, pod: Running)
    Still waiting... (10260s elapsed, pod: Running)
    Still waiting... (10980s elapsed, pod: Running)
    Still waiting... (13050s elapsed, pod: Running)
    Pod status: Succeeded after 13516s
  Extracting results...
  Results extracted successfully
  OK (13701s) - ETA: 1 day, 21:26:12
[13/24] Running sweep_0113...
  Injecting sweep config...
  Injecting network metadata...
  Stopping previous network...
  Cooldown 30s...
  Deploying network...
  Waiting 45s for nodes to start...
  Network deployed with 60 pods
  Deploying scenario commander...
  Waiting for scenario completion (up to 16600s)...
    Found commander pod: commander-partitionminerwithpools-1785082718
    Still waiting... (810s elapsed, pod: Running)
    Still waiting... (1530s elapsed, pod: Running)
    Still waiting... (2250s elapsed, pod: Running)
    Still waiting... (4410s elapsed, pod: Running)
    Still waiting... (5130s elapsed, pod: Running)
    Still waiting... (5850s elapsed, pod: Running)
    Still waiting... (6480s elapsed, pod: Running)
    Still waiting... (7200s elapsed, pod: Running)
    Still waiting... (8550s elapsed, pod: Running)
    Still waiting... (9180s elapsed, pod: Running)
    Still waiting... (10530s elapsed, pod: Running)
    Still waiting... (11160s elapsed, pod: Running)
    Still waiting... (11790s elapsed, pod: Running)
    Still waiting... (13140s elapsed, pod: Running)
  Scenario completed (found export marker) after 13333s
  Extracting results...
  Results extracted successfully
  OK (13711s) - ETA: 1 day, 17:40:09
[14/24] Running sweep_0114...
  Injecting sweep config...
  Injecting network metadata...
  Stopping previous network...
  Cooldown 30s...
  Deploying network...
  Waiting 45s for nodes to start...
  Network deployed with 60 pods
  Deploying scenario commander...
  Waiting for scenario completion (up to 16600s)...
    Found commander pod: commander-partitionminerwithpools-1785096391
    Still waiting... (810s elapsed, pod: Running)
    Still waiting... (2340s elapsed, pod: Running)
    Still waiting... (3060s elapsed, pod: Running)
    Still waiting... (3780s elapsed, pod: Running)
    Still waiting... (4500s elapsed, pod: Running)
    Still waiting... (5220s elapsed, pod: Running)
    Still waiting... (5940s elapsed, pod: Running)
    Still waiting... (6660s elapsed, pod: Running)
    Still waiting... (7380s elapsed, pod: Running)
    Still waiting... (8100s elapsed, pod: Running)
    Still waiting... (8730s elapsed, pod: Running)
    Still waiting... (9450s elapsed, pod: Running)
    Still waiting... (10170s elapsed, pod: Running)
    Still waiting... (11520s elapsed, pod: Running)
    Still waiting... (12870s elapsed, pod: Running)
    Pod status: Succeeded after 14027s
  Extracting results...
  Results extracted successfully
  OK (14134s) - ETA: 1 day, 13:58:47
[15/24] Running sweep_0115...
  Injecting sweep config...
  Injecting network metadata...
  Stopping previous network...
  Cooldown 30s...
  Deploying network...
  Waiting 45s for nodes to start...
  Network deployed with 60 pods
  Deploying scenario commander...
  Waiting for scenario completion (up to 16600s)...
    Found commander pod: commander-partitionminerwithpools-1785110525
    Still waiting... (810s elapsed, pod: Running)
    Still waiting... (1530s elapsed, pod: Running)
    Still waiting... (2340s elapsed, pod: Running)
    Still waiting... (3060s elapsed, pod: Running)
    Still waiting... (4590s elapsed, pod: Running)
    Still waiting... (5310s elapsed, pod: Running)
    Still waiting... (6840s elapsed, pod: Running)
    Still waiting... (7560s elapsed, pod: Running)
    Still waiting... (8280s elapsed, pod: Running)
    Still waiting... (9810s elapsed, pod: Running)
    Still waiting... (10530s elapsed, pod: Running)
    Still waiting... (11250s elapsed, pod: Running)
    Still waiting... (11970s elapsed, pod: Running)
    Still waiting... (12690s elapsed, pod: Running)
  Scenario completed (found export marker) after 13288s
  Extracting results...
  Results extracted successfully
  OK (13419s) - ETA: 1 day, 10:08:22
[16/24] Running sweep_0116...
  Injecting sweep config...
  Injecting network metadata...
  Stopping previous network...
  Cooldown 30s...
  Deploying network...
  Waiting 45s for nodes to start...
  Network deployed with 60 pods
  Deploying scenario commander...
  Waiting for scenario completion (up to 16600s)...
    Found commander pod: commander-partitionminerwithpools-1785124020
    Still waiting... (810s elapsed, pod: Running)
    Still waiting... (1530s elapsed, pod: Running)
    Still waiting... (3060s elapsed, pod: Running)
    Still waiting... (3780s elapsed, pod: Running)
    Still waiting... (4500s elapsed, pod: Running)
    Still waiting... (5850s elapsed, pod: Running)
    Still waiting... (6570s elapsed, pod: Running)
    Still waiting... (7290s elapsed, pod: Running)
    Still waiting... (8010s elapsed, pod: Running)
    Still waiting... (8730s elapsed, pod: Running)
    Still waiting... (9360s elapsed, pod: Running)
    Still waiting... (10080s elapsed, pod: Running)
    Still waiting... (10800s elapsed, pod: Running)
    Still waiting... (12150s elapsed, pod: Running)
    Still waiting... (12870s elapsed, pod: Running)
    Pod status: Succeeded after 13347s
  Extracting results...
  Results extracted successfully
  OK (13531s) - ETA: 1 day, 6:19:44
[17/24] Running sweep_0117...
  Injecting sweep config...
  Injecting network metadata...
  Stopping previous network...
  Cooldown 30s...
  Deploying network...
  Waiting 45s for nodes to start...
  Network deployed with 60 pods
  Deploying scenario commander...
  Waiting for scenario completion (up to 16600s)...
    Found commander pod: commander-partitionminerwithpools-1785137562
    Still waiting... (810s elapsed, pod: Running)
    Still waiting... (2340s elapsed, pod: Running)
    Still waiting... (3060s elapsed, pod: Running)
    Still waiting... (3780s elapsed, pod: Running)
    Still waiting... (4500s elapsed, pod: Running)
    Still waiting... (5220s elapsed, pod: Running)
    Still waiting... (6570s elapsed, pod: Running)
    Still waiting... (7290s elapsed, pod: Running)
    Still waiting... (8010s elapsed, pod: Running)
    Still waiting... (9360s elapsed, pod: Running)
    Still waiting... (10080s elapsed, pod: Running)
    Still waiting... (11430s elapsed, pod: Running)
    Still waiting... (12150s elapsed, pod: Running)
    Still waiting... (12780s elapsed, pod: Running)
    Pod status: Succeeded after 13429s
  Extracting results...
  Results extracted successfully
  OK (13624s) - ETA: 1 day, 2:32:06
[18/24] Running sweep_0118...
  Injecting sweep config...
  Injecting network metadata...
  Stopping previous network...
  Cooldown 30s...
  Deploying network...
  Waiting 45s for nodes to start...
  Network deployed with 60 pods
  Deploying scenario commander...
  Waiting for scenario completion (up to 16600s)...
    Found commander pod: commander-partitionminerwithpools-1785151129
    Still waiting... (810s elapsed, pod: Running)
    Still waiting... (2340s elapsed, pod: Running)
    Still waiting... (3060s elapsed, pod: Running)
    Still waiting... (3780s elapsed, pod: Running)
    Still waiting... (4500s elapsed, pod: Running)
    Still waiting... (5220s elapsed, pod: Running)
    Still waiting... (5940s elapsed, pod: Running)
    Still waiting... (7290s elapsed, pod: Running)
    Still waiting... (8010s elapsed, pod: Running)
    Still waiting... (9360s elapsed, pod: Running)
    Still waiting... (10710s elapsed, pod: Running)
    Still waiting... (12060s elapsed, pod: Running)
    Still waiting... (12690s elapsed, pod: Running)
    Pod status: Succeeded after 13370s
  Extracting results...
  Results extracted successfully
  OK (13506s) - ETA: 22:43:52
[19/24] Running sweep_0119...
  Injecting sweep config...
  Injecting network metadata...
  Stopping previous network...
  Cooldown 30s...
  Deploying network...
  Waiting 45s for nodes to start...
  Network deployed with 60 pods
  Deploying scenario commander...
  Waiting for scenario completion (up to 16600s)...
    Found commander pod: commander-partitionminerwithpools-1785164862
    Still waiting... (810s elapsed, pod: Running)
    Still waiting... (1530s elapsed, pod: Running)
    Still waiting... (3060s elapsed, pod: Running)
    Still waiting... (3780s elapsed, pod: Running)
    Still waiting... (4500s elapsed, pod: Running)
    Still waiting... (5220s elapsed, pod: Running)
    Still waiting... (5940s elapsed, pod: Running)
    Still waiting... (8190s elapsed, pod: Running)
    Still waiting... (11700s elapsed, pod: Running)
    Still waiting... (12420s elapsed, pod: Running)
    Pod status: Succeeded after 13018s
  Extracting results...
  Results extracted successfully
  OK (13382s) - ETA: 18:55:26
[20/24] Running sweep_0120...
  Injecting sweep config...
  Injecting network metadata...
  Stopping previous network...
  Cooldown 30s...
  Deploying network...
  Waiting 45s for nodes to start...
  Network deployed with 60 pods
  Deploying scenario commander...
  Waiting for scenario completion (up to 16600s)...
    Found commander pod: commander-partitionminerwithpools-1785177988
    Still waiting... (810s elapsed, pod: Running)
    Still waiting... (2340s elapsed, pod: Running)
    Still waiting... (3060s elapsed, pod: Running)
    Still waiting... (4590s elapsed, pod: Running)
    Still waiting... (5310s elapsed, pod: Running)
    Still waiting... (6030s elapsed, pod: Running)
    Still waiting... (8280s elapsed, pod: Running)
    Still waiting... (9000s elapsed, pod: Running)
    Still waiting... (9720s elapsed, pod: Running)
    Still waiting... (10440s elapsed, pod: Running)
    Still waiting... (11160s elapsed, pod: Running)
    Still waiting... (11880s elapsed, pod: Running)
    Still waiting... (12600s elapsed, pod: Running)
    Still waiting... (13320s elapsed, pod: Running)
    Pod status: Succeeded after 13838s
  Extracting results...
  Results extracted successfully
  OK (13970s) - ETA: 15:09:30
[21/24] Running sweep_0121...
  Injecting sweep config...
  Injecting network metadata...
  Stopping previous network...
  Cooldown 30s...
  Deploying network...
  Waiting 45s for nodes to start...
  Network deployed with 60 pods
  Deploying scenario commander...
  Waiting for scenario completion (up to 16600s)...
    Found commander pod: commander-partitionminerwithpools-1785191959
    Still waiting... (810s elapsed, pod: Running)
    Still waiting... (1530s elapsed, pod: Running)
    Still waiting... (3060s elapsed, pod: Running)
    Still waiting... (3780s elapsed, pod: Running)
    Still waiting... (4500s elapsed, pod: Running)
    Still waiting... (6030s elapsed, pod: Running)
    Still waiting... (6750s elapsed, pod: Running)
    Still waiting... (7470s elapsed, pod: Running)
    Still waiting... (8190s elapsed, pod: Running)
    Still waiting... (8910s elapsed, pod: Running)
    Still waiting... (9630s elapsed, pod: Running)
    Still waiting... (12600s elapsed, pod: Running)
    Still waiting... (13320s elapsed, pod: Running)
    Pod status: Succeeded after 13422s
  Extracting results...
  Results extracted successfully
  OK (13530s) - ETA: 11:21:51
[22/24] Running sweep_0122...
  Injecting sweep config...
  Injecting network metadata...
  Stopping previous network...
  Cooldown 30s...
  Deploying network...
  Waiting 45s for nodes to start...
  Network deployed with 60 pods
  Deploying scenario commander...
  Waiting for scenario completion (up to 16600s)...
    Found commander pod: commander-partitionminerwithpools-1785205527
    Still waiting... (1530s elapsed, pod: Running)
    Still waiting... (2250s elapsed, pod: Running)
    Still waiting... (3780s elapsed, pod: Running)
    Still waiting... (4500s elapsed, pod: Running)
    Still waiting... (5220s elapsed, pod: Running)
    Still waiting... (5940s elapsed, pod: Running)
    Still waiting... (7470s elapsed, pod: Running)
    Still waiting... (8190s elapsed, pod: Running)
    Still waiting... (8910s elapsed, pod: Running)
    Still waiting... (9630s elapsed, pod: Running)
    Still waiting... (10350s elapsed, pod: Running)
    Still waiting... (11070s elapsed, pod: Running)
    Still waiting... (11790s elapsed, pod: Running)
    Still waiting... (12510s elapsed, pod: Running)
    Still waiting... (13230s elapsed, pod: Running)
    Pod status: Succeeded after 13504s
  Extracting results...
  Results extracted successfully
  OK (13721s) - ETA: 7:34:42
[23/24] Running sweep_0123...
  Injecting sweep config...
  Injecting network metadata...
  Stopping previous network...
  Cooldown 30s...
  Deploying network...
  Waiting 45s for nodes to start...
  Network deployed with 60 pods
  Deploying scenario commander...
  Waiting for scenario completion (up to 16600s)...
    Found commander pod: commander-partitionminerwithpools-1785219238
    Still waiting... (810s elapsed, pod: Running)
    Still waiting... (1530s elapsed, pod: Running)
    Still waiting... (2250s elapsed, pod: Running)
    Still waiting... (2970s elapsed, pod: Running)
    Still waiting... (3690s elapsed, pod: Running)
    Still waiting... (4410s elapsed, pod: Running)
    Still waiting... (5130s elapsed, pod: Running)
    Still waiting... (5850s elapsed, pod: Running)
    Still waiting... (6570s elapsed, pod: Running)
    Still waiting... (7290s elapsed, pod: Running)
    Still waiting... (9360s elapsed, pod: Running)
    Still waiting... (10080s elapsed, pod: Running)
    Still waiting... (10800s elapsed, pod: Running)
    Still waiting... (12150s elapsed, pod: Running)
    Still waiting... (12870s elapsed, pod: Running)
    Pod status: Succeeded after 13499s
  Extracting results...
  Results extracted successfully
  OK (13640s) - ETA: 3:47:20
[24/24] Running sweep_0124...
  Injecting sweep config...
  Injecting network metadata...
  Stopping previous network...
  Cooldown 30s...
  Deploying network...
  Waiting 45s for nodes to start...
  Network deployed with 60 pods
  Deploying scenario commander...
  Waiting for scenario completion (up to 16600s)...
    Found commander pod: commander-partitionminerwithpools-1785232901
    Still waiting... (1530s elapsed, pod: Running)
    Still waiting... (2250s elapsed, pod: Running)
    Still waiting... (2970s elapsed, pod: Running)
    Still waiting... (3690s elapsed, pod: Running)
    Still waiting... (4410s elapsed, pod: Running)
    Still waiting... (5130s elapsed, pod: Running)
    Still waiting... (5850s elapsed, pod: Running)
    Still waiting... (6570s elapsed, pod: Running)
    Still waiting... (7290s elapsed, pod: Running)
    Still waiting... (8010s elapsed, pod: Running)
    Still waiting... (9360s elapsed, pod: Running)
    Still waiting... (10080s elapsed, pod: Running)
    Still waiting... (10800s elapsed, pod: Running)
    Still waiting... (12150s elapsed, pod: Running)
    Still waiting... (12870s elapsed, pod: Running)
    Pod status: Succeeded after 13651s
  Extracting results...
  Results extracted successfully
  OK (13810s) - ETA: 0:00:00

============================================================
Final cleanup - ensuring cluster is clean...
============================================================
  Force cleaning cluster...
  Cluster is clean

============================================================
Sweep Complete!
============================================================
Completed: 30
Failed: 0
Total time: 3 days, 18:59:41
Results saved to: /home/pfoy/bitcoin/warnetScenarioDiscovery/tools/sweep/lhs_2016_timing_swap/results_server1

Next step: python 4_analyze_results.py --input /home/pfoy/bitcoin/warnetScenarioDiscovery/tools/sweep/lhs_2016_timing_swap/results_server1
