
============================================================
Parameter Sweep Runner
============================================================
Total scenarios: 6
Already completed: 0
Pending: 6
Duration per scenario: 13000s (217 min)
Startup wait: 60s
Estimated total time: 21.8 hours
Results directory: tools/sweep/knots_method_pilot/results_realfork
Namespace: kmp-realfork
Auto-restart: disabled

Starting sweep at 2026-09-27T07:52:20.462166...
------------------------------------------------------------
Initial cleanup - stopping any running networks...
  Cooldown 30s...
[1/6] Running sweep_0000...
  Injecting sweep config...
  Converted network (mixed): 60 nodes, v27=19 v26=41, fork links 8 -> 5 (target 5), islands 2 -> 1, pool nodes realigned to pool config: [('node-0001', 'v26', 'v27'), ('node-0002', 'v26', 'v27'), ('node-0003', 'v26', 'v27')]
  Injecting network metadata (network_metadata__sweep_0000__realfork.yaml)...
  Stopping previous network...
  Cooldown 30s...
  Deploying network...
  Waiting 60s for nodes to start...
  Network deployed with 60 pods
  Deploying scenario commander...
  Waiting for scenario completion (up to 16600s)...
    Found commander pod: commander-knotsmeshpilot-1790510070
    Pod status: Failed after 10s
  Warning: Scenario may not have completed properly
  Extracting results...
  Warning: Results extraction failed: 
  OK (112s) - ETA: 0:09:22
[2/6] Running sweep_0001...
  Injecting sweep config...
  Converted network (mixed): 60 nodes, v27=19 v26=41, fork links 8 -> 5 (target 5), islands 2 -> 1, pool nodes realigned to pool config: [('node-0001', 'v26', 'v27'), ('node-0002', 'v26', 'v27'), ('node-0003', 'v26', 'v27')]
  Injecting network metadata (network_metadata__sweep_0001__realfork.yaml)...
  Stopping previous network...
  Cooldown 30s...
  Deploying network...
  Waiting 60s for nodes to start...
  Network deployed with 60 pods
  Deploying scenario commander...
  Waiting for scenario completion (up to 16600s)...
    Found commander pod: commander-knotsmeshpilot-1790510214
    Still waiting... (1350s elapsed, pod: Running)
    Still waiting... (2700s elapsed, pod: Running)
    Still waiting... (3330s elapsed, pod: Running)
    Still waiting... (3960s elapsed, pod: Running)
    Still waiting... (4590s elapsed, pod: Running)
    Still waiting... (5220s elapsed, pod: Running)
    Still waiting... (5850s elapsed, pod: Running)
    Still waiting... (6480s elapsed, pod: Running)
    Still waiting... (7110s elapsed, pod: Running)
    Still waiting... (8280s elapsed, pod: Running)
    Still waiting... (8910s elapsed, pod: Running)
    Still waiting... (10080s elapsed, pod: Running)
    Still waiting... (10620s elapsed, pod: Running)
    Still waiting... (11790s elapsed, pod: Running)
    Still waiting... (12330s elapsed, pod: Running)
    Pod status: Succeeded after 13012s
  Extracting results...
  Results extracted successfully
  OK (13146s) - ETA: 7:21:57
[3/6] Running sweep_0002...
  Injecting sweep config...
  Converted network (mixed): 60 nodes, v27=19 v26=41, fork links 8 -> 5 (target 5), islands 2 -> 1, pool nodes realigned to pool config: [('node-0001', 'v26', 'v27'), ('node-0002', 'v26', 'v27'), ('node-0003', 'v26', 'v27')]
  Injecting network metadata (network_metadata__sweep_0002__realfork.yaml)...
  Stopping previous network...
  Cooldown 30s...
  Deploying network...
  Waiting 60s for nodes to start...
  Network deployed with 60 pods
  Deploying scenario commander...
  Waiting for scenario completion (up to 16600s)...
    Found commander pod: commander-knotsmeshpilot-1790523362
    Still waiting... (720s elapsed, pod: Running)
    Still waiting... (1440s elapsed, pod: Running)
    Still waiting... (2070s elapsed, pod: Running)
    Still waiting... (2790s elapsed, pod: Running)
    Still waiting... (4140s elapsed, pod: Running)
    Still waiting... (4770s elapsed, pod: Running)
    Still waiting... (5490s elapsed, pod: Running)
    Still waiting... (6120s elapsed, pod: Running)
    Still waiting... (6750s elapsed, pod: Running)
    Still waiting... (7380s elapsed, pod: Running)
    Still waiting... (8010s elapsed, pod: Running)
    Still waiting... (8640s elapsed, pod: Running)
    Still waiting... (9270s elapsed, pod: Running)
    Still waiting... (10440s elapsed, pod: Running)
    Still waiting... (11070s elapsed, pod: Running)
    Still waiting... (11610s elapsed, pod: Running)
    Still waiting... (12240s elapsed, pod: Running)
    Still waiting... (12780s elapsed, pod: Running)
    Pod status: Succeeded after 13014s
  Extracting results...
  Results extracted successfully
  OK (13150s) - ETA: 7:20:08
[4/6] Running sweep_0003...
  Injecting sweep config...
  Converted network (mixed): 60 nodes, v27=19 v26=41, fork links 8 -> 5 (target 5), islands 2 -> 1, pool nodes realigned to pool config: [('node-0001', 'v26', 'v27'), ('node-0002', 'v26', 'v27'), ('node-0003', 'v26', 'v27')]
  Injecting network metadata (network_metadata__sweep_0003__realfork.yaml)...
  Stopping previous network...
  Cooldown 30s...
  Deploying network...
  Waiting 60s for nodes to start...
  Network deployed with 60 pods
  Deploying scenario commander...
  Waiting for scenario completion (up to 16600s)...
    Found commander pod: commander-knotsmeshpilot-1790536511
    Still waiting... (720s elapsed, pod: Running)
    Still waiting... (1440s elapsed, pod: Running)
    Still waiting... (2160s elapsed, pod: Running)
    Still waiting... (3510s elapsed, pod: Running)
    Still waiting... (4140s elapsed, pod: Running)
    Still waiting... (5490s elapsed, pod: Running)
    Still waiting... (6120s elapsed, pod: Running)
    Still waiting... (6750s elapsed, pod: Running)
    Still waiting... (7380s elapsed, pod: Running)
    Still waiting... (8010s elapsed, pod: Running)
    Still waiting... (9180s elapsed, pod: Running)
    Still waiting... (9810s elapsed, pod: Running)
    Still waiting... (10980s elapsed, pod: Running)
    Still waiting... (12150s elapsed, pod: Running)
    Still waiting... (12780s elapsed, pod: Running)
    Pod status: Succeeded after 13014s
  Extracting results...
  Results extracted successfully
  OK (13150s) - ETA: 5:29:39
[5/6] Running sweep_0004...
  Injecting sweep config...
  Converted network (mixed): 60 nodes, v27=19 v26=41, fork links 8 -> 5 (target 5), islands 2 -> 1, pool nodes realigned to pool config: [('node-0001', 'v26', 'v27'), ('node-0002', 'v26', 'v27'), ('node-0003', 'v26', 'v27')]
  Injecting network metadata (network_metadata__sweep_0004__realfork.yaml)...
  Stopping previous network...
  Cooldown 30s...
  Deploying network...
  Waiting 60s for nodes to start...
  Network deployed with 60 pods
  Deploying scenario commander...
  Waiting for scenario completion (up to 16600s)...
    Found commander pod: commander-knotsmeshpilot-1790549659
    Still waiting... (720s elapsed, pod: Running)
    Still waiting... (1440s elapsed, pod: Running)
    Still waiting... (2070s elapsed, pod: Running)
    Still waiting... (2790s elapsed, pod: Running)
    Still waiting... (3420s elapsed, pod: Running)
    Still waiting... (4770s elapsed, pod: Running)
    Still waiting... (5400s elapsed, pod: Running)
    Still waiting... (6030s elapsed, pod: Running)
    Still waiting... (6660s elapsed, pod: Running)
    Still waiting... (7290s elapsed, pod: Running)
    Still waiting... (7920s elapsed, pod: Running)
    Still waiting... (9090s elapsed, pod: Running)
    Still waiting... (9720s elapsed, pod: Running)
    Still waiting... (10890s elapsed, pod: Running)
    Still waiting... (12060s elapsed, pod: Running)
    Still waiting... (12600s elapsed, pod: Running)
    Pod status: Succeeded after 13017s
  Extracting results...
  Results extracted successfully
  OK (13150s) - ETA: 2:55:41
[6/6] Running sweep_0005...
  Injecting sweep config...
  Converted network (mixed): 60 nodes, v27=19 v26=41, fork links 8 -> 5 (target 5), islands 2 -> 1, pool nodes realigned to pool config: [('node-0001', 'v26', 'v27'), ('node-0002', 'v26', 'v27'), ('node-0003', 'v26', 'v27')]
  Injecting network metadata (network_metadata__sweep_0005__realfork.yaml)...
  Stopping previous network...
  Cooldown 30s...
  Deploying network...
  Waiting 60s for nodes to start...
  Network deployed with 60 pods
  Deploying scenario commander...
  Waiting for scenario completion (up to 16600s)...
    Found commander pod: commander-knotsmeshpilot-1790562811
    Still waiting... (720s elapsed, pod: Running)
    Still waiting... (1440s elapsed, pod: Running)
    Still waiting... (2070s elapsed, pod: Running)
    Still waiting... (2700s elapsed, pod: Running)
    Still waiting... (4050s elapsed, pod: Running)
    Still waiting... (4680s elapsed, pod: Running)
    Still waiting... (5850s elapsed, pod: Running)
    Still waiting... (6480s elapsed, pod: Running)
    Still waiting... (7650s elapsed, pod: Running)
    Still waiting... (8190s elapsed, pod: Running)
    Still waiting... (11430s elapsed, pod: Running)
    Still waiting... (11970s elapsed, pod: Running)
  Scenario completed (found export marker) after 13011s
  Extracting results...
  Results extracted successfully
  OK (13145s) - ETA: 0:00:00

============================================================
Final cleanup - ensuring cluster is clean...
============================================================
  Force cleaning cluster...
  Cluster is clean

============================================================
Sweep Complete!
============================================================
Completed: 6
Failed: 0
Total time: 18:18:02
Results saved to: tools/sweep/knots_method_pilot/results_realfork

Next step: python 4_analyze_results.py --input tools/sweep/knots_method_pilot/results_realfork
