
============================================================
Parameter Sweep Runner
============================================================
Total scenarios: 6
Already completed: 0
Pending: 6
Duration per scenario: 13000s (217 min)
Startup wait: 60s
Estimated total time: 21.8 hours
Results directory: tools/sweep/knots_method_pilot/results_realfork_mined
Namespace: kmp-realfork-mined
Auto-restart: disabled

Starting sweep at 2026-09-27T07:52:20.453961...
------------------------------------------------------------
Initial cleanup - stopping any running networks...
  Cooldown 30s...
[1/6] Running sweep_0000...
  Injecting sweep config...
  Converted network (mixed): 60 nodes, v27=19 v26=41, fork links 8 -> 5 (target 5), islands 2 -> 1, pool nodes realigned to pool config: [('node-0001', 'v26', 'v27'), ('node-0002', 'v26', 'v27'), ('node-0003', 'v26', 'v27')]
  Injecting network metadata (network_metadata__sweep_0000__realfork.yaml)...
  Stopping previous network...
  Cooldown 30s...
  Deploying network...
  Waiting 60s for nodes to start...
  Network deployed with 60 pods
  Deploying scenario commander...
  Waiting for scenario completion (up to 16600s)...
    Found commander pod: commander-knotsmeshpilot-1790510067
    Still waiting... (1350s elapsed, pod: Running)
    Still waiting... (1980s elapsed, pod: Running)
    Still waiting... (3330s elapsed, pod: Running)
    Still waiting... (3960s elapsed, pod: Running)
    Still waiting... (4590s elapsed, pod: Running)
    Still waiting... (5220s elapsed, pod: Running)
    Still waiting... (5850s elapsed, pod: Running)
    Still waiting... (6480s elapsed, pod: Running)
    Still waiting... (7110s elapsed, pod: Running)
    Still waiting... (7740s elapsed, pod: Running)
    Still waiting... (8370s elapsed, pod: Running)
    Still waiting... (9000s elapsed, pod: Running)
    Still waiting... (9630s elapsed, pod: Running)
    Still waiting... (10260s elapsed, pod: Running)
    Still waiting... (10800s elapsed, pod: Running)
    Still waiting... (11430s elapsed, pod: Running)
    Still waiting... (12060s elapsed, pod: Running)
    Still waiting... (12600s elapsed, pod: Running)
    Pod status: Succeeded after 13017s
  Extracting results...
  Results extracted successfully
  OK (13117s) - ETA: 18:13:06
[2/6] Running sweep_0001...
  Injecting sweep config...
  Converted network (mixed): 60 nodes, v27=19 v26=41, fork links 8 -> 5 (target 5), islands 2 -> 1, pool nodes realigned to pool config: [('node-0001', 'v26', 'v27'), ('node-0002', 'v26', 'v27'), ('node-0003', 'v26', 'v27')]
  Injecting network metadata (network_metadata__sweep_0001__realfork.yaml)...
  Stopping previous network...
  Cooldown 30s...
  Deploying network...
  Waiting 60s for nodes to start...
  Network deployed with 60 pods
  Deploying scenario commander...
  Waiting for scenario completion (up to 16600s)...
    Found commander pod: commander-knotsmeshpilot-1790523206
    Still waiting... (720s elapsed, pod: Running)
    Still waiting... (1440s elapsed, pod: Running)
    Still waiting... (2790s elapsed, pod: Running)
    Still waiting... (4140s elapsed, pod: Running)
    Still waiting... (6120s elapsed, pod: Running)
    Still waiting... (6750s elapsed, pod: Running)
    Still waiting... (7380s elapsed, pod: Running)
    Still waiting... (9810s elapsed, pod: Running)
    Still waiting... (10440s elapsed, pod: Running)
    Still waiting... (11610s elapsed, pod: Running)
    Still waiting... (12240s elapsed, pod: Running)
    Still waiting... (12780s elapsed, pod: Running)
    Pod status: Succeeded after 13014s
  Extracting results...
  Results extracted successfully
  OK (13136s) - ETA: 14:35:06
[3/6] Running sweep_0002...
  Injecting sweep config...
  Converted network (mixed): 60 nodes, v27=19 v26=41, fork links 8 -> 5 (target 5), islands 2 -> 1, pool nodes realigned to pool config: [('node-0001', 'v26', 'v27'), ('node-0002', 'v26', 'v27'), ('node-0003', 'v26', 'v27')]
  Injecting network metadata (network_metadata__sweep_0002__realfork.yaml)...
  Stopping previous network...
  Cooldown 30s...
  Deploying network...
  Waiting 60s for nodes to start...
  Network deployed with 60 pods
  Deploying scenario commander...
  Waiting for scenario completion (up to 16600s)...
    Found commander pod: commander-knotsmeshpilot-1790536354
    Still waiting... (720s elapsed, pod: Running)
    Still waiting... (1440s elapsed, pod: Running)
    Still waiting... (2160s elapsed, pod: Running)
    Still waiting... (3510s elapsed, pod: Running)
    Still waiting... (4140s elapsed, pod: Running)
    Still waiting... (5490s elapsed, pod: Running)
    Still waiting... (6120s elapsed, pod: Running)
    Still waiting... (6750s elapsed, pod: Running)
    Still waiting... (7380s elapsed, pod: Running)
    Still waiting... (8010s elapsed, pod: Running)
    Still waiting... (9180s elapsed, pod: Running)
    Still waiting... (9810s elapsed, pod: Running)
    Still waiting... (10980s elapsed, pod: Running)
    Still waiting... (11520s elapsed, pod: Running)
    Still waiting... (12690s elapsed, pod: Running)
    Pod status: Succeeded after 13016s
  Extracting results...
  Results extracted successfully
  OK (13150s) - ETA: 10:56:42
[4/6] Running sweep_0003...
  Injecting sweep config...
  Converted network (mixed): 60 nodes, v27=19 v26=41, fork links 8 -> 5 (target 5), islands 2 -> 1, pool nodes realigned to pool config: [('node-0001', 'v26', 'v27'), ('node-0002', 'v26', 'v27'), ('node-0003', 'v26', 'v27')]
  Injecting network metadata (network_metadata__sweep_0003__realfork.yaml)...
  Stopping previous network...
  Cooldown 30s...
  Deploying network...
  Waiting 60s for nodes to start...
  Network deployed with 60 pods
  Deploying scenario commander...
  Waiting for scenario completion (up to 16600s)...
    Found commander pod: commander-knotsmeshpilot-1790549505
    Still waiting... (720s elapsed, pod: Running)
    Still waiting... (1440s elapsed, pod: Running)
    Still waiting... (2070s elapsed, pod: Running)
    Still waiting... (2790s elapsed, pod: Running)
    Still waiting... (3420s elapsed, pod: Running)
    Still waiting... (4770s elapsed, pod: Running)
    Still waiting... (5400s elapsed, pod: Running)
    Still waiting... (6030s elapsed, pod: Running)
    Still waiting... (6660s elapsed, pod: Running)
    Still waiting... (7290s elapsed, pod: Running)
    Still waiting... (8460s elapsed, pod: Running)
    Still waiting... (9090s elapsed, pod: Running)
    Still waiting... (10260s elapsed, pod: Running)
    Still waiting... (11430s elapsed, pod: Running)
    Still waiting... (11970s elapsed, pod: Running)
    Pod status: Succeeded after 13018s
  Extracting results...
  Results extracted successfully
  OK (13153s) - ETA: 7:17:57
[5/6] Running sweep_0004...
  Injecting sweep config...
  Converted network (mixed): 60 nodes, v27=19 v26=41, fork links 8 -> 5 (target 5), islands 2 -> 1, pool nodes realigned to pool config: [('node-0001', 'v26', 'v27'), ('node-0002', 'v26', 'v27'), ('node-0003', 'v26', 'v27')]
  Injecting network metadata (network_metadata__sweep_0004__realfork.yaml)...
  Stopping previous network...
  Cooldown 30s...
  Deploying network...
  Waiting 60s for nodes to start...
  Network deployed with 60 pods
  Deploying scenario commander...
  Waiting for scenario completion (up to 16600s)...
    Found commander pod: commander-knotsmeshpilot-1790562657
    Still waiting... (720s elapsed, pod: Running)
    Still waiting... (1440s elapsed, pod: Running)
    Still waiting... (2070s elapsed, pod: Running)
    Still waiting... (3420s elapsed, pod: Running)
    Still waiting... (4050s elapsed, pod: Running)
    Still waiting... (4680s elapsed, pod: Running)
    Still waiting... (5310s elapsed, pod: Running)
    Still waiting... (5940s elapsed, pod: Running)
    Still waiting... (7110s elapsed, pod: Running)
    Still waiting... (7740s elapsed, pod: Running)
    Still waiting... (8910s elapsed, pod: Running)
    Still waiting... (9450s elapsed, pod: Running)
    Still waiting... (10620s elapsed, pod: Running)
    Still waiting... (11160s elapsed, pod: Running)
    Still waiting... (11700s elapsed, pod: Running)
    Still waiting... (12240s elapsed, pod: Running)
    Still waiting... (12780s elapsed, pod: Running)
    Pod status: Succeeded after 13014s
  Extracting results...
  Results extracted successfully
  OK (13148s) - ETA: 3:39:00
[6/6] Running sweep_0005...
  Injecting sweep config...
  Converted network (mixed): 60 nodes, v27=19 v26=41, fork links 8 -> 5 (target 5), islands 2 -> 1, pool nodes realigned to pool config: [('node-0001', 'v26', 'v27'), ('node-0002', 'v26', 'v27'), ('node-0003', 'v26', 'v27')]
  Injecting network metadata (network_metadata__sweep_0005__realfork.yaml)...
  Stopping previous network...
  Cooldown 30s...
  Deploying network...
  Waiting 60s for nodes to start...
  Network deployed with 60 pods
  Deploying scenario commander...
  Waiting for scenario completion (up to 16600s)...
    Found commander pod: commander-knotsmeshpilot-1790575803
    Still waiting... (720s elapsed, pod: Running)
    Still waiting... (1350s elapsed, pod: Running)
    Still waiting... (2700s elapsed, pod: Running)
    Still waiting... (3330s elapsed, pod: Running)
    Still waiting... (3960s elapsed, pod: Running)
    Still waiting... (5130s elapsed, pod: Running)
    Still waiting... (5760s elapsed, pod: Running)
    Still waiting... (6930s elapsed, pod: Running)
    Still waiting... (8100s elapsed, pod: Running)
    Still waiting... (8640s elapsed, pod: Running)
    Still waiting... (9180s elapsed, pod: Running)
    Still waiting... (9720s elapsed, pod: Running)
    Still waiting... (10260s elapsed, pod: Running)
    Still waiting... (10800s elapsed, pod: Running)
    Still waiting... (11340s elapsed, pod: Running)
    Still waiting... (12870s elapsed, pod: Running)
    Pod status: Succeeded after 13012s
  Extracting results...
  Results extracted successfully
  OK (13145s) - ETA: 0:00:00

============================================================
Final cleanup - ensuring cluster is clean...
============================================================
  Force cleaning cluster...
  Cluster is clean

============================================================
Sweep Complete!
============================================================
Completed: 6
Failed: 0
Total time: 21:54:37
Results saved to: tools/sweep/knots_method_pilot/results_realfork_mined

Next step: python 4_analyze_results.py --input tools/sweep/knots_method_pilot/results_realfork_mined
