Filtered to 25 specified scenarios

============================================================
Parameter Sweep Runner
============================================================
Total scenarios: 25
Already completed: 6
Pending: 24
Duration per scenario: 13000s (217 min)
Startup wait: 45s
Estimated total time: 87.0 hours
Results directory: /home/pfoy/bitcoin/warnetScenarioDiscovery/tools/sweep/lhs_2016_timing_swap/results_server2
Namespace: ns-10
Auto-restart: after 3 consecutive failures

Starting sweep at 2026-07-24T14:49:08.229617...
------------------------------------------------------------
Initial cleanup - stopping any running networks...
  Cooldown 30s...
[1/24] Running sweep_0251...
  Injecting sweep config...
  Injecting network metadata...
  Stopping previous network...
  Cooldown 30s...
  Deploying network...
  Waiting 45s for nodes to start...
  Network deployed with 60 pods
  Deploying scenario commander...
  Waiting for scenario completion (up to 16600s)...
    Found commander pod: commander-partitionminerwithpools-1784919152
    Still waiting... (720s elapsed, pod: Running)
    Still waiting... (5850s elapsed, pod: Running)
    Still waiting... (6570s elapsed, pod: Running)
    Still waiting... (9360s elapsed, pod: Running)
    Still waiting... (10080s elapsed, pod: Running)
    Still waiting... (10800s elapsed, pod: Running)
    Still waiting... (11520s elapsed, pod: Running)
    Still waiting... (12870s elapsed, pod: Running)
    Pod status: Succeeded after 13580s
  Extracting results...
  Results extracted successfully
  OK (13731s) - ETA: 3 days, 15:43:33
[2/24] Running sweep_0252...
  Injecting sweep config...
  Injecting network metadata...
  Stopping previous network...
  Cooldown 30s...
  Deploying network...
  Waiting 45s for nodes to start...
  Network deployed with 60 pods
  Deploying scenario commander...
  Waiting for scenario completion (up to 16600s)...
    Found commander pod: commander-partitionminerwithpools-1784933011
    Still waiting... (810s elapsed, pod: Running)
    Still waiting... (1530s elapsed, pod: Running)
    Still waiting... (3060s elapsed, pod: Running)
    Still waiting... (3780s elapsed, pod: Running)
    Still waiting... (4500s elapsed, pod: Running)
    Still waiting... (5220s elapsed, pod: Running)
    Still waiting... (5940s elapsed, pod: Running)
    Still waiting... (9000s elapsed, pod: Running)
    Still waiting... (9720s elapsed, pod: Running)
    Still waiting... (10440s elapsed, pod: Running)
    Still waiting... (11160s elapsed, pod: Running)
    Still waiting... (11880s elapsed, pod: Running)
    Still waiting... (12600s elapsed, pod: Running)
    Pod status: Succeeded after 13067s
  Extracting results...
  Results extracted successfully
  OK (13477s) - ETA: 3 days, 11:08:05
[3/24] Running sweep_0253...
  Injecting sweep config...
  Injecting network metadata...
  Stopping previous network...
  Cooldown 30s...
  Deploying network...
  Waiting 45s for nodes to start...
  Network deployed with 60 pods
  Deploying scenario commander...
  Waiting for scenario completion (up to 16600s)...
    Found commander pod: commander-partitionminerwithpools-1784946404
    Still waiting... (810s elapsed, pod: Running)
    Still waiting... (1530s elapsed, pod: Running)
    Still waiting... (2250s elapsed, pod: Running)
    Still waiting... (3600s elapsed, pod: Running)
    Still waiting... (4950s elapsed, pod: Running)
    Still waiting... (5670s elapsed, pod: Running)
    Still waiting... (7020s elapsed, pod: Running)
    Still waiting... (7740s elapsed, pod: Running)
    Still waiting... (9090s elapsed, pod: Running)
    Still waiting... (10440s elapsed, pod: Running)
    Still waiting... (11160s elapsed, pod: Running)
    Still waiting... (11790s elapsed, pod: Running)
    Still waiting... (13140s elapsed, pod: Running)
  Scenario completed (found export marker) after 13637s
  Extracting results...
  Results extracted successfully
  OK (13841s) - ETA: 3 days, 7:49:05
[4/24] Running sweep_0254...
  Injecting sweep config...
  Injecting network metadata...
  Stopping previous network...
  Cooldown 30s...
  Deploying network...
  Waiting 45s for nodes to start...
  Network deployed with 60 pods
  Deploying scenario commander...
  Waiting for scenario completion (up to 16600s)...
    Found commander pod: commander-partitionminerwithpools-1784960158
    Still waiting... (810s elapsed, pod: Running)
    Still waiting... (1530s elapsed, pod: Running)
    Still waiting... (2250s elapsed, pod: Running)
    Still waiting... (3060s elapsed, pod: Running)
    Still waiting... (3780s elapsed, pod: Running)
    Still waiting... (4500s elapsed, pod: Running)
    Still waiting... (6030s elapsed, pod: Running)
    Still waiting... (6750s elapsed, pod: Running)
    Still waiting... (7470s elapsed, pod: Running)
    Still waiting... (9000s elapsed, pod: Running)
    Still waiting... (9720s elapsed, pod: Running)
    Still waiting... (10440s elapsed, pod: Running)
    Still waiting... (11160s elapsed, pod: Running)
    Still waiting... (11880s elapsed, pod: Running)
    Still waiting... (12600s elapsed, pod: Running)
    Pod status: Succeeded after 13259s
  Extracting results...
  Results extracted successfully
  OK (13426s) - ETA: 3 days, 3:39:38
[5/24] Running sweep_0255...
  Injecting sweep config...
  Injecting network metadata...
  Stopping previous network...
  Cooldown 30s...
  Deploying network...
  Waiting 45s for nodes to start...
  Network deployed with 60 pods
  Deploying scenario commander...
  Waiting for scenario completion (up to 16600s)...
    Found commander pod: commander-partitionminerwithpools-1784973686
    Still waiting... (810s elapsed, pod: Running)
    Still waiting... (1530s elapsed, pod: Running)
    Still waiting... (3060s elapsed, pod: Running)
    Still waiting... (3780s elapsed, pod: Running)
    Still waiting... (4500s elapsed, pod: Running)
    Still waiting... (6750s elapsed, pod: Running)
    Still waiting... (7470s elapsed, pod: Running)
    Still waiting... (8190s elapsed, pod: Running)
    Still waiting... (8910s elapsed, pod: Running)
    Still waiting... (11070s elapsed, pod: Running)
    Still waiting... (12420s elapsed, pod: Running)
    Pod status: Succeeded after 13119s
  Extracting results...
  Results extracted successfully
  OK (13330s) - ETA: 2 days, 23:34:20
[6/24] Running sweep_0256...
  Injecting sweep config...
  Injecting network metadata...
  Stopping previous network...
  Cooldown 30s...
  Deploying network...
  Waiting 45s for nodes to start...
  Network deployed with 60 pods
  Deploying scenario commander...
  Waiting for scenario completion (up to 16600s)...
    Found commander pod: commander-partitionminerwithpools-1784986973
    Still waiting... (810s elapsed, pod: Running)
    Still waiting... (1530s elapsed, pod: Running)
    Still waiting... (3060s elapsed, pod: Running)
    Still waiting... (3780s elapsed, pod: Running)
    Still waiting... (4500s elapsed, pod: Running)
    Still waiting... (5220s elapsed, pod: Running)
    Still waiting... (5940s elapsed, pod: Running)
    Still waiting... (7290s elapsed, pod: Running)
    Still waiting... (8010s elapsed, pod: Running)
    Still waiting... (9360s elapsed, pod: Running)
    Still waiting... (10710s elapsed, pod: Running)
    Still waiting... (12060s elapsed, pod: Running)
    Still waiting... (12690s elapsed, pod: Running)
    Still waiting... (13410s elapsed, pod: Running)
    Pod status: Succeeded after 13522s
  Extracting results...
  Results extracted successfully
  OK (13689s) - ETA: 2 days, 19:54:42
[7/24] Running sweep_0257...
  Injecting sweep config...
  Injecting network metadata...
  Stopping previous network...
  Cooldown 30s...
  Deploying network...
  Waiting 45s for nodes to start...
  Network deployed with 60 pods
  Deploying scenario commander...
  Waiting for scenario completion (up to 16600s)...
    Found commander pod: commander-partitionminerwithpools-1785000607
    Still waiting... (810s elapsed, pod: Running)
    Still waiting... (2340s elapsed, pod: Running)
    Still waiting... (3060s elapsed, pod: Running)
    Still waiting... (3780s elapsed, pod: Running)
    Still waiting... (6030s elapsed, pod: Running)
    Still waiting... (6750s elapsed, pod: Running)
    Still waiting... (7470s elapsed, pod: Running)
    Still waiting... (8190s elapsed, pod: Running)
    Still waiting... (8910s elapsed, pod: Running)
    Still waiting... (9630s elapsed, pod: Running)
    Still waiting... (10980s elapsed, pod: Running)
    Still waiting... (11700s elapsed, pod: Running)
    Still waiting... (13050s elapsed, pod: Running)
    Still waiting... (13770s elapsed, pod: Running)
    Pod status: Succeeded after 13872s
  Extracting results...
  Results extracted successfully
  OK (13987s) - ETA: 2 days, 16:24:43
[8/24] Running sweep_0258...
  Injecting sweep config...
  Injecting network metadata...
  Stopping previous network...
  Cooldown 30s...
  Deploying network...
  Waiting 45s for nodes to start...
  Network deployed with 60 pods
  Deploying scenario commander...
  Waiting for scenario completion (up to 16600s)...
    Found commander pod: commander-partitionminerwithpools-1785014689
    Still waiting... (810s elapsed, pod: Running)
    Still waiting... (2340s elapsed, pod: Running)
    Still waiting... (3060s elapsed, pod: Running)
    Still waiting... (3780s elapsed, pod: Running)
    Still waiting... (4590s elapsed, pod: Running)
    Still waiting... (5310s elapsed, pod: Running)
    Still waiting... (6030s elapsed, pod: Running)
    Still waiting... (6750s elapsed, pod: Running)
    Still waiting... (7470s elapsed, pod: Running)
    Still waiting... (8190s elapsed, pod: Running)
    Still waiting... (8910s elapsed, pod: Running)
    Still waiting... (9630s elapsed, pod: Running)
    Still waiting... (10350s elapsed, pod: Running)
    Still waiting... (11070s elapsed, pod: Running)
    Still waiting... (11790s elapsed, pod: Running)
    Still waiting... (12510s elapsed, pod: Running)
    Still waiting... (13230s elapsed, pod: Running)
    Pod status: Succeeded after 13403s
  Extracting results...
  Results extracted successfully
  OK (13613s) - ETA: 2 days, 12:36:29
[9/24] Running sweep_0259...
  Injecting sweep config...
  Injecting network metadata...
  Stopping previous network...
  Cooldown 30s...
  Deploying network...
  Waiting 45s for nodes to start...
  Network deployed with 60 pods
  Deploying scenario commander...
  Waiting for scenario completion (up to 16600s)...
    Found commander pod: commander-partitionminerwithpools-1785028570
    Still waiting... (810s elapsed, pod: Running)
    Still waiting... (1530s elapsed, pod: Running)
    Still waiting... (3060s elapsed, pod: Running)
    Still waiting... (3780s elapsed, pod: Running)
    Still waiting... (4500s elapsed, pod: Running)
    Still waiting... (5220s elapsed, pod: Running)
    Still waiting... (5940s elapsed, pod: Running)
    Still waiting... (8820s elapsed, pod: Running)
    Still waiting... (9540s elapsed, pod: Running)
    Still waiting... (10260s elapsed, pod: Running)
    Still waiting... (10980s elapsed, pod: Running)
    Still waiting... (11700s elapsed, pod: Running)
    Still waiting... (12420s elapsed, pod: Running)
    Pod status: Succeeded after 13668s
  Extracting results...
  Results extracted successfully
  OK (14148s) - ETA: 2 days, 9:03:23
[10/24] Running sweep_0260...
  Injecting sweep config...
  Injecting network metadata...
  Stopping previous network...
  Cooldown 30s...
  Deploying network...
  Waiting 45s for nodes to start...
  Network deployed with 60 pods
  Deploying scenario commander...
  Waiting for scenario completion (up to 16600s)...
    Found commander pod: commander-partitionminerwithpools-1785042581
    Still waiting... (810s elapsed, pod: Running)
    Still waiting... (1530s elapsed, pod: Running)
    Still waiting... (2250s elapsed, pod: Running)
    Still waiting... (2970s elapsed, pod: Running)
    Still waiting... (4500s elapsed, pod: Running)
    Still waiting... (5220s elapsed, pod: Running)
    Still waiting... (5940s elapsed, pod: Running)
    Still waiting... (6660s elapsed, pod: Running)
    Still waiting... (7380s elapsed, pod: Running)
    Still waiting... (8100s elapsed, pod: Running)
    Still waiting... (8820s elapsed, pod: Running)
    Still waiting... (9540s elapsed, pod: Running)
    Still waiting... (10260s elapsed, pod: Running)
    Still waiting... (10980s elapsed, pod: Running)
    Still waiting... (11700s elapsed, pod: Running)
    Still waiting... (12420s elapsed, pod: Running)
    Still waiting... (13140s elapsed, pod: Running)
    Pod status: Succeeded after 13759s
  Extracting results...
  Results extracted successfully
  OK (14098s) - ETA: 2 days, 5:24:35
[11/24] Running sweep_0261...
  Injecting sweep config...
  Injecting network metadata...
  Stopping previous network...
  Cooldown 30s...
  Deploying network...
  Waiting 45s for nodes to start...
  Network deployed with 60 pods
  Deploying scenario commander...
  Waiting for scenario completion (up to 16600s)...
    Found commander pod: commander-partitionminerwithpools-1785056490
    Still waiting... (810s elapsed, pod: Running)
    Still waiting... (1530s elapsed, pod: Running)
    Still waiting... (3060s elapsed, pod: Running)
    Still waiting... (3780s elapsed, pod: Running)
    Still waiting... (4500s elapsed, pod: Running)
    Still waiting... (5220s elapsed, pod: Running)
    Still waiting... (5940s elapsed, pod: Running)
    Still waiting... (6660s elapsed, pod: Running)
    Still waiting... (7380s elapsed, pod: Running)
    Pod status: Succeeded after 13525s
  Extracting results...
  Results extracted successfully
  OK (13706s) - ETA: 2 days, 1:35:08
[12/24] Running sweep_0262...
  Injecting sweep config...
  Injecting network metadata...
  Stopping previous network...
  Cooldown 30s...
  Deploying network...
  Waiting 45s for nodes to start...
  Network deployed with 60 pods
  Deploying scenario commander...
  Waiting for scenario completion (up to 16600s)...
    Found commander pod: commander-partitionminerwithpools-1785070492
    Still waiting... (810s elapsed, pod: Running)
    Still waiting... (1530s elapsed, pod: Running)
    Still waiting... (2340s elapsed, pod: Running)
    Still waiting... (3060s elapsed, pod: Running)
    Still waiting... (4590s elapsed, pod: Running)
    Still waiting... (5310s elapsed, pod: Running)
    Still waiting... (6030s elapsed, pod: Running)
    Still waiting... (6750s elapsed, pod: Running)
    Still waiting... (7470s elapsed, pod: Running)
    Still waiting... (8820s elapsed, pod: Running)
    Still waiting... (9540s elapsed, pod: Running)
    Still waiting... (10170s elapsed, pod: Running)
    Still waiting... (10890s elapsed, pod: Running)
    Still waiting... (11520s elapsed, pod: Running)
    Still waiting... (12870s elapsed, pod: Running)
    Pod status: Succeeded after 13124s
  Extracting results...
  Results extracted successfully
  OK (13570s) - ETA: 1 day, 21:43:35
[13/24] Running sweep_0263...
  Injecting sweep config...
  Injecting network metadata...
  Stopping previous network...
  Cooldown 30s...
  Deploying network...
  Waiting 45s for nodes to start...
  Network deployed with 60 pods
  Deploying scenario commander...
  Waiting for scenario completion (up to 16600s)...
    Found commander pod: commander-partitionminerwithpools-1785084044
    Still waiting... (810s elapsed, pod: Running)
    Still waiting... (1530s elapsed, pod: Running)
    Still waiting... (2340s elapsed, pod: Running)
    Still waiting... (3060s elapsed, pod: Running)
    Still waiting... (3780s elapsed, pod: Running)
    Still waiting... (5310s elapsed, pod: Running)
    Still waiting... (6030s elapsed, pod: Running)
    Still waiting... (6750s elapsed, pod: Running)
    Still waiting... (7470s elapsed, pod: Running)
    Still waiting... (8190s elapsed, pod: Running)
    Still waiting... (8910s elapsed, pod: Running)
    Still waiting... (9630s elapsed, pod: Running)
    Still waiting... (10350s elapsed, pod: Running)
    Still waiting... (11070s elapsed, pod: Running)
    Still waiting... (11790s elapsed, pod: Running)
    Still waiting... (12510s elapsed, pod: Running)
    Still waiting... (13230s elapsed, pod: Running)
  Scenario completed (found export marker) after 14113s
  Extracting results...
  Results extracted successfully
  OK (14544s) - ETA: 1 day, 18:06:36
[14/24] Running sweep_0264...
  Injecting sweep config...
  Injecting network metadata...
  Stopping previous network...
  Cooldown 30s...
  Deploying network...
  Error: Network deployment timed out
  FAILED (477s) - ETA: 1 day, 11:38:31
[15/24] Running sweep_0265...
  Injecting sweep config...
  Injecting network metadata...
  Stopping previous network...
  Cooldown 30s...
  Deploying network...
  Waiting 45s for nodes to start...
  Network deployed with 60 pods
  Deploying scenario commander...
  Waiting for scenario completion (up to 16600s)...
    Found commander pod: commander-partitionminerwithpools-1785098746
    Still waiting... (810s elapsed, pod: Running)
    Still waiting... (1530s elapsed, pod: Running)
    Still waiting... (2250s elapsed, pod: Running)
    Still waiting... (5130s elapsed, pod: Running)
    Still waiting... (5850s elapsed, pod: Running)
    Still waiting... (6570s elapsed, pod: Running)
    Still waiting... (7920s elapsed, pod: Running)
    Still waiting... (8640s elapsed, pod: Running)
    Still waiting... (9270s elapsed, pod: Running)
    Still waiting... (9990s elapsed, pod: Running)
    Still waiting... (11340s elapsed, pod: Running)
    Still waiting... (12690s elapsed, pod: Running)
    Still waiting... (13320s elapsed, pod: Running)
    Pod status: Succeeded after 13634s
  Extracting results...
  Results extracted successfully
  OK (13769s) - ETA: 1 day, 8:14:03
[16/24] Running sweep_0266...
  Injecting sweep config...
  Injecting network metadata...
  Stopping previous network...
  Cooldown 30s...
  Deploying network...
  Waiting 45s for nodes to start...
  Network deployed with 60 pods
  Deploying scenario commander...
  Waiting for scenario completion (up to 16600s)...
    Found commander pod: commander-partitionminerwithpools-1785112792
    Still waiting... (810s elapsed, pod: Running)
    Still waiting... (1530s elapsed, pod: Running)
    Still waiting... (2250s elapsed, pod: Running)
    Still waiting... (3060s elapsed, pod: Running)
    Still waiting... (3780s elapsed, pod: Running)
    Still waiting... (4500s elapsed, pod: Running)
    Still waiting... (5220s elapsed, pod: Running)
    Still waiting... (5940s elapsed, pod: Running)
    Still waiting... (7290s elapsed, pod: Running)
    Still waiting... (8010s elapsed, pod: Running)
    Still waiting... (9360s elapsed, pod: Running)
    Still waiting... (10710s elapsed, pod: Running)
    Still waiting... (11430s elapsed, pod: Running)
    Still waiting... (12060s elapsed, pod: Running)
    Still waiting... (12780s elapsed, pod: Running)
  Scenario completed (found export marker) after 13298s
  Extracting results...
  Results extracted successfully
  OK (13744s) - ETA: 1 day, 4:46:15
[17/24] Running sweep_0267...
  Injecting sweep config...
  Injecting network metadata...
  Stopping previous network...
  Cooldown 30s...
  Deploying network...
  Waiting 45s for nodes to start...
  Network deployed with 60 pods
  Deploying scenario commander...
  Waiting for scenario completion (up to 16600s)...
    Found commander pod: commander-partitionminerwithpools-1785126376
    Still waiting... (810s elapsed, pod: Running)
    Still waiting... (1530s elapsed, pod: Running)
    Still waiting... (2340s elapsed, pod: Running)
    Still waiting... (3060s elapsed, pod: Running)
    Still waiting... (3780s elapsed, pod: Running)
    Still waiting... (5310s elapsed, pod: Running)
    Still waiting... (6030s elapsed, pod: Running)
    Still waiting... (6750s elapsed, pod: Running)
    Still waiting... (7470s elapsed, pod: Running)
    Still waiting... (8820s elapsed, pod: Running)
    Still waiting... (9540s elapsed, pod: Running)
    Still waiting... (10170s elapsed, pod: Running)
    Still waiting... (10890s elapsed, pod: Running)
    Still waiting... (11520s elapsed, pod: Running)
    Still waiting... (12240s elapsed, pod: Running)
    Still waiting... (12870s elapsed, pod: Running)
    Pod status: Succeeded after 13478s
  Extracting results...
  Results extracted successfully
  OK (13724s) - ETA: 1 day, 1:15:48
[18/24] Running sweep_0268...
  Injecting sweep config...
  Injecting network metadata...
  Stopping previous network...
  Cooldown 30s...
  Deploying network...
  Waiting 45s for nodes to start...
  Network deployed with 60 pods
  Deploying scenario commander...
  Waiting for scenario completion (up to 16600s)...
    Found commander pod: commander-partitionminerwithpools-1785140289
    Still waiting... (810s elapsed, pod: Running)
    Still waiting... (1530s elapsed, pod: Running)
    Still waiting... (2250s elapsed, pod: Running)
    Still waiting... (4410s elapsed, pod: Running)
    Still waiting... (5130s elapsed, pod: Running)
    Still waiting... (5850s elapsed, pod: Running)
    Still waiting... (6480s elapsed, pod: Running)
    Still waiting... (7200s elapsed, pod: Running)
    Still waiting... (7830s elapsed, pod: Running)
    Still waiting... (8550s elapsed, pod: Running)
    Still waiting... (9180s elapsed, pod: Running)
    Still waiting... (9900s elapsed, pod: Running)
    Still waiting... (10530s elapsed, pod: Running)
    Still waiting... (11160s elapsed, pod: Running)
    Still waiting... (12510s elapsed, pod: Running)
    Still waiting... (13140s elapsed, pod: Running)
    Pod status: Succeeded after 13404s
  Extracting results...
  Results extracted successfully
  OK (13822s) - ETA: 21:43:52
[19/24] Running sweep_0269...
  Injecting sweep config...
  Injecting network metadata...
  Stopping previous network...
  Cooldown 30s...
  Deploying network...
  Waiting 45s for nodes to start...
  Network deployed with 60 pods
  Deploying scenario commander...
  Waiting for scenario completion (up to 16600s)...
    Found commander pod: commander-partitionminerwithpools-1785153866
    Still waiting... (810s elapsed, pod: Running)
    Still waiting... (1530s elapsed, pod: Running)
    Still waiting... (2250s elapsed, pod: Running)
    Still waiting... (2970s elapsed, pod: Running)
    Still waiting... (6660s elapsed, pod: Running)
    Still waiting... (7380s elapsed, pod: Running)
    Still waiting... (8100s elapsed, pod: Running)
    Still waiting... (8820s elapsed, pod: Running)
    Still waiting... (10890s elapsed, pod: Running)
    Still waiting... (11610s elapsed, pod: Running)
    Still waiting... (12330s elapsed, pod: Running)
    Pod status: Succeeded after 13294s
  Extracting results...
  Results extracted successfully
  OK (13486s) - ETA: 18:08:31
[20/24] Running sweep_0270...
  Injecting sweep config...
  Injecting network metadata...
  Stopping previous network...
  Cooldown 30s...
  Deploying network...
  Waiting 45s for nodes to start...
  Network deployed with 60 pods
  Deploying scenario commander...
  Waiting for scenario completion (up to 16600s)...
    Found commander pod: commander-partitionminerwithpools-1785167321
    Still waiting... (810s elapsed, pod: Running)
    Still waiting... (1530s elapsed, pod: Running)
    Still waiting... (2250s elapsed, pod: Running)
    Still waiting... (2970s elapsed, pod: Running)
    Still waiting... (3690s elapsed, pod: Running)
    Still waiting... (4410s elapsed, pod: Running)
    Still waiting... (5130s elapsed, pod: Running)
    Still waiting... (5850s elapsed, pod: Running)
    Still waiting... (7200s elapsed, pod: Running)
    Still waiting... (7920s elapsed, pod: Running)
    Still waiting... (8640s elapsed, pod: Running)
    Still waiting... (9360s elapsed, pod: Running)
    Still waiting... (10710s elapsed, pod: Running)
    Still waiting... (11430s elapsed, pod: Running)
    Still waiting... (12150s elapsed, pod: Running)
    Still waiting... (12780s elapsed, pod: Running)
  Scenario completed (found export marker) after 13267s
  Extracting results...
  Results extracted successfully
  OK (13637s) - ETA: 14:32:43
[21/24] Running sweep_0271...
  Injecting sweep config...
  Injecting network metadata...
  Stopping previous network...
  Cooldown 30s...
  Deploying network...
  Waiting 45s for nodes to start...
  Network deployed with 60 pods
  Deploying scenario commander...
  Waiting for scenario completion (up to 16600s)...
    Found commander pod: commander-partitionminerwithpools-1785180981
    Still waiting... (810s elapsed, pod: Running)
    Still waiting... (1530s elapsed, pod: Running)
    Still waiting... (2250s elapsed, pod: Running)
    Still waiting... (2970s elapsed, pod: Running)
    Still waiting... (3690s elapsed, pod: Running)
    Still waiting... (4410s elapsed, pod: Running)
    Still waiting... (5130s elapsed, pod: Running)
    Still waiting... (6480s elapsed, pod: Running)
    Still waiting... (7200s elapsed, pod: Running)
    Still waiting... (7920s elapsed, pod: Running)
    Still waiting... (9270s elapsed, pod: Running)
    Still waiting... (9990s elapsed, pod: Running)
    Still waiting... (11340s elapsed, pod: Running)
    Still waiting... (12690s elapsed, pod: Running)
    Still waiting... (13410s elapsed, pod: Running)
    Pod status: Succeeded after 13907s
  Extracting results...
  Results extracted successfully
  OK (14073s) - ETA: 10:56:53
[22/24] Running sweep_0272...
  Injecting sweep config...
  Injecting network metadata...
  Stopping previous network...
  Cooldown 30s...
  Deploying network...
  Waiting 45s for nodes to start...
  Network deployed with 60 pods
  Deploying scenario commander...
  Waiting for scenario completion (up to 16600s)...
    Found commander pod: commander-partitionminerwithpools-1785195341
    Still waiting... (810s elapsed, pod: Running)
    Still waiting... (1530s elapsed, pod: Running)
    Still waiting... (2250s elapsed, pod: Running)
    Still waiting... (2970s elapsed, pod: Running)
    Still waiting... (3690s elapsed, pod: Running)
    Still waiting... (4410s elapsed, pod: Running)
    Still waiting... (5040s elapsed, pod: Running)
    Still waiting... (5760s elapsed, pod: Running)
    Still waiting... (6390s elapsed, pod: Running)
    Still waiting... (7110s elapsed, pod: Running)
    Still waiting... (7740s elapsed, pod: Running)
    Still waiting... (8460s elapsed, pod: Running)
    Still waiting... (9090s elapsed, pod: Running)
    Still waiting... (10440s elapsed, pod: Running)
    Still waiting... (11160s elapsed, pod: Running)
    Still waiting... (11790s elapsed, pod: Running)
    Still waiting... (13140s elapsed, pod: Running)
    Pod status: Succeeded after 13282s
  Extracting results...
  Results extracted successfully
  OK (13756s) - ETA: 7:18:51
[23/24] Running sweep_0273...
  Injecting sweep config...
  Injecting network metadata...
  Stopping previous network...
  Cooldown 30s...
  Deploying network...
  Waiting 45s for nodes to start...
  Network deployed with 60 pods
  Deploying scenario commander...
  Waiting for scenario completion (up to 16600s)...
    Found commander pod: commander-partitionminerwithpools-1785208763
    Still waiting... (810s elapsed, pod: Running)
    Still waiting... (1530s elapsed, pod: Running)
    Still waiting... (2340s elapsed, pod: Running)
    Still waiting... (3060s elapsed, pod: Running)
    Still waiting... (4590s elapsed, pod: Running)
    Still waiting... (5310s elapsed, pod: Running)
    Still waiting... (6030s elapsed, pod: Running)
    Still waiting... (6750s elapsed, pod: Running)
    Still waiting... (7470s elapsed, pod: Running)
    Still waiting... (9000s elapsed, pod: Running)
    Still waiting... (9720s elapsed, pod: Running)
    Still waiting... (10440s elapsed, pod: Running)
    Still waiting... (11160s elapsed, pod: Running)
    Still waiting... (11880s elapsed, pod: Running)
    Still waiting... (12600s elapsed, pod: Running)
    Pod status: Succeeded after 13239s
  Extracting results...
  Results extracted successfully
  OK (13354s) - ETA: 3:39:33
[24/24] Running sweep_0274...
  Injecting sweep config...
  Injecting network metadata...
  Stopping previous network...
  Cooldown 30s...
  Deploying network...
  Waiting 45s for nodes to start...
  Network deployed with 60 pods
  Deploying scenario commander...
  Waiting for scenario completion (up to 16600s)...
    Found commander pod: commander-partitionminerwithpools-1785222150
    Still waiting... (810s elapsed, pod: Running)
    Still waiting... (1530s elapsed, pod: Running)
    Still waiting... (3060s elapsed, pod: Running)
    Still waiting... (3780s elapsed, pod: Running)
    Still waiting... (4500s elapsed, pod: Running)
    Still waiting... (5220s elapsed, pod: Running)
    Still waiting... (5940s elapsed, pod: Running)
    Still waiting... (6660s elapsed, pod: Running)
    Still waiting... (8730s elapsed, pod: Running)
    Still waiting... (9450s elapsed, pod: Running)
    Still waiting... (10170s elapsed, pod: Running)
    Still waiting... (11520s elapsed, pod: Running)
    Still waiting... (12240s elapsed, pod: Running)
    Still waiting... (13590s elapsed, pod: Running)
    Pod status: Succeeded after 13641s
  Extracting results...
  Results extracted successfully
  OK (13800s) - ETA: 0:00:00

============================================================
Final cleanup - ensuring cluster is clean...
============================================================
  Force cleaning cluster...
  Cluster is clean

============================================================
Sweep Complete!
============================================================
Completed: 29
Failed: 1
Total time: 3 days, 16:00:30
Results saved to: /home/pfoy/bitcoin/warnetScenarioDiscovery/tools/sweep/lhs_2016_timing_swap/results_server2

Next step: python 4_analyze_results.py --input /home/pfoy/bitcoin/warnetScenarioDiscovery/tools/sweep/lhs_2016_timing_swap/results_server2
