Filtered to 25 specified scenarios

============================================================
Parameter Sweep Runner
============================================================
Total scenarios: 25
Already completed: 6
Pending: 24
Duration per scenario: 13000s (217 min)
Startup wait: 45s
Estimated total time: 87.0 hours
Results directory: /home/pfoy/bitcoin/warnetScenarioDiscovery/tools/sweep/lhs_2016_timing_swap/results_server2
Namespace: ns-11
Auto-restart: after 3 consecutive failures

Starting sweep at 2026-07-24T14:49:08.216857...
------------------------------------------------------------
Initial cleanup - stopping any running networks...
  Cooldown 30s...
[1/24] Running sweep_0276...
  Injecting sweep config...
  Injecting network metadata...
  Stopping previous network...
  Cooldown 30s...
  Deploying network...
  Waiting 45s for nodes to start...
  Network deployed with 60 pods
  Deploying scenario commander...
  Waiting for scenario completion (up to 16600s)...
    Found commander pod: commander-partitionminerwithpools-1784919092
    Still waiting... (2970s elapsed, pod: Running)
    Still waiting... (5040s elapsed, pod: Running)
    Still waiting... (5760s elapsed, pod: Running)
    Still waiting... (6480s elapsed, pod: Running)
    Still waiting... (7110s elapsed, pod: Running)
    Still waiting... (7830s elapsed, pod: Running)
    Still waiting... (8460s elapsed, pod: Running)
    Still waiting... (9180s elapsed, pod: Running)
    Still waiting... (9810s elapsed, pod: Running)
    Still waiting... (10530s elapsed, pod: Running)
    Still waiting... (11160s elapsed, pod: Running)
    Still waiting... (12510s elapsed, pod: Running)
    Still waiting... (13140s elapsed, pod: Running)
    Pod status: Succeeded after 13403s
  Extracting results...
  Results extracted successfully
  OK (13503s) - ETA: 3 days, 14:16:14
[2/24] Running sweep_0277...
  Injecting sweep config...
  Injecting network metadata...
  Stopping previous network...
  Cooldown 30s...
  Deploying network...
  Waiting 45s for nodes to start...
  Network deployed with 60 pods
  Deploying scenario commander...
  Waiting for scenario completion (up to 16600s)...
    Found commander pod: commander-partitionminerwithpools-1784932612
    Still waiting... (810s elapsed, pod: Running)
    Still waiting... (1530s elapsed, pod: Running)
    Still waiting... (3060s elapsed, pod: Running)
    Still waiting... (3780s elapsed, pod: Running)
    Still waiting... (4500s elapsed, pod: Running)
    Still waiting... (5220s elapsed, pod: Running)
    Still waiting... (5940s elapsed, pod: Running)
    Still waiting... (6660s elapsed, pod: Running)
    Still waiting... (7380s elapsed, pod: Running)
    Still waiting... (8100s elapsed, pod: Running)
    Still waiting... (8820s elapsed, pod: Running)
    Still waiting... (10350s elapsed, pod: Running)
    Still waiting... (11070s elapsed, pod: Running)
    Still waiting... (11790s elapsed, pod: Running)
    Still waiting... (12510s elapsed, pod: Running)
  Scenario completed (found export marker) after 13190s
  Extracting results...
  Results extracted successfully
  OK (13298s) - ETA: 3 days, 9:53:36
[3/24] Running sweep_0278...
  Injecting sweep config...
  Injecting network metadata...
  Stopping previous network...
  Cooldown 30s...
  Deploying network...
  Waiting 45s for nodes to start...
  Network deployed with 60 pods
  Deploying scenario commander...
  Waiting for scenario completion (up to 16600s)...
    Found commander pod: commander-partitionminerwithpools-1784945933
    Still waiting... (810s elapsed, pod: Running)
    Still waiting... (1530s elapsed, pod: Running)
    Still waiting... (2340s elapsed, pod: Running)
    Still waiting... (3060s elapsed, pod: Running)
    Still waiting... (3600s elapsed, pod: Running)
    Still waiting... (5130s elapsed, pod: Running)
    Still waiting... (5760s elapsed, pod: Running)
    Still waiting... (6480s elapsed, pod: Running)
    Still waiting... (10800s elapsed, pod: Running)
    Still waiting... (11520s elapsed, pod: Running)
    Still waiting... (12240s elapsed, pod: Running)
    Still waiting... (12960s elapsed, pod: Running)
    Pod status: Succeeded after 13183s
  Extracting results...
  Results extracted successfully
  OK (13343s) - ETA: 3 days, 6:03:28
[4/24] Running sweep_0279...
  Injecting sweep config...
  Injecting network metadata...
  Stopping previous network...
  Cooldown 30s...
  Deploying network...
  Waiting 45s for nodes to start...
  Network deployed with 60 pods
  Deploying scenario commander...
  Waiting for scenario completion (up to 16600s)...
    Found commander pod: commander-partitionminerwithpools-1784959292
    Still waiting... (810s elapsed, pod: Running)
    Still waiting... (1530s elapsed, pod: Running)
    Still waiting... (2340s elapsed, pod: Running)
    Still waiting... (3060s elapsed, pod: Running)
    Still waiting... (3780s elapsed, pod: Running)
    Still waiting... (4500s elapsed, pod: Running)
    Still waiting... (6030s elapsed, pod: Running)
    Still waiting... (6750s elapsed, pod: Running)
    Still waiting... (7470s elapsed, pod: Running)
    Still waiting... (8190s elapsed, pod: Running)
    Still waiting... (8910s elapsed, pod: Running)
    Still waiting... (10440s elapsed, pod: Running)
    Still waiting... (11160s elapsed, pod: Running)
    Still waiting... (11880s elapsed, pod: Running)
    Still waiting... (12600s elapsed, pod: Running)
    Still waiting... (13320s elapsed, pod: Running)
  Scenario completed (found export marker) after 13645s
  Extracting results...
  Results extracted successfully
  OK (13793s) - ETA: 3 days, 2:54:43
[5/24] Running sweep_0280...
  Injecting sweep config...
  Injecting network metadata...
  Stopping previous network...
  Cooldown 30s...
  Deploying network...
  Waiting 45s for nodes to start...
  Network deployed with 60 pods
  Deploying scenario commander...
  Waiting for scenario completion (up to 16600s)...
    Found commander pod: commander-partitionminerwithpools-1784973084
    Still waiting... (810s elapsed, pod: Running)
    Still waiting... (1530s elapsed, pod: Running)
    Still waiting... (2340s elapsed, pod: Running)
    Still waiting... (3060s elapsed, pod: Running)
    Still waiting... (3780s elapsed, pod: Running)
    Still waiting... (4500s elapsed, pod: Running)
    Still waiting... (5220s elapsed, pod: Running)
    Still waiting... (5940s elapsed, pod: Running)
    Still waiting... (6660s elapsed, pod: Running)
    Still waiting... (7380s elapsed, pod: Running)
    Still waiting... (8100s elapsed, pod: Running)
    Still waiting... (8820s elapsed, pod: Running)
    Still waiting... (9540s elapsed, pod: Running)
    Still waiting... (10260s elapsed, pod: Running)
    Still waiting... (11610s elapsed, pod: Running)
    Still waiting... (12330s elapsed, pod: Running)
    Still waiting... (13050s elapsed, pod: Running)
    Pod status: Succeeded after 13385s
  Extracting results...
  Results extracted successfully
  OK (13615s) - ETA: 2 days, 23:18:15
[6/24] Running sweep_0281...
  Injecting sweep config...
  Injecting network metadata...
  Stopping previous network...
  Cooldown 30s...
  Deploying network...
  Waiting 45s for nodes to start...
  Network deployed with 60 pods
  Deploying scenario commander...
  Waiting for scenario completion (up to 16600s)...
    Found commander pod: commander-partitionminerwithpools-1784986820
    Still waiting... (810s elapsed, pod: Running)
    Still waiting... (1530s elapsed, pod: Running)
    Still waiting... (2340s elapsed, pod: Running)
    Still waiting... (3060s elapsed, pod: Running)
    Still waiting... (3780s elapsed, pod: Running)
    Still waiting... (5310s elapsed, pod: Running)
    Still waiting... (6030s elapsed, pod: Running)
    Still waiting... (6750s elapsed, pod: Running)
    Still waiting... (7470s elapsed, pod: Running)
    Still waiting... (8190s elapsed, pod: Running)
    Still waiting... (8910s elapsed, pod: Running)
    Still waiting... (9630s elapsed, pod: Running)
    Still waiting... (10350s elapsed, pod: Running)
    Still waiting... (11070s elapsed, pod: Running)
    Still waiting... (12420s elapsed, pod: Running)
    Still waiting... (13140s elapsed, pod: Running)
    Still waiting... (13860s elapsed, pod: Running)
  Scenario completed (found export marker) after 14154s
  Extracting results...
  Results extracted successfully
  OK (14423s) - ETA: 2 days, 20:18:42
[7/24] Running sweep_0282...
  Injecting sweep config...
  Injecting network metadata...
  Stopping previous network...
  Cooldown 30s...
  Deploying network...
  Waiting 45s for nodes to start...
  Network deployed with 60 pods
  Deploying scenario commander...
  Waiting for scenario completion (up to 16600s)...
    Found commander pod: commander-partitionminerwithpools-1785001220
    Still waiting... (810s elapsed, pod: Running)
    Still waiting... (1530s elapsed, pod: Running)
    Still waiting... (2340s elapsed, pod: Running)
    Still waiting... (3060s elapsed, pod: Running)
    Still waiting... (3780s elapsed, pod: Running)
    Still waiting... (4500s elapsed, pod: Running)
    Still waiting... (5220s elapsed, pod: Running)
    Still waiting... (5940s elapsed, pod: Running)
    Still waiting... (6660s elapsed, pod: Running)
    Still waiting... (7380s elapsed, pod: Running)
    Still waiting... (8730s elapsed, pod: Running)
    Still waiting... (9450s elapsed, pod: Running)
    Still waiting... (10080s elapsed, pod: Running)
    Still waiting... (10800s elapsed, pod: Running)
    Still waiting... (11430s elapsed, pod: Running)
    Still waiting... (12780s elapsed, pod: Running)
    Pod status: Succeeded after 13704s
  Extracting results...
  Results extracted successfully
  OK (13948s) - ETA: 2 days, 16:42:34
[8/24] Running sweep_0283...
  Injecting sweep config...
  Injecting network metadata...
  Stopping previous network...
  Cooldown 30s...
  Deploying network...
  Waiting 45s for nodes to start...
  Network deployed with 60 pods
  Deploying scenario commander...
  Waiting for scenario completion (up to 16600s)...
    Found commander pod: commander-partitionminerwithpools-1785015093
    Still waiting... (810s elapsed, pod: Running)
    Still waiting... (1530s elapsed, pod: Running)
    Still waiting... (2250s elapsed, pod: Running)
    Still waiting... (2970s elapsed, pod: Running)
    Still waiting... (3690s elapsed, pod: Running)
    Still waiting... (4410s elapsed, pod: Running)
    Still waiting... (5130s elapsed, pod: Running)
    Still waiting... (5760s elapsed, pod: Running)
    Still waiting... (6480s elapsed, pod: Running)
    Still waiting... (7830s elapsed, pod: Running)
    Still waiting... (8550s elapsed, pod: Running)
    Still waiting... (9180s elapsed, pod: Running)
    Still waiting... (10530s elapsed, pod: Running)
    Still waiting... (11880s elapsed, pod: Running)
    Still waiting... (12510s elapsed, pod: Running)
    Pod status: Succeeded after 13485s
  Extracting results...
  Results extracted successfully
  OK (13733s) - ETA: 2 days, 12:55:10
[9/24] Running sweep_0284...
  Injecting sweep config...
  Injecting network metadata...
  Stopping previous network...
  Cooldown 30s...
  Deploying network...
  Waiting 45s for nodes to start...
  Network deployed with 60 pods
  Deploying scenario commander...
  Waiting for scenario completion (up to 16600s)...
    Found commander pod: commander-partitionminerwithpools-1785028903
    Still waiting... (810s elapsed, pod: Running)
    Still waiting... (1530s elapsed, pod: Running)
    Still waiting... (2250s elapsed, pod: Running)
    Still waiting... (3690s elapsed, pod: Running)
    Still waiting... (4410s elapsed, pod: Running)
    Still waiting... (5130s elapsed, pod: Running)
    Still waiting... (5850s elapsed, pod: Running)
    Still waiting... (6570s elapsed, pod: Running)
    Still waiting... (7920s elapsed, pod: Running)
    Still waiting... (8640s elapsed, pod: Running)
    Still waiting... (9360s elapsed, pod: Running)
    Still waiting... (10080s elapsed, pod: Running)
    Still waiting... (10710s elapsed, pod: Running)
    Still waiting... (11430s elapsed, pod: Running)
    Still waiting... (12150s elapsed, pod: Running)
    Still waiting... (12780s elapsed, pod: Running)
    Still waiting... (13500s elapsed, pod: Running)
    Pod status: Succeeded after 13571s
  Extracting results...
  Results extracted successfully
  OK (13839s) - ETA: 2 days, 9:10:23
[10/24] Running sweep_0285...
  Injecting sweep config...
  Injecting network metadata...
  Stopping previous network...
  Cooldown 30s...
  Deploying network...
  Waiting 45s for nodes to start...
  Network deployed with 60 pods
  Deploying scenario commander...
  Waiting for scenario completion (up to 16600s)...
    Found commander pod: commander-partitionminerwithpools-1785042654
    Still waiting... (810s elapsed, pod: Running)
    Still waiting... (1530s elapsed, pod: Running)
    Still waiting... (2250s elapsed, pod: Running)
    Still waiting... (3780s elapsed, pod: Running)
    Still waiting... (4500s elapsed, pod: Running)
    Still waiting... (5220s elapsed, pod: Running)
    Still waiting... (5940s elapsed, pod: Running)
    Still waiting... (6660s elapsed, pod: Running)
    Still waiting... (7380s elapsed, pod: Running)
    Still waiting... (8100s elapsed, pod: Running)
    Still waiting... (8820s elapsed, pod: Running)
    Still waiting... (9540s elapsed, pod: Running)
    Still waiting... (10260s elapsed, pod: Running)
    Still waiting... (10980s elapsed, pod: Running)
    Still waiting... (13050s elapsed, pod: Running)
    Still waiting... (13770s elapsed, pod: Running)
    Pod status: Succeeded after 13851s
  Extracting results...
  Results extracted successfully
  OK (14040s) - ETA: 2 days, 5:29:07
[11/24] Running sweep_0286...
  Injecting sweep config...
  Injecting network metadata...
  Stopping previous network...
  Cooldown 30s...
  Deploying network...
  Waiting 45s for nodes to start...
  Network deployed with 60 pods
  Deploying scenario commander...
  Waiting for scenario completion (up to 16600s)...
    Found commander pod: commander-partitionminerwithpools-1785056698
    Still waiting... (810s elapsed, pod: Running)
    Still waiting... (1530s elapsed, pod: Running)
    Still waiting... (2250s elapsed, pod: Running)
    Still waiting... (2970s elapsed, pod: Running)
    Still waiting... (3690s elapsed, pod: Running)
    Still waiting... (4410s elapsed, pod: Running)
    Still waiting... (5760s elapsed, pod: Running)
    Still waiting... (6480s elapsed, pod: Running)
    Still waiting... (7200s elapsed, pod: Running)
    Still waiting... (8550s elapsed, pod: Running)
    Still waiting... (9270s elapsed, pod: Running)
    Still waiting... (9990s elapsed, pod: Running)
    Still waiting... (11340s elapsed, pod: Running)
    Still waiting... (12060s elapsed, pod: Running)
    Still waiting... (12690s elapsed, pod: Running)
    Pod status: Succeeded after 13288s
  Extracting results...
  Results extracted successfully
  OK (13522s) - ETA: 2 days, 1:35:20
[12/24] Running sweep_0287...
  Injecting sweep config...
  Injecting network metadata...
  Stopping previous network...
  Cooldown 30s...
  Deploying network...
  Waiting 45s for nodes to start...
  Network deployed with 60 pods
  Deploying scenario commander...
  Waiting for scenario completion (up to 16600s)...
    Found commander pod: commander-partitionminerwithpools-1785070166
    Still waiting... (810s elapsed, pod: Running)
    Still waiting... (1530s elapsed, pod: Running)
    Still waiting... (2340s elapsed, pod: Running)
    Still waiting... (3060s elapsed, pod: Running)
    Still waiting... (3870s elapsed, pod: Running)
    Still waiting... (4590s elapsed, pod: Running)
    Still waiting... (6120s elapsed, pod: Running)
    Still waiting... (6840s elapsed, pod: Running)
    Still waiting... (7560s elapsed, pod: Running)
    Still waiting... (8370s elapsed, pod: Running)
    Still waiting... (9090s elapsed, pod: Running)
    Still waiting... (9810s elapsed, pod: Running)
    Still waiting... (11340s elapsed, pod: Running)
    Still waiting... (12060s elapsed, pod: Running)
    Still waiting... (12780s elapsed, pod: Running)
  Scenario completed (found export marker) after 13155s
  Extracting results...
  Results extracted successfully
  OK (13268s) - ETA: 1 day, 21:38:43
[13/24] Running sweep_0288...
  Injecting sweep config...
  Injecting network metadata...
  Stopping previous network...
  Cooldown 30s...
  Deploying network...
  Waiting 45s for nodes to start...
  Network deployed with 60 pods
  Deploying scenario commander...
  Waiting for scenario completion (up to 16600s)...
    Found commander pod: commander-partitionminerwithpools-1785083433
    Still waiting... (810s elapsed, pod: Running)
    Still waiting... (1620s elapsed, pod: Running)
    Still waiting... (2340s elapsed, pod: Running)
    Still waiting... (3150s elapsed, pod: Running)
    Still waiting... (3870s elapsed, pod: Running)
    Still waiting... (4590s elapsed, pod: Running)
    Still waiting... (6120s elapsed, pod: Running)
    Still waiting... (6840s elapsed, pod: Running)
    Still waiting... (8370s elapsed, pod: Running)
    Still waiting... (9090s elapsed, pod: Running)
    Still waiting... (9810s elapsed, pod: Running)
    Still waiting... (12060s elapsed, pod: Running)
    Still waiting... (12780s elapsed, pod: Running)
    Still waiting... (13500s elapsed, pod: Running)
    Pod status: Succeeded after 13916s
  Extracting results...
  Results extracted successfully
  OK (14025s) - ETA: 1 day, 17:55:10
[14/24] Running sweep_0289...
  Injecting sweep config...
  Injecting network metadata...
  Stopping previous network...
  Cooldown 30s...
  Deploying network...
  Waiting 45s for nodes to start...
  Network deployed with 60 pods
  Deploying scenario commander...
  Waiting for scenario completion (up to 16600s)...
    Found commander pod: commander-partitionminerwithpools-1785097644
    Still waiting... (810s elapsed, pod: Running)
    Still waiting... (2340s elapsed, pod: Running)
    Still waiting... (3060s elapsed, pod: Running)
    Still waiting... (4590s elapsed, pod: Running)
    Still waiting... (5310s elapsed, pod: Running)
    Still waiting... (6030s elapsed, pod: Running)
    Still waiting... (6750s elapsed, pod: Running)
    Still waiting... (7470s elapsed, pod: Running)
    Still waiting... (8190s elapsed, pod: Running)
    Still waiting... (8910s elapsed, pod: Running)
    Still waiting... (9630s elapsed, pod: Running)
    Still waiting... (10980s elapsed, pod: Running)
    Still waiting... (11700s elapsed, pod: Running)
    Still waiting... (12420s elapsed, pod: Running)
  Scenario completed (found export marker) after 13689s
  Extracting results...
  Results extracted successfully
  OK (13983s) - ETA: 1 day, 14:09:39
[15/24] Running sweep_0290...
  Injecting sweep config...
  Injecting network metadata...
  Stopping previous network...
  Cooldown 30s...
  Deploying network...
  Waiting 45s for nodes to start...
  Network deployed with 60 pods
  Deploying scenario commander...
  Waiting for scenario completion (up to 16600s)...
    Found commander pod: commander-partitionminerwithpools-1785111442
    Still waiting... (810s elapsed, pod: Running)
    Still waiting... (1530s elapsed, pod: Running)
    Still waiting... (3060s elapsed, pod: Running)
    Still waiting... (3780s elapsed, pod: Running)
    Still waiting... (8100s elapsed, pod: Running)
    Still waiting... (8820s elapsed, pod: Running)
    Still waiting... (9540s elapsed, pod: Running)
    Still waiting... (10890s elapsed, pod: Running)
    Still waiting... (12240s elapsed, pod: Running)
    Still waiting... (12960s elapsed, pod: Running)
    Pod status: Succeeded after 13843s
  Extracting results...
  Results extracted successfully
  OK (14016s) - ETA: 1 day, 10:23:28
[16/24] Running sweep_0291...
  Injecting sweep config...
  Injecting network metadata...
  Stopping previous network...
  Cooldown 30s...
  Deploying network...
  Waiting 45s for nodes to start...
  Network deployed with 60 pods
  Deploying scenario commander...
  Waiting for scenario completion (up to 16600s)...
    Found commander pod: commander-partitionminerwithpools-1785125496
    Still waiting... (810s elapsed, pod: Running)
    Still waiting... (2340s elapsed, pod: Running)
    Still waiting... (3870s elapsed, pod: Running)
    Still waiting... (4590s elapsed, pod: Running)
    Still waiting... (5310s elapsed, pod: Running)
    Still waiting... (6120s elapsed, pod: Running)
    Still waiting... (6840s elapsed, pod: Running)
    Still waiting... (7560s elapsed, pod: Running)
    Still waiting... (8280s elapsed, pod: Running)
    Still waiting... (9810s elapsed, pod: Running)
    Still waiting... (10530s elapsed, pod: Running)
    Still waiting... (11250s elapsed, pod: Running)
    Still waiting... (11970s elapsed, pod: Running)
    Still waiting... (12690s elapsed, pod: Running)
    Still waiting... (13410s elapsed, pod: Running)
  Scenario completed (found export marker) after 13441s
  Extracting results...
  Results extracted successfully
  OK (13588s) - ETA: 1 day, 6:32:48
[17/24] Running sweep_0292...
  Injecting sweep config...
  Injecting network metadata...
  Stopping previous network...
  Cooldown 30s...
  Deploying network...
  Waiting 45s for nodes to start...
  Network deployed with 60 pods
  Deploying scenario commander...
  Waiting for scenario completion (up to 16600s)...
    Found commander pod: commander-partitionminerwithpools-1785139084
    Still waiting... (810s elapsed, pod: Running)
    Still waiting... (2340s elapsed, pod: Running)
    Still waiting... (3060s elapsed, pod: Running)
    Still waiting... (3780s elapsed, pod: Running)
    Still waiting... (4500s elapsed, pod: Running)
    Still waiting... (5220s elapsed, pod: Running)
    Still waiting... (5940s elapsed, pod: Running)
    Still waiting... (6660s elapsed, pod: Running)
    Still waiting... (7380s elapsed, pod: Running)
    Still waiting... (9450s elapsed, pod: Running)
    Still waiting... (10170s elapsed, pod: Running)
    Still waiting... (10890s elapsed, pod: Running)
    Still waiting... (12240s elapsed, pod: Running)
    Still waiting... (12960s elapsed, pod: Running)
    Still waiting... (13590s elapsed, pod: Running)
    Pod status: Succeeded after 13782s
  Extracting results...
  Results extracted successfully
  OK (13929s) - ETA: 1 day, 2:44:57
[18/24] Running sweep_0293...
  Injecting sweep config...
  Injecting network metadata...
  Stopping previous network...
  Cooldown 30s...
  Deploying network...
  Waiting 45s for nodes to start...
  Network deployed with 60 pods
  Deploying scenario commander...
  Waiting for scenario completion (up to 16600s)...
    Found commander pod: commander-partitionminerwithpools-1785153375
    Still waiting... (810s elapsed, pod: Running)
    Still waiting... (1530s elapsed, pod: Running)
    Still waiting... (3060s elapsed, pod: Running)
    Still waiting... (3780s elapsed, pod: Running)
    Still waiting... (4500s elapsed, pod: Running)
    Still waiting... (5220s elapsed, pod: Running)
    Still waiting... (5940s elapsed, pod: Running)
    Still waiting... (7290s elapsed, pod: Running)
    Still waiting... (8010s elapsed, pod: Running)
    Still waiting... (9360s elapsed, pod: Running)
    Still waiting... (10080s elapsed, pod: Running)
    Still waiting... (11430s elapsed, pod: Running)
    Still waiting... (12780s elapsed, pod: Running)
    Still waiting... (13410s elapsed, pod: Running)
    Pod status: Succeeded after 13501s
  Extracting results...
  Results extracted successfully
  OK (14147s) - ETA: 22:57:50
[19/24] Running sweep_0294...
  Injecting sweep config...
  Injecting network metadata...
  Stopping previous network...
  Cooldown 30s...
  Deploying network...
  Waiting 45s for nodes to start...
  Network deployed with 60 pods
  Deploying scenario commander...
  Waiting for scenario completion (up to 16600s)...
    Found commander pod: commander-partitionminerwithpools-1785167161
    Still waiting... (810s elapsed, pod: Running)
    Still waiting... (1530s elapsed, pod: Running)
    Still waiting... (3060s elapsed, pod: Running)
    Still waiting... (3780s elapsed, pod: Running)
    Still waiting... (4500s elapsed, pod: Running)
    Still waiting... (5220s elapsed, pod: Running)
    Still waiting... (5940s elapsed, pod: Running)
    Still waiting... (6660s elapsed, pod: Running)
    Still waiting... (7380s elapsed, pod: Running)
    Still waiting... (9450s elapsed, pod: Running)
    Still waiting... (10170s elapsed, pod: Running)
    Still waiting... (11520s elapsed, pod: Running)
    Still waiting... (12240s elapsed, pod: Running)
    Still waiting... (12870s elapsed, pod: Running)
    Pod status: Succeeded after 13519s
  Extracting results...
  Results extracted successfully
  OK (13666s) - ETA: 19:07:42
[20/24] Running sweep_0295...
  Injecting sweep config...
  Injecting network metadata...
  Stopping previous network...
  Cooldown 30s...
  Deploying network...
  Waiting 45s for nodes to start...
  Network deployed with 60 pods
  Deploying scenario commander...
  Waiting for scenario completion (up to 16600s)...
    Found commander pod: commander-partitionminerwithpools-1785180858
    Still waiting... (810s elapsed, pod: Running)
    Still waiting... (2340s elapsed, pod: Running)
    Still waiting... (3060s elapsed, pod: Running)
    Still waiting... (3780s elapsed, pod: Running)
    Still waiting... (5310s elapsed, pod: Running)
    Still waiting... (6030s elapsed, pod: Running)
    Still waiting... (6750s elapsed, pod: Running)
    Still waiting... (8100s elapsed, pod: Running)
    Still waiting... (8820s elapsed, pod: Running)
    Still waiting... (9540s elapsed, pod: Running)
    Still waiting... (10260s elapsed, pod: Running)
    Still waiting... (10890s elapsed, pod: Running)
    Still waiting... (11610s elapsed, pod: Running)
    Still waiting... (12960s elapsed, pod: Running)
    Pod status: Succeeded after 13670s
  Extracting results...
  Results extracted successfully
  OK (13854s) - ETA: 15:18:26
[21/24] Running sweep_0296...
  Injecting sweep config...
  Injecting network metadata...
  Stopping previous network...
  Cooldown 30s...
  Deploying network...
  Waiting 45s for nodes to start...
  Network deployed with 60 pods
  Deploying scenario commander...
  Waiting for scenario completion (up to 16600s)...
    Found commander pod: commander-partitionminerwithpools-1785194670
    Still waiting... (810s elapsed, pod: Running)
    Still waiting... (1620s elapsed, pod: Running)
    Still waiting... (2340s elapsed, pod: Running)
    Still waiting... (3060s elapsed, pod: Running)
    Still waiting... (3870s elapsed, pod: Running)
    Still waiting... (4590s elapsed, pod: Running)
    Still waiting... (6120s elapsed, pod: Running)
    Still waiting... (6840s elapsed, pod: Running)
    Still waiting... (7560s elapsed, pod: Running)
    Still waiting... (9090s elapsed, pod: Running)
    Still waiting... (9810s elapsed, pod: Running)
    Still waiting... (10530s elapsed, pod: Running)
    Still waiting... (11250s elapsed, pod: Running)
    Still waiting... (12780s elapsed, pod: Running)
    Still waiting... (13500s elapsed, pod: Running)
    Pod status: Succeeded after 13977s
  Extracting results...
  Results extracted successfully
  OK (14114s) - ETA: 11:29:37
[22/24] Running sweep_0297...
  Injecting sweep config...
  Injecting network metadata...
  Stopping previous network...
  Cooldown 30s...
  Deploying network...
  Waiting 45s for nodes to start...
  Network deployed with 60 pods
  Deploying scenario commander...
  Waiting for scenario completion (up to 16600s)...
    Found commander pod: commander-partitionminerwithpools-1785208798
    Still waiting... (810s elapsed, pod: Pending)
    Still waiting... (1620s elapsed, pod: Pending)
    Still waiting... (2340s elapsed, pod: Pending)
    Still waiting... (3060s elapsed, pod: Pending)
    Still waiting... (3690s elapsed, pod: Pending)
    Still waiting... (4320s elapsed, pod: Pending)
    Still waiting... (4950s elapsed, pod: Pending)
    Still waiting... (5580s elapsed, pod: Pending)
    Still waiting... (6120s elapsed, pod: Pending)
    Still waiting... (7830s elapsed, pod: Pending)
    Still waiting... (8820s elapsed, pod: Pending)
    Still waiting... (9360s elapsed, pod: Pending)
    Still waiting... (10350s elapsed, pod: Pending)
    Still waiting... (10800s elapsed, pod: Pending)
    Still waiting... (11250s elapsed, pod: Pending)
    Still waiting... (11700s elapsed, pod: Pending)
    Still waiting... (13050s elapsed, pod: Pending)
    Still waiting... (14310s elapsed, pod: Pending)
    Still waiting... (15120s elapsed, pod: Pending)
    Still waiting... (15930s elapsed, pod: Pending)
    Still waiting... (16290s elapsed, pod: Pending)
  Warning: Scenario did not complete within 16600s
  Warning: Scenario may not have completed properly
  Extracting results...
  Warning: Could not get scenario logs
  OK (17357s) - ETA: 7:45:09
[23/24] Running sweep_0298...
  Injecting sweep config...
  Injecting network metadata...
  Stopping previous network...
  Cooldown 30s...
  Deploying network...
  Waiting 45s for nodes to start...
  Network deployed with 60 pods
  Deploying scenario commander...
  Waiting for scenario completion (up to 16600s)...
    Found commander pod: commander-partitionminerwithpools-1785226463
    Still waiting... (810s elapsed, pod: Running)
    Still waiting... (1530s elapsed, pod: Running)
    Still waiting... (2340s elapsed, pod: Running)
    Still waiting... (3060s elapsed, pod: Running)
    Still waiting... (3870s elapsed, pod: Running)
    Still waiting... (4590s elapsed, pod: Running)
    Still waiting... (6120s elapsed, pod: Running)
    Still waiting... (6840s elapsed, pod: Running)
    Still waiting... (7560s elapsed, pod: Running)
    Still waiting... (8280s elapsed, pod: Running)
    Still waiting... (11160s elapsed, pod: Running)
    Still waiting... (11880s elapsed, pod: Running)
    Still waiting... (12510s elapsed, pod: Running)
    Still waiting... (13230s elapsed, pod: Running)
    Pod status: Succeeded after 13281s
  Extracting results...
  Results extracted successfully
  OK (13741s) - ETA: 3:52:25
[24/24] Running sweep_0299...
  Injecting sweep config...
  Injecting network metadata...
  Stopping previous network...
  Cooldown 30s...
  Deploying network...
  Waiting 45s for nodes to start...
  Network deployed with 60 pods
  Deploying scenario commander...
  Waiting for scenario completion (up to 16600s)...
    Found commander pod: commander-partitionminerwithpools-1785239890
    Still waiting... (810s elapsed, pod: Running)
    Still waiting... (1530s elapsed, pod: Running)
    Still waiting... (2250s elapsed, pod: Running)
    Still waiting... (2970s elapsed, pod: Running)
    Still waiting... (4500s elapsed, pod: Running)
    Still waiting... (5220s elapsed, pod: Running)
    Still waiting... (5940s elapsed, pod: Running)
    Still waiting... (6660s elapsed, pod: Running)
    Still waiting... (7380s elapsed, pod: Running)
    Still waiting... (8100s elapsed, pod: Running)
    Still waiting... (9450s elapsed, pod: Running)
    Still waiting... (10170s elapsed, pod: Running)
    Still waiting... (10800s elapsed, pod: Running)
    Still waiting... (11430s elapsed, pod: Running)
    Still waiting... (12060s elapsed, pod: Running)
    Pod status: Succeeded after 13740s
  Extracting results...
  Results extracted successfully
  OK (13889s) - ETA: 0:00:00

============================================================
Final cleanup - ensuring cluster is clean...
============================================================
  Force cleaning cluster...
  Cluster is clean

============================================================
Sweep Complete!
============================================================
Completed: 30
Failed: 0
Total time: 3 days, 20:57:40
Results saved to: /home/pfoy/bitcoin/warnetScenarioDiscovery/tools/sweep/lhs_2016_timing_swap/results_server2

Next step: python 4_analyze_results.py --input /home/pfoy/bitcoin/warnetScenarioDiscovery/tools/sweep/lhs_2016_timing_swap/results_server2
