Filtered to 25 specified scenarios

============================================================
Parameter Sweep Runner
============================================================
Total scenarios: 25
Already completed: 6
Pending: 24
Duration per scenario: 13000s (217 min)
Startup wait: 45s
Estimated total time: 87.0 hours
Results directory: /home/pfoy/bitcoin/warnetScenarioDiscovery/tools/sweep/lhs_2016_timing_swap/results_server2
Namespace: ns-8
Auto-restart: after 3 consecutive failures

Starting sweep at 2026-07-24T14:49:08.216860...
------------------------------------------------------------
Initial cleanup - stopping any running networks...
  Cooldown 30s...
[1/24] Running sweep_0201...
  Injecting sweep config...
  Injecting network metadata...
  Stopping previous network...
  Cooldown 30s...
  Deploying network...
  Waiting 45s for nodes to start...
  Network deployed with 60 pods
  Deploying scenario commander...
  Waiting for scenario completion (up to 16600s)...
    Found commander pod: commander-partitionminerwithpools-1784919090
    Still waiting... (810s elapsed, pod: Running)
    Still waiting... (1530s elapsed, pod: Running)
    Still waiting... (2340s elapsed, pod: Running)
    Still waiting... (3060s elapsed, pod: Running)
    Still waiting... (3780s elapsed, pod: Running)
    Still waiting... (4590s elapsed, pod: Running)
    Still waiting... (5310s elapsed, pod: Running)
    Still waiting... (6030s elapsed, pod: Running)
    Still waiting... (7560s elapsed, pod: Running)
    Still waiting... (8280s elapsed, pod: Running)
    Still waiting... (9000s elapsed, pod: Running)
    Still waiting... (9720s elapsed, pod: Running)
    Still waiting... (11250s elapsed, pod: Running)
    Still waiting... (11970s elapsed, pod: Running)
    Still waiting... (12690s elapsed, pod: Running)
    Pod status: Succeeded after 13431s
  Extracting results...
  Results extracted successfully
  OK (13529s) - ETA: 3 days, 14:26:10
[2/24] Running sweep_0202...
  Injecting sweep config...
  Injecting network metadata...
  Stopping previous network...
  Cooldown 30s...
  Deploying network...
  Waiting 45s for nodes to start...
  Network deployed with 60 pods
  Deploying scenario commander...
  Waiting for scenario completion (up to 16600s)...
    Found commander pod: commander-partitionminerwithpools-1784932638
    Still waiting... (810s elapsed, pod: Running)
    Still waiting... (1530s elapsed, pod: Running)
    Still waiting... (2340s elapsed, pod: Running)
    Still waiting... (3060s elapsed, pod: Running)
    Still waiting... (4590s elapsed, pod: Running)
    Still waiting... (5310s elapsed, pod: Running)
    Still waiting... (6030s elapsed, pod: Running)
    Still waiting... (6750s elapsed, pod: Running)
    Still waiting... (8280s elapsed, pod: Running)
    Still waiting... (9000s elapsed, pod: Running)
    Still waiting... (9900s elapsed, pod: Running)
    Still waiting... (10620s elapsed, pod: Running)
    Still waiting... (11340s elapsed, pod: Running)
    Still waiting... (12060s elapsed, pod: Running)
    Still waiting... (12780s elapsed, pod: Running)
    Still waiting... (13500s elapsed, pod: Running)
    Pod status: Succeeded after 13844s
  Extracting results...
  Results extracted successfully
  OK (13952s) - ETA: 3 days, 11:58:16
[3/24] Running sweep_0203...
  Injecting sweep config...
  Injecting network metadata...
  Stopping previous network...
  Cooldown 30s...
  Deploying network...
  Waiting 45s for nodes to start...
  Network deployed with 60 pods
  Deploying scenario commander...
  Waiting for scenario completion (up to 16600s)...
    Found commander pod: commander-partitionminerwithpools-1784946689
    Still waiting... (810s elapsed, pod: Running)
    Still waiting... (1530s elapsed, pod: Running)
    Still waiting... (2340s elapsed, pod: Running)
    Still waiting... (2880s elapsed, pod: Running)
    Still waiting... (3600s elapsed, pod: Running)
    Still waiting... (4410s elapsed, pod: Running)
    Still waiting... (5130s elapsed, pod: Running)
    Still waiting... (5850s elapsed, pod: Running)
    Still waiting... (7380s elapsed, pod: Running)
    Still waiting... (8100s elapsed, pod: Running)
    Still waiting... (8820s elapsed, pod: Running)
    Still waiting... (9540s elapsed, pod: Running)
    Still waiting... (10260s elapsed, pod: Running)
    Still waiting... (10980s elapsed, pod: Running)
    Still waiting... (11700s elapsed, pod: Running)
    Still waiting... (12420s elapsed, pod: Running)
    Still waiting... (13050s elapsed, pod: Running)
    Pod status: Succeeded after 13709s
  Extracting results...
  Results extracted successfully
  OK (13915s) - ETA: 3 days, 8:29:36
[4/24] Running sweep_0204...
  Injecting sweep config...
  Injecting network metadata...
  Stopping previous network...
  Cooldown 30s...
  Deploying network...
  Waiting 45s for nodes to start...
  Network deployed with 60 pods
  Deploying scenario commander...
  Waiting for scenario completion (up to 16600s)...
    Found commander pod: commander-partitionminerwithpools-1784960585
    Still waiting... (810s elapsed, pod: Running)
    Still waiting... (2340s elapsed, pod: Running)
    Still waiting... (3060s elapsed, pod: Running)
    Still waiting... (3870s elapsed, pod: Running)
    Still waiting... (4590s elapsed, pod: Running)
    Still waiting... (6120s elapsed, pod: Running)
    Still waiting... (6840s elapsed, pod: Running)
    Still waiting... (8370s elapsed, pod: Running)
    Still waiting... (9090s elapsed, pod: Running)
    Still waiting... (9810s elapsed, pod: Running)
    Still waiting... (10530s elapsed, pod: Running)
    Still waiting... (11250s elapsed, pod: Running)
  Scenario completed (found export marker) after 13764s
  Extracting results...
  Results extracted successfully
  OK (13952s) - ETA: 3 days, 4:52:21
[5/24] Running sweep_0205...
  Injecting sweep config...
  Injecting network metadata...
  Stopping previous network...
  Cooldown 30s...
  Deploying network...
  Waiting 45s for nodes to start...
  Network deployed with 60 pods
  Deploying scenario commander...
  Waiting for scenario completion (up to 16600s)...
    Found commander pod: commander-partitionminerwithpools-1784974629
    Still waiting... (810s elapsed, pod: Running)
    Still waiting... (1530s elapsed, pod: Running)
    Still waiting... (2340s elapsed, pod: Running)
    Still waiting... (3060s elapsed, pod: Running)
    Still waiting... (4590s elapsed, pod: Running)
    Still waiting... (5310s elapsed, pod: Running)
    Still waiting... (6030s elapsed, pod: Running)
    Still waiting... (8100s elapsed, pod: Running)
    Still waiting... (8820s elapsed, pod: Running)
    Still waiting... (9540s elapsed, pod: Running)
    Still waiting... (10890s elapsed, pod: Running)
    Still waiting... (12240s elapsed, pod: Running)
  Scenario completed (found export marker) after 13367s
  Extracting results...
  Results extracted successfully
  OK (13646s) - ETA: 3 days, 0:49:39
[6/24] Running sweep_0206...
  Injecting sweep config...
  Injecting network metadata...
  Stopping previous network...
  Cooldown 30s...
  Deploying network...
  Waiting 45s for nodes to start...
  Network deployed with 60 pods
  Deploying scenario commander...
  Waiting for scenario completion (up to 16600s)...
    Found commander pod: commander-partitionminerwithpools-1784988142
    Still waiting... (810s elapsed, pod: Running)
    Still waiting... (1530s elapsed, pod: Running)
    Still waiting... (2340s elapsed, pod: Running)
    Still waiting... (3060s elapsed, pod: Running)
    Still waiting... (3780s elapsed, pod: Running)
    Still waiting... (5310s elapsed, pod: Running)
    Still waiting... (6030s elapsed, pod: Running)
    Still waiting... (6750s elapsed, pod: Running)
    Still waiting... (7470s elapsed, pod: Running)
    Still waiting... (8190s elapsed, pod: Running)
    Still waiting... (9540s elapsed, pod: Running)
    Still waiting... (10260s elapsed, pod: Running)
    Still waiting... (10980s elapsed, pod: Running)
    Still waiting... (11700s elapsed, pod: Running)
    Still waiting... (13050s elapsed, pod: Running)
    Still waiting... (13770s elapsed, pod: Running)
    Pod status: Succeeded after 13872s
  Extracting results...
  Results extracted successfully
  OK (14022s) - ETA: 2 days, 21:10:48
[7/24] Running sweep_0207...
  Injecting sweep config...
  Injecting network metadata...
  Stopping previous network...
  Cooldown 30s...
  Deploying network...
  Waiting 45s for nodes to start...
  Network deployed with 60 pods
  Deploying scenario commander...
  Waiting for scenario completion (up to 16600s)...
    Found commander pod: commander-partitionminerwithpools-1785002125
    Still waiting... (810s elapsed, pod: Running)
    Still waiting... (1620s elapsed, pod: Running)
    Still waiting... (2340s elapsed, pod: Running)
    Still waiting... (3060s elapsed, pod: Running)
    Still waiting... (3870s elapsed, pod: Running)
    Still waiting... (4590s elapsed, pod: Running)
    Still waiting... (6120s elapsed, pod: Running)
    Still waiting... (6840s elapsed, pod: Running)
    Still waiting... (8370s elapsed, pod: Running)
    Still waiting... (9090s elapsed, pod: Running)
    Still waiting... (9810s elapsed, pod: Running)
    Still waiting... (11340s elapsed, pod: Running)
    Still waiting... (12060s elapsed, pod: Running)
    Still waiting... (12780s elapsed, pod: Running)
    Still waiting... (13500s elapsed, pod: Running)
    Pod status: Succeeded after 13591s
  Extracting results...
  Results extracted successfully
  OK (13726s) - ETA: 2 days, 17:15:46
[8/24] Running sweep_0208...
  Injecting sweep config...
  Injecting network metadata...
  Stopping previous network...
  Cooldown 30s...
  Deploying network...
  Waiting 45s for nodes to start...
  Network deployed with 60 pods
  Deploying scenario commander...
  Waiting for scenario completion (up to 16600s)...
    Found commander pod: commander-partitionminerwithpools-1785015852
    Still waiting... (810s elapsed, pod: Running)
    Still waiting... (1530s elapsed, pod: Running)
    Still waiting... (2340s elapsed, pod: Running)
    Still waiting... (3060s elapsed, pod: Running)
    Still waiting... (3870s elapsed, pod: Running)
    Still waiting... (4590s elapsed, pod: Running)
    Still waiting... (5310s elapsed, pod: Running)
    Still waiting... (6120s elapsed, pod: Running)
    Still waiting... (6840s elapsed, pod: Running)
    Still waiting... (8370s elapsed, pod: Running)
    Still waiting... (9090s elapsed, pod: Running)
    Still waiting... (9810s elapsed, pod: Running)
    Still waiting... (10530s elapsed, pod: Running)
    Still waiting... (12060s elapsed, pod: Running)
    Still waiting... (12780s elapsed, pod: Running)
    Still waiting... (13500s elapsed, pod: Running)
    Pod status: Succeeded after 13551s
  Extracting results...
  Results extracted successfully
  OK (13660s) - ETA: 2 days, 13:20:05
[9/24] Running sweep_0209...
  Injecting sweep config...
  Injecting network metadata...
  Stopping previous network...
  Cooldown 30s...
  Deploying network...
  Waiting 45s for nodes to start...
  Network deployed with 60 pods
  Deploying scenario commander...
  Waiting for scenario completion (up to 16600s)...
    Found commander pod: commander-partitionminerwithpools-1785029537
    Still waiting... (810s elapsed, pod: Running)
    Still waiting... (1530s elapsed, pod: Running)
    Still waiting... (2340s elapsed, pod: Running)
    Still waiting... (3060s elapsed, pod: Running)
    Still waiting... (4590s elapsed, pod: Running)
    Still waiting... (5310s elapsed, pod: Running)
    Still waiting... (6030s elapsed, pod: Running)
    Still waiting... (6750s elapsed, pod: Running)
    Still waiting... (8280s elapsed, pod: Running)
    Still waiting... (9000s elapsed, pod: Running)
    Still waiting... (9720s elapsed, pod: Running)
    Still waiting... (10440s elapsed, pod: Running)
    Still waiting... (11160s elapsed, pod: Running)
    Still waiting... (11880s elapsed, pod: Running)
    Still waiting... (12600s elapsed, pod: Running)
    Still waiting... (13950s elapsed, pod: Running)
    Pod status: Succeeded after 14112s
  Extracting results...
  Results extracted successfully
  OK (14246s) - ETA: 2 days, 9:42:27
[10/24] Running sweep_0210...
  Injecting sweep config...
  Injecting network metadata...
  Stopping previous network...
  Cooldown 30s...
  Deploying network...
  Waiting 45s for nodes to start...
  Network deployed with 60 pods
  Deploying scenario commander...
  Waiting for scenario completion (up to 16600s)...
    Found commander pod: commander-partitionminerwithpools-1785043993
    Still waiting... (810s elapsed, pod: Running)
    Still waiting... (1530s elapsed, pod: Running)
    Still waiting... (2250s elapsed, pod: Running)
    Still waiting... (3060s elapsed, pod: Running)
    Still waiting... (3780s elapsed, pod: Running)
    Still waiting... (4500s elapsed, pod: Running)
    Still waiting... (6030s elapsed, pod: Running)
    Still waiting... (6750s elapsed, pod: Running)
    Still waiting... (7470s elapsed, pod: Running)
    Still waiting... (8190s elapsed, pod: Running)
    Still waiting... (8910s elapsed, pod: Running)
    Still waiting... (11880s elapsed, pod: Running)
  Scenario completed (found export marker) after 13148s
  Extracting results...
  Results extracted successfully
  OK (13557s) - ETA: 2 days, 5:44:47
[11/24] Running sweep_0211...
  Injecting sweep config...
  Injecting network metadata...
  Stopping previous network...
  Cooldown 30s...
  Deploying network...
  Waiting 45s for nodes to start...
  Network deployed with 60 pods
  Deploying scenario commander...
  Waiting for scenario completion (up to 16600s)...
    Found commander pod: commander-partitionminerwithpools-1785057449
    Still waiting... (810s elapsed, pod: Running)
    Still waiting... (2340s elapsed, pod: Running)
    Still waiting... (3150s elapsed, pod: Running)
    Still waiting... (3870s elapsed, pod: Running)
    Still waiting... (4590s elapsed, pod: Running)
    Still waiting... (7470s elapsed, pod: Running)
    Still waiting... (8190s elapsed, pod: Running)
    Still waiting... (8910s elapsed, pod: Running)
    Still waiting... (9630s elapsed, pod: Running)
    Still waiting... (10980s elapsed, pod: Running)
    Still waiting... (11700s elapsed, pod: Running)
    Still waiting... (12330s elapsed, pod: Running)
    Still waiting... (13050s elapsed, pod: Running)
  Scenario completed (found export marker) after 13862s
  Extracting results...
  Results extracted successfully
  OK (14129s) - ETA: 2 days, 2:00:30
[12/24] Running sweep_0212...
  Injecting sweep config...
  Injecting network metadata...
  Stopping previous network...
  Cooldown 30s...
  Deploying network...
  Waiting 45s for nodes to start...
  Network deployed with 60 pods
  Deploying scenario commander...
  Waiting for scenario completion (up to 16600s)...
    Found commander pod: commander-partitionminerwithpools-1785071490
    Still waiting... (810s elapsed, pod: Running)
    Still waiting... (2340s elapsed, pod: Running)
    Still waiting... (3060s elapsed, pod: Running)
    Still waiting... (3870s elapsed, pod: Running)
    Still waiting... (4590s elapsed, pod: Running)
    Still waiting... (5310s elapsed, pod: Running)
    Still waiting... (6840s elapsed, pod: Running)
    Still waiting... (7560s elapsed, pod: Running)
    Still waiting... (8280s elapsed, pod: Running)
    Still waiting... (9000s elapsed, pod: Running)
    Still waiting... (9720s elapsed, pod: Running)
    Still waiting... (10440s elapsed, pod: Running)
    Still waiting... (11160s elapsed, pod: Running)
    Still waiting... (11880s elapsed, pod: Running)
    Still waiting... (12600s elapsed, pod: Running)
  Scenario completed (found export marker) after 13899s
  Extracting results...
  Results extracted successfully
  OK (14055s) - ETA: 1 day, 22:13:08
[13/24] Running sweep_0213...
  Injecting sweep config...
  Injecting network metadata...
  Stopping previous network...
  Cooldown 30s...
  Deploying network...
  Waiting 45s for nodes to start...
  Network deployed with 60 pods
  Deploying scenario commander...
  Waiting for scenario completion (up to 16600s)...
    Found commander pod: commander-partitionminerwithpools-1785085637
    Still waiting... (810s elapsed, pod: Running)
    Still waiting... (1530s elapsed, pod: Running)
    Still waiting... (2340s elapsed, pod: Running)
    Still waiting... (3060s elapsed, pod: Running)
    Still waiting... (3780s elapsed, pod: Running)
    Still waiting... (4500s elapsed, pod: Running)
    Still waiting... (5220s elapsed, pod: Running)
    Still waiting... (5940s elapsed, pod: Running)
    Still waiting... (7290s elapsed, pod: Running)
    Still waiting... (8010s elapsed, pod: Running)
    Still waiting... (8730s elapsed, pod: Running)
    Still waiting... (10080s elapsed, pod: Running)
    Still waiting... (10800s elapsed, pod: Running)
    Still waiting... (12150s elapsed, pod: Running)
    Still waiting... (12870s elapsed, pod: Running)
    Pod status: Succeeded after 13662s
  Extracting results...
  Results extracted successfully
  OK (13909s) - ETA: 1 day, 18:22:39
[14/24] Running sweep_0214...
  Injecting sweep config...
  Injecting network metadata...
  Stopping previous network...
  Cooldown 30s...
  Deploying network...
  Waiting 45s for nodes to start...
  Network deployed with 60 pods
  Deploying scenario commander...
  Waiting for scenario completion (up to 16600s)...
    Found commander pod: commander-partitionminerwithpools-1785099535
    Still waiting... (810s elapsed, pod: Running)
    Still waiting... (1530s elapsed, pod: Running)
    Still waiting... (2340s elapsed, pod: Running)
    Still waiting... (3060s elapsed, pod: Running)
    Still waiting... (3780s elapsed, pod: Running)
    Still waiting... (4500s elapsed, pod: Running)
    Still waiting... (5220s elapsed, pod: Running)
    Still waiting... (5940s elapsed, pod: Running)
    Still waiting... (6660s elapsed, pod: Running)
    Still waiting... (7380s elapsed, pod: Running)
    Still waiting... (8100s elapsed, pod: Running)
    Still waiting... (9450s elapsed, pod: Running)
    Still waiting... (10170s elapsed, pod: Running)
    Still waiting... (11520s elapsed, pod: Running)
    Still waiting... (12240s elapsed, pod: Running)
    Still waiting... (13590s elapsed, pod: Running)
    Pod status: Succeeded after 13671s
  Extracting results...
  Results extracted successfully
  OK (13935s) - ETA: 1 day, 14:32:17
[15/24] Running sweep_0215...
  Injecting sweep config...
  Injecting network metadata...
  Stopping previous network...
  Cooldown 30s...
  Deploying network...
  Waiting 45s for nodes to start...
  Network deployed with 60 pods
  Deploying scenario commander...
  Waiting for scenario completion (up to 16600s)...
    Found commander pod: commander-partitionminerwithpools-1785113643
    Still waiting... (810s elapsed, pod: Running)
    Still waiting... (1530s elapsed, pod: Running)
    Still waiting... (3060s elapsed, pod: Running)
    Still waiting... (4590s elapsed, pod: Running)
    Still waiting... (6120s elapsed, pod: Running)
    Still waiting... (7650s elapsed, pod: Running)
    Still waiting... (8370s elapsed, pod: Running)
    Still waiting... (9090s elapsed, pod: Running)
    Still waiting... (9810s elapsed, pod: Running)
    Still waiting... (10530s elapsed, pod: Running)
    Still waiting... (12780s elapsed, pod: Running)
    Pod status: Succeeded after 13328s
  Extracting results...
  Results extracted successfully
  OK (13737s) - ETA: 1 day, 10:39:42
[16/24] Running sweep_0216...
  Injecting sweep config...
  Injecting network metadata...
  Stopping previous network...
  Cooldown 30s...
  Deploying network...
  Waiting 45s for nodes to start...
  Network deployed with 60 pods
  Deploying scenario commander...
  Waiting for scenario completion (up to 16600s)...
    Found commander pod: commander-partitionminerwithpools-1785127093
    Still waiting... (810s elapsed, pod: Running)
    Still waiting... (2340s elapsed, pod: Running)
    Still waiting... (3060s elapsed, pod: Running)
    Still waiting... (3870s elapsed, pod: Running)
    Still waiting... (4590s elapsed, pod: Running)
    Still waiting... (5310s elapsed, pod: Running)
    Still waiting... (6030s elapsed, pod: Running)
    Still waiting... (8910s elapsed, pod: Running)
    Still waiting... (9630s elapsed, pod: Running)
    Still waiting... (10350s elapsed, pod: Running)
    Still waiting... (10980s elapsed, pod: Running)
    Still waiting... (11700s elapsed, pod: Running)
    Still waiting... (12330s elapsed, pod: Running)
    Still waiting... (13050s elapsed, pod: Running)
    Pod status: Succeeded after 13233s
  Extracting results...
  Results extracted successfully
  OK (13381s) - ETA: 1 day, 6:44:35
[17/24] Running sweep_0217...
  Injecting sweep config...
  Injecting network metadata...
  Stopping previous network...
  Cooldown 30s...
  Deploying network...
  Waiting 45s for nodes to start...
  Network deployed with 60 pods
  Deploying scenario commander...
  Waiting for scenario completion (up to 16600s)...
    Found commander pod: commander-partitionminerwithpools-1785140736
    Still waiting... (810s elapsed, pod: Running)
    Still waiting... (1530s elapsed, pod: Running)
    Still waiting... (2340s elapsed, pod: Running)
    Still waiting... (3060s elapsed, pod: Running)
    Still waiting... (4590s elapsed, pod: Running)
    Still waiting... (6120s elapsed, pod: Running)
    Still waiting... (6840s elapsed, pod: Running)
    Still waiting... (8370s elapsed, pod: Running)
    Still waiting... (9090s elapsed, pod: Running)
    Still waiting... (9900s elapsed, pod: Running)
    Still waiting... (10620s elapsed, pod: Running)
    Still waiting... (11340s elapsed, pod: Running)
    Still waiting... (12060s elapsed, pod: Running)
    Still waiting... (12780s elapsed, pod: Running)
    Pod status: Succeeded after 13195s
  Extracting results...
  Results extracted successfully
  OK (13579s) - ETA: 1 day, 2:52:16
[18/24] Running sweep_0218...
  Injecting sweep config...
  Injecting network metadata...
  Stopping previous network...
  Cooldown 30s...
  Deploying network...
  Waiting 45s for nodes to start...
  Network deployed with 60 pods
  Deploying scenario commander...
  Waiting for scenario completion (up to 16600s)...
    Found commander pod: commander-partitionminerwithpools-1785154138
    Still waiting... (810s elapsed, pod: Running)
    Still waiting... (1530s elapsed, pod: Running)
    Still waiting... (3060s elapsed, pod: Running)
    Still waiting... (3780s elapsed, pod: Running)
    Still waiting... (4590s elapsed, pod: Running)
    Still waiting... (5310s elapsed, pod: Running)
    Still waiting... (6030s elapsed, pod: Running)
    Still waiting... (6840s elapsed, pod: Running)
    Still waiting... (7560s elapsed, pod: Running)
    Still waiting... (8280s elapsed, pod: Running)
    Still waiting... (9000s elapsed, pod: Running)
    Still waiting... (9810s elapsed, pod: Running)
    Still waiting... (10530s elapsed, pod: Running)
    Still waiting... (11250s elapsed, pod: Running)
    Still waiting... (11970s elapsed, pod: Running)
    Pod status: Succeeded after 13967s
  Extracting results...
  Results extracted successfully
  OK (14197s) - ETA: 23:04:02
[19/24] Running sweep_0219...
  Injecting sweep config...
  Injecting network metadata...
  Stopping previous network...
  Cooldown 30s...
  Deploying network...
  Waiting 45s for nodes to start...
  Network deployed with 60 pods
  Deploying scenario commander...
  Waiting for scenario completion (up to 16600s)...
    Found commander pod: commander-partitionminerwithpools-1785168337
    Still waiting... (810s elapsed, pod: Running)
    Still waiting... (1530s elapsed, pod: Running)
    Still waiting... (2340s elapsed, pod: Running)
    Still waiting... (3060s elapsed, pod: Running)
    Still waiting... (4590s elapsed, pod: Running)
    Still waiting... (5310s elapsed, pod: Running)
    Still waiting... (6030s elapsed, pod: Running)
    Still waiting... (6750s elapsed, pod: Running)
    Still waiting... (7470s elapsed, pod: Running)
    Still waiting... (8190s elapsed, pod: Running)
    Still waiting... (8910s elapsed, pod: Running)
    Still waiting... (10980s elapsed, pod: Running)
    Still waiting... (11700s elapsed, pod: Running)
    Still waiting... (13050s elapsed, pod: Running)
    Pod status: Succeeded after 13466s
  Extracting results...
  Results extracted successfully
  OK (13706s) - ETA: 19:12:46
[20/24] Running sweep_0220...
  Injecting sweep config...
  Injecting network metadata...
  Stopping previous network...
  Cooldown 30s...
  Deploying network...
  Waiting 45s for nodes to start...
  Network deployed with 60 pods
  Deploying scenario commander...
  Waiting for scenario completion (up to 16600s)...
    Found commander pod: commander-partitionminerwithpools-1785181982
    Still waiting... (810s elapsed, pod: Running)
    Still waiting... (1530s elapsed, pod: Running)
    Still waiting... (3060s elapsed, pod: Running)
    Still waiting... (3870s elapsed, pod: Running)
    Still waiting... (4590s elapsed, pod: Running)
    Still waiting... (5310s elapsed, pod: Running)
    Still waiting... (6120s elapsed, pod: Running)
    Still waiting... (6840s elapsed, pod: Running)
    Still waiting... (7650s elapsed, pod: Running)
    Still waiting... (8370s elapsed, pod: Running)
    Still waiting... (9090s elapsed, pod: Running)
    Still waiting... (10620s elapsed, pod: Running)
    Still waiting... (11340s elapsed, pod: Running)
    Still waiting... (12060s elapsed, pod: Running)
    Still waiting... (12780s elapsed, pod: Running)
    Pod status: Succeeded after 13804s
  Extracting results...
  Results extracted successfully
  OK (13951s) - ETA: 15:22:37
[21/24] Running sweep_0221...
  Injecting sweep config...
  Injecting network metadata...
  Stopping previous network...
  Cooldown 30s...
  Deploying network...
  Waiting 45s for nodes to start...
  Network deployed with 60 pods
  Deploying scenario commander...
  Waiting for scenario completion (up to 16600s)...
    Found commander pod: commander-partitionminerwithpools-1785195956
    Still waiting... (810s elapsed, pod: Running)
    Still waiting... (1530s elapsed, pod: Running)
    Still waiting... (2250s elapsed, pod: Running)
    Still waiting... (3060s elapsed, pod: Running)
    Still waiting... (3780s elapsed, pod: Running)
    Still waiting... (4500s elapsed, pod: Running)
    Still waiting... (5220s elapsed, pod: Running)
    Still waiting... (5940s elapsed, pod: Running)
    Still waiting... (6660s elapsed, pod: Running)
    Still waiting... (7380s elapsed, pod: Running)
    Still waiting... (8100s elapsed, pod: Running)
    Still waiting... (8820s elapsed, pod: Running)
    Still waiting... (9540s elapsed, pod: Running)
    Still waiting... (10890s elapsed, pod: Running)
    Still waiting... (11610s elapsed, pod: Running)
    Still waiting... (12330s elapsed, pod: Running)
    Still waiting... (13050s elapsed, pod: Running)
    Pod status: Succeeded after 13598s
  Extracting results...
  Results extracted successfully
  OK (13788s) - ETA: 11:31:50
[22/24] Running sweep_0222...
  Injecting sweep config...
  Injecting network metadata...
  Stopping previous network...
  Cooldown 30s...
  Deploying network...
  Waiting 45s for nodes to start...
  Network deployed with 60 pods
  Deploying scenario commander...
  Waiting for scenario completion (up to 16600s)...
    Found commander pod: commander-partitionminerwithpools-1785209988
    Still waiting... (810s elapsed, pod: Running)
    Still waiting... (2340s elapsed, pod: Running)
    Still waiting... (3870s elapsed, pod: Running)
    Still waiting... (5400s elapsed, pod: Running)
    Still waiting... (6930s elapsed, pod: Running)
    Still waiting... (7650s elapsed, pod: Running)
    Still waiting... (8460s elapsed, pod: Running)
    Still waiting... (9180s elapsed, pod: Running)
    Still waiting... (9900s elapsed, pod: Running)
    Still waiting... (10710s elapsed, pod: Running)
    Still waiting... (11430s elapsed, pod: Running)
    Still waiting... (12150s elapsed, pod: Running)
    Still waiting... (12870s elapsed, pod: Running)
    Pod status: Succeeded after 13326s
  Extracting results...
  Results extracted successfully
  OK (13765s) - ETA: 7:41:07
[23/24] Running sweep_0223...
  Injecting sweep config...
  Injecting network metadata...
  Stopping previous network...
  Cooldown 30s...
  Deploying network...
  Waiting 45s for nodes to start...
  Network deployed with 60 pods
  Deploying scenario commander...
  Waiting for scenario completion (up to 16600s)...
    Found commander pod: commander-partitionminerwithpools-1785223624
    Still waiting... (810s elapsed, pod: Running)
    Still waiting... (2340s elapsed, pod: Running)
    Still waiting... (3060s elapsed, pod: Running)
    Still waiting... (3870s elapsed, pod: Running)
    Still waiting... (4590s elapsed, pod: Running)
    Still waiting... (5310s elapsed, pod: Running)
    Still waiting... (6030s elapsed, pod: Running)
    Still waiting... (7470s elapsed, pod: Running)
    Still waiting... (8910s elapsed, pod: Running)
    Still waiting... (9630s elapsed, pod: Running)
    Still waiting... (10350s elapsed, pod: Running)
    Still waiting... (11700s elapsed, pod: Running)
    Still waiting... (12420s elapsed, pod: Running)
    Still waiting... (13050s elapsed, pod: Running)
    Pod status: Succeeded after 13517s
  Extracting results...
  Results extracted successfully
  OK (13944s) - ETA: 3:50:38
[24/24] Running sweep_0224...
  Injecting sweep config...
  Injecting network metadata...
  Stopping previous network...
  Cooldown 30s...
  Deploying network...
  Waiting 45s for nodes to start...
  Network deployed with 60 pods
  Deploying scenario commander...
  Waiting for scenario completion (up to 16600s)...
    Found commander pod: commander-partitionminerwithpools-1785237416
    Still waiting... (1530s elapsed, pod: Running)
    Still waiting... (2250s elapsed, pod: Running)
    Still waiting... (2970s elapsed, pod: Running)
    Still waiting... (3690s elapsed, pod: Running)
    Still waiting... (5220s elapsed, pod: Running)
    Still waiting... (5940s elapsed, pod: Running)
    Still waiting... (6660s elapsed, pod: Running)
    Still waiting... (7380s elapsed, pod: Running)
    Still waiting... (8100s elapsed, pod: Running)
    Still waiting... (8820s elapsed, pod: Running)
    Still waiting... (9540s elapsed, pod: Running)
    Still waiting... (10260s elapsed, pod: Running)
    Still waiting... (10980s elapsed, pod: Running)
    Still waiting... (12330s elapsed, pod: Running)
    Still waiting... (13050s elapsed, pod: Running)
    Pod status: Succeeded after 13253s
  Extracting results...
  Results extracted successfully
  OK (13522s) - ETA: 0:00:00

============================================================
Final cleanup - ensuring cluster is clean...
============================================================
  Force cleaning cluster...
  Cluster is clean

============================================================
Sweep Complete!
============================================================
Completed: 30
Failed: 0
Total time: 3 days, 20:10:31
Results saved to: /home/pfoy/bitcoin/warnetScenarioDiscovery/tools/sweep/lhs_2016_timing_swap/results_server2

Next step: python 4_analyze_results.py --input /home/pfoy/bitcoin/warnetScenarioDiscovery/tools/sweep/lhs_2016_timing_swap/results_server2
