Filtered to 25 specified scenarios

============================================================
Parameter Sweep Runner
============================================================
Total scenarios: 25
Already completed: 6
Pending: 24
Duration per scenario: 13000s (217 min)
Startup wait: 45s
Estimated total time: 87.0 hours
Results directory: /home/pfoy/bitcoin/warnetScenarioDiscovery/tools/sweep/lhs_2016_timing_swap/results_server2
Namespace: ns-9
Auto-restart: after 3 consecutive failures

Starting sweep at 2026-07-24T14:49:08.218659...
------------------------------------------------------------
Initial cleanup - stopping any running networks...
  Cooldown 30s...
[1/24] Running sweep_0226...
  Injecting sweep config...
  Injecting network metadata...
  Stopping previous network...
  Cooldown 30s...
  Deploying network...
  Waiting 45s for nodes to start...
  Network deployed with 60 pods
  Deploying scenario commander...
  Waiting for scenario completion (up to 16600s)...
    Found commander pod: commander-partitionminerwithpools-1784919087
    Still waiting... (810s elapsed, pod: Running)
    Still waiting... (2340s elapsed, pod: Running)
    Still waiting... (3060s elapsed, pod: Running)
    Still waiting... (4590s elapsed, pod: Running)
    Still waiting... (5310s elapsed, pod: Running)
    Still waiting... (6030s elapsed, pod: Running)
    Still waiting... (6750s elapsed, pod: Running)
    Still waiting... (9720s elapsed, pod: Running)
    Still waiting... (10440s elapsed, pod: Running)
    Still waiting... (11160s elapsed, pod: Running)
    Still waiting... (11880s elapsed, pod: Running)
    Still waiting... (12600s elapsed, pod: Running)
    Pod status: Succeeded after 13128s
  Extracting results...
  Results extracted successfully
  OK (13226s) - ETA: 3 days, 12:30:06
[2/24] Running sweep_0227...
  Injecting sweep config...
  Injecting network metadata...
  Stopping previous network...
  Cooldown 30s...
  Deploying network...
  Waiting 45s for nodes to start...
  Network deployed with 60 pods
  Deploying scenario commander...
  Waiting for scenario completion (up to 16600s)...
    Found commander pod: commander-partitionminerwithpools-1784932364
    Still waiting... (810s elapsed, pod: Running)
    Still waiting... (1530s elapsed, pod: Running)
    Still waiting... (2340s elapsed, pod: Running)
    Still waiting... (3060s elapsed, pod: Running)
    Still waiting... (3780s elapsed, pod: Running)
    Still waiting... (4500s elapsed, pod: Running)
    Still waiting... (5850s elapsed, pod: Running)
    Still waiting... (7200s elapsed, pod: Running)
    Still waiting... (7920s elapsed, pod: Running)
    Still waiting... (8550s elapsed, pod: Running)
    Still waiting... (9990s elapsed, pod: Running)
    Still waiting... (11340s elapsed, pod: Running)
    Still waiting... (11970s elapsed, pod: Running)
    Pod status: Succeeded after 13178s
  Extracting results...
  Results extracted successfully
  OK (13315s) - ETA: 3 days, 9:05:50
[3/24] Running sweep_0228...
  Injecting sweep config...
  Injecting network metadata...
  Stopping previous network...
  Cooldown 30s...
  Deploying network...
  Waiting 45s for nodes to start...
  Network deployed with 60 pods
  Deploying scenario commander...
  Waiting for scenario completion (up to 16600s)...
    Found commander pod: commander-partitionminerwithpools-1784945651
    Still waiting... (810s elapsed, pod: Running)
    Still waiting... (1530s elapsed, pod: Running)
    Still waiting... (2340s elapsed, pod: Running)
    Still waiting... (3060s elapsed, pod: Running)
    Still waiting... (3780s elapsed, pod: Running)
    Still waiting... (4410s elapsed, pod: Running)
    Still waiting... (5130s elapsed, pod: Running)
    Still waiting... (5850s elapsed, pod: Running)
    Still waiting... (6570s elapsed, pod: Running)
    Still waiting... (7290s elapsed, pod: Running)
    Still waiting... (8010s elapsed, pod: Running)
    Still waiting... (9540s elapsed, pod: Running)
    Still waiting... (10260s elapsed, pod: Running)
    Still waiting... (10980s elapsed, pod: Running)
    Still waiting... (11700s elapsed, pod: Running)
    Still waiting... (12420s elapsed, pod: Running)
    Still waiting... (13140s elapsed, pod: Running)
  Scenario completed (found export marker) after 13627s
  Extracting results...
  Results extracted successfully
  OK (13736s) - ETA: 3 days, 6:18:57
[4/24] Running sweep_0229...
  Injecting sweep config...
  Injecting network metadata...
  Stopping previous network...
  Cooldown 30s...
  Deploying network...
  Waiting 45s for nodes to start...
  Network deployed with 60 pods
  Deploying scenario commander...
  Waiting for scenario completion (up to 16600s)...
    Found commander pod: commander-partitionminerwithpools-1784959526
    Still waiting... (810s elapsed, pod: Running)
    Still waiting... (1530s elapsed, pod: Running)
    Still waiting... (2340s elapsed, pod: Running)
    Still waiting... (3060s elapsed, pod: Running)
    Still waiting... (3780s elapsed, pod: Running)
    Still waiting... (5310s elapsed, pod: Running)
    Still waiting... (8100s elapsed, pod: Running)
    Still waiting... (8820s elapsed, pod: Running)
    Still waiting... (9540s elapsed, pod: Running)
    Still waiting... (10890s elapsed, pod: Running)
    Still waiting... (11610s elapsed, pod: Running)
    Still waiting... (12330s elapsed, pod: Running)
    Pod status: Succeeded after 13467s
  Extracting results...
  Results extracted successfully
  OK (13744s) - ETA: 3 days, 3:01:45
[5/24] Running sweep_0230...
  Injecting sweep config...
  Injecting network metadata...
  Stopping previous network...
  Cooldown 30s...
  Deploying network...
  Waiting 45s for nodes to start...
  Network deployed with 60 pods
  Deploying scenario commander...
  Waiting for scenario completion (up to 16600s)...
    Found commander pod: commander-partitionminerwithpools-1784973168
    Still waiting... (810s elapsed, pod: Running)
    Still waiting... (1620s elapsed, pod: Running)
    Still waiting... (2340s elapsed, pod: Running)
    Still waiting... (3060s elapsed, pod: Running)
    Still waiting... (3870s elapsed, pod: Running)
    Still waiting... (4590s elapsed, pod: Running)
    Still waiting... (5310s elapsed, pod: Running)
    Still waiting... (6030s elapsed, pod: Running)
    Still waiting... (8280s elapsed, pod: Running)
    Still waiting... (9000s elapsed, pod: Running)
    Still waiting... (9720s elapsed, pod: Running)
    Still waiting... (10440s elapsed, pod: Running)
    Still waiting... (11160s elapsed, pod: Running)
    Pod status: Succeeded after 13554s
  Extracting results...
  Results extracted successfully
  OK (13701s) - ETA: 2 days, 23:29:02
[6/24] Running sweep_0231...
  Injecting sweep config...
  Injecting network metadata...
  Stopping previous network...
  Cooldown 30s...
  Deploying network...
  Waiting 45s for nodes to start...
  Network deployed with 60 pods
  Deploying scenario commander...
  Waiting for scenario completion (up to 16600s)...
    Found commander pod: commander-partitionminerwithpools-1784986870
    Still waiting... (810s elapsed, pod: Running)
    Still waiting... (2340s elapsed, pod: Running)
    Still waiting... (3060s elapsed, pod: Running)
    Still waiting... (4590s elapsed, pod: Running)
    Still waiting... (5310s elapsed, pod: Running)
    Still waiting... (6030s elapsed, pod: Running)
    Still waiting... (6750s elapsed, pod: Running)
    Still waiting... (7470s elapsed, pod: Running)
    Still waiting... (8190s elapsed, pod: Running)
    Still waiting... (8910s elapsed, pod: Running)
    Still waiting... (9630s elapsed, pod: Running)
    Still waiting... (11700s elapsed, pod: Running)
    Still waiting... (12420s elapsed, pod: Running)
    Still waiting... (13140s elapsed, pod: Running)
    Pod status: Succeeded after 13526s
  Extracting results...
  Results extracted successfully
  OK (13681s) - ETA: 2 days, 19:50:08
[7/24] Running sweep_0232...
  Injecting sweep config...
  Injecting network metadata...
  Stopping previous network...
  Cooldown 30s...
  Deploying network...
  Waiting 45s for nodes to start...
  Network deployed with 60 pods
  Deploying scenario commander...
  Waiting for scenario completion (up to 16600s)...
    Found commander pod: commander-partitionminerwithpools-1785000674
    Still waiting... (810s elapsed, pod: Running)
    Still waiting... (1530s elapsed, pod: Running)
    Still waiting... (2340s elapsed, pod: Running)
    Still waiting... (3060s elapsed, pod: Running)
    Still waiting... (3780s elapsed, pod: Running)
    Still waiting... (4500s elapsed, pod: Running)
    Still waiting... (5220s elapsed, pod: Running)
    Still waiting... (7290s elapsed, pod: Running)
    Still waiting... (8010s elapsed, pod: Running)
    Still waiting... (8730s elapsed, pod: Running)
    Still waiting... (9450s elapsed, pod: Running)
    Still waiting... (10080s elapsed, pod: Running)
    Still waiting... (10800s elapsed, pod: Running)
    Still waiting... (11520s elapsed, pod: Running)
    Still waiting... (12870s elapsed, pod: Running)
    Pod status: Succeeded after 13499s
  Extracting results...
  Results extracted successfully
  OK (13793s) - ETA: 2 days, 16:13:10
[8/24] Running sweep_0233...
  Injecting sweep config...
  Injecting network metadata...
  Stopping previous network...
  Cooldown 30s...
  Deploying network...
  Waiting 45s for nodes to start...
  Network deployed with 60 pods
  Deploying scenario commander...
  Waiting for scenario completion (up to 16600s)...
    Found commander pod: commander-partitionminerwithpools-1785014327
    Still waiting... (810s elapsed, pod: Running)
    Still waiting... (2340s elapsed, pod: Running)
    Still waiting... (3060s elapsed, pod: Running)
    Still waiting... (4590s elapsed, pod: Running)
    Still waiting... (5310s elapsed, pod: Running)
    Still waiting... (6030s elapsed, pod: Running)
    Still waiting... (6750s elapsed, pod: Running)
    Still waiting... (7470s elapsed, pod: Running)
    Still waiting... (8190s elapsed, pod: Running)
    Still waiting... (8910s elapsed, pod: Running)
    Still waiting... (9630s elapsed, pod: Running)
    Still waiting... (10350s elapsed, pod: Running)
    Still waiting... (11070s elapsed, pod: Running)
    Still waiting... (11790s elapsed, pod: Running)
    Still waiting... (12510s elapsed, pod: Running)
    Pod status: Succeeded after 13727s
  Extracting results...
  Results extracted successfully
  OK (14081s) - ETA: 2 days, 12:42:35
[9/24] Running sweep_0234...
  Injecting sweep config...
  Injecting network metadata...
  Stopping previous network...
  Cooldown 30s...
  Deploying network...
  Waiting 45s for nodes to start...
  Network deployed with 60 pods
  Deploying scenario commander...
  Waiting for scenario completion (up to 16600s)...
    Found commander pod: commander-partitionminerwithpools-1785028415
    Still waiting... (810s elapsed, pod: Running)
    Still waiting... (1530s elapsed, pod: Running)
    Still waiting... (2340s elapsed, pod: Running)
    Still waiting... (3060s elapsed, pod: Running)
    Still waiting... (3870s elapsed, pod: Running)
    Still waiting... (4590s elapsed, pod: Running)
    Still waiting... (5400s elapsed, pod: Running)
    Still waiting... (6120s elapsed, pod: Running)
    Still waiting... (7650s elapsed, pod: Running)
    Still waiting... (8370s elapsed, pod: Running)
    Still waiting... (9090s elapsed, pod: Running)
    Still waiting... (10620s elapsed, pod: Running)
    Still waiting... (11340s elapsed, pod: Running)
    Still waiting... (12060s elapsed, pod: Running)
    Pod status: Succeeded after 13499s
  Extracting results...
  Results extracted successfully
  OK (13636s) - ETA: 2 days, 8:54:15
[10/24] Running sweep_0235...
  Injecting sweep config...
  Injecting network metadata...
  Stopping previous network...
  Cooldown 30s...
  Deploying network...
  Waiting 45s for nodes to start...
  Network deployed with 60 pods
  Deploying scenario commander...
  Waiting for scenario completion (up to 16600s)...
    Found commander pod: commander-partitionminerwithpools-1785042077
    Still waiting... (810s elapsed, pod: Running)
    Still waiting... (1530s elapsed, pod: Running)
    Still waiting... (3060s elapsed, pod: Running)
    Still waiting... (3780s elapsed, pod: Running)
    Still waiting... (4500s elapsed, pod: Running)
    Still waiting... (5220s elapsed, pod: Running)
    Still waiting... (6750s elapsed, pod: Running)
    Still waiting... (7470s elapsed, pod: Running)
    Still waiting... (8190s elapsed, pod: Running)
    Still waiting... (8910s elapsed, pod: Running)
    Still waiting... (9630s elapsed, pod: Running)
    Still waiting... (10350s elapsed, pod: Running)
    Still waiting... (11070s elapsed, pod: Running)
    Still waiting... (11790s elapsed, pod: Running)
    Still waiting... (12510s elapsed, pod: Running)
    Pod status: Succeeded after 13230s
  Extracting results...
  Results extracted successfully
  OK (13393s) - ETA: 2 days, 5:00:28
[11/24] Running sweep_0236...
  Injecting sweep config...
  Injecting network metadata...
  Stopping previous network...
  Cooldown 30s...
  Deploying network...
  Waiting 45s for nodes to start...
  Network deployed with 60 pods
  Deploying scenario commander...
  Waiting for scenario completion (up to 16600s)...
    Found commander pod: commander-partitionminerwithpools-1785055472
    Still waiting... (810s elapsed, pod: Running)
    Still waiting... (1530s elapsed, pod: Running)
    Still waiting... (2340s elapsed, pod: Running)
    Still waiting... (3060s elapsed, pod: Running)
    Still waiting... (3780s elapsed, pod: Running)
    Still waiting... (6030s elapsed, pod: Running)
    Still waiting... (6750s elapsed, pod: Running)
    Still waiting... (8190s elapsed, pod: Running)
    Still waiting... (10980s elapsed, pod: Running)
    Still waiting... (11700s elapsed, pod: Running)
    Still waiting... (12420s elapsed, pod: Running)
    Still waiting... (13140s elapsed, pod: Running)
    Pod status: Succeeded after 14084s
  Extracting results...
  Results extracted successfully
  OK (14248s) - ETA: 2 days, 1:25:27
[12/24] Running sweep_0237...
  Injecting sweep config...
  Injecting network metadata...
  Stopping previous network...
  Cooldown 30s...
  Deploying network...
  Waiting 45s for nodes to start...
  Network deployed with 60 pods
  Deploying scenario commander...
  Waiting for scenario completion (up to 16600s)...
    Found commander pod: commander-partitionminerwithpools-1785069692
    Still waiting... (810s elapsed, pod: Running)
    Still waiting... (1620s elapsed, pod: Running)
    Still waiting... (2340s elapsed, pod: Running)
    Still waiting... (3870s elapsed, pod: Running)
    Still waiting... (4590s elapsed, pod: Running)
    Still waiting... (6120s elapsed, pod: Running)
    Still waiting... (6840s elapsed, pod: Running)
    Still waiting... (7560s elapsed, pod: Running)
    Still waiting... (8280s elapsed, pod: Running)
    Still waiting... (9000s elapsed, pod: Running)
    Still waiting... (9720s elapsed, pod: Running)
    Still waiting... (10440s elapsed, pod: Running)
    Still waiting... (11160s elapsed, pod: Running)
    Still waiting... (11880s elapsed, pod: Running)
    Still waiting... (13230s elapsed, pod: Running)
    Pod status: Succeeded after 13392s
  Extracting results...
  Results extracted successfully
  OK (13529s) - ETA: 1 day, 21:34:43
[13/24] Running sweep_0238...
  Injecting sweep config...
  Injecting network metadata...
  Stopping previous network...
  Cooldown 30s...
  Deploying network...
  Waiting 45s for nodes to start...
  Network deployed with 60 pods
  Deploying scenario commander...
  Waiting for scenario completion (up to 16600s)...
    Found commander pod: commander-partitionminerwithpools-1785083484
    Still waiting... (810s elapsed, pod: Running)
    Still waiting... (2340s elapsed, pod: Running)
    Still waiting... (3060s elapsed, pod: Running)
    Still waiting... (3870s elapsed, pod: Running)
    Still waiting... (4590s elapsed, pod: Running)
    Still waiting... (5310s elapsed, pod: Running)
    Still waiting... (6030s elapsed, pod: Running)
    Still waiting... (6750s elapsed, pod: Running)
    Still waiting... (8280s elapsed, pod: Running)
    Still waiting... (9000s elapsed, pod: Running)
    Still waiting... (9720s elapsed, pod: Running)
    Still waiting... (10440s elapsed, pod: Running)
    Still waiting... (11160s elapsed, pod: Running)
    Still waiting... (11880s elapsed, pod: Running)
    Still waiting... (12600s elapsed, pod: Running)
    Still waiting... (13320s elapsed, pod: Running)
  Scenario completed (found export marker) after 13878s
  Extracting results...
  Results extracted successfully
  OK (14277s) - ETA: 1 day, 17:55:20
[14/24] Running sweep_0239...
  Injecting sweep config...
  Injecting network metadata...
  Stopping previous network...
  Cooldown 30s...
  Deploying network...
  Waiting 45s for nodes to start...
  Network deployed with 60 pods
  Deploying scenario commander...
  Waiting for scenario completion (up to 16600s)...
    Found commander pod: commander-partitionminerwithpools-1785097474
    Still waiting... (810s elapsed, pod: Running)
    Still waiting... (1530s elapsed, pod: Running)
    Still waiting... (2340s elapsed, pod: Running)
    Still waiting... (3060s elapsed, pod: Running)
    Still waiting... (3870s elapsed, pod: Running)
    Still waiting... (4590s elapsed, pod: Running)
    Still waiting... (6120s elapsed, pod: Running)
    Still waiting... (6840s elapsed, pod: Running)
    Still waiting... (8370s elapsed, pod: Running)
    Still waiting... (9090s elapsed, pod: Running)
    Still waiting... (9810s elapsed, pod: Running)
    Still waiting... (10530s elapsed, pod: Running)
    Still waiting... (11340s elapsed, pod: Running)
    Still waiting... (12060s elapsed, pod: Running)
    Still waiting... (12780s elapsed, pod: Running)
    Still waiting... (13500s elapsed, pod: Running)
    Pod status: Succeeded after 13845s
  Extracting results...
  Results extracted successfully
  OK (13959s) - ETA: 1 day, 14:09:30
[15/24] Running sweep_0240...
  Injecting sweep config...
  Injecting network metadata...
  Stopping previous network...
  Cooldown 30s...
  Deploying network...
  Waiting 45s for nodes to start...
  Network deployed with 60 pods
  Deploying scenario commander...
  Waiting for scenario completion (up to 16600s)...
    Found commander pod: commander-partitionminerwithpools-1785111607
    Still waiting... (810s elapsed, pod: Running)
    Still waiting... (1530s elapsed, pod: Running)
    Still waiting... (2340s elapsed, pod: Running)
    Still waiting... (3060s elapsed, pod: Running)
    Still waiting... (4590s elapsed, pod: Running)
    Still waiting... (5310s elapsed, pod: Running)
    Still waiting... (6030s elapsed, pod: Running)
    Still waiting... (6750s elapsed, pod: Running)
    Still waiting... (7470s elapsed, pod: Running)
    Still waiting... (8820s elapsed, pod: Running)
    Still waiting... (9540s elapsed, pod: Running)
    Still waiting... (10890s elapsed, pod: Running)
    Still waiting... (11610s elapsed, pod: Running)
    Still waiting... (12960s elapsed, pod: Running)
    Pod status: Succeeded after 13934s
  Extracting results...
  Results extracted successfully
  OK (14222s) - ETA: 1 day, 10:25:24
[16/24] Running sweep_0241...
  Injecting sweep config...
  Injecting network metadata...
  Stopping previous network...
  Cooldown 30s...
  Deploying network...
  Waiting 45s for nodes to start...
  Network deployed with 60 pods
  Deploying scenario commander...
  Waiting for scenario completion (up to 16600s)...
    Found commander pod: commander-partitionminerwithpools-1785125777
    Still waiting... (810s elapsed, pod: Running)
    Still waiting... (1620s elapsed, pod: Running)
    Still waiting... (2340s elapsed, pod: Running)
    Still waiting... (3150s elapsed, pod: Running)
    Still waiting... (3870s elapsed, pod: Running)
    Still waiting... (4680s elapsed, pod: Running)
    Still waiting... (5400s elapsed, pod: Running)
    Still waiting... (6120s elapsed, pod: Running)
    Still waiting... (7650s elapsed, pod: Running)
    Still waiting... (8370s elapsed, pod: Running)
    Still waiting... (9090s elapsed, pod: Running)
    Still waiting... (9810s elapsed, pod: Running)
    Still waiting... (12060s elapsed, pod: Running)
    Still waiting... (12780s elapsed, pod: Running)
    Still waiting... (13500s elapsed, pod: Running)
    Pod status: Succeeded after 13977s
  Extracting results...
  Results extracted successfully
  OK (14235s) - ETA: 1 day, 6:39:47
[17/24] Running sweep_0242...
  Injecting sweep config...
  Injecting network metadata...
  Stopping previous network...
  Cooldown 30s...
  Deploying network...
  Waiting 45s for nodes to start...
  Network deployed with 60 pods
  Deploying scenario commander...
  Waiting for scenario completion (up to 16600s)...
    Found commander pod: commander-partitionminerwithpools-1785139984
    Still waiting... (810s elapsed, pod: Running)
    Still waiting... (1620s elapsed, pod: Running)
    Still waiting... (2340s elapsed, pod: Running)
    Still waiting... (3150s elapsed, pod: Running)
    Still waiting... (3870s elapsed, pod: Running)
    Still waiting... (4680s elapsed, pod: Running)
    Still waiting... (5400s elapsed, pod: Running)
    Still waiting... (6210s elapsed, pod: Running)
    Still waiting... (7020s elapsed, pod: Running)
    Still waiting... (7740s elapsed, pod: Running)
    Still waiting... (8550s elapsed, pod: Running)
    Still waiting... (10080s elapsed, pod: Running)
    Still waiting... (10890s elapsed, pod: Running)
    Still waiting... (12420s elapsed, pod: Running)
    Pod status: Succeeded after 13180s
  Extracting results...
  Results extracted successfully
  OK (13387s) - ETA: 1 day, 2:47:00
[18/24] Running sweep_0243...
  Injecting sweep config...
  Injecting network metadata...
  Stopping previous network...
  Cooldown 30s...
  Deploying network...
  Waiting 45s for nodes to start...
  Network deployed with 60 pods
  Deploying scenario commander...
  Waiting for scenario completion (up to 16600s)...
    Found commander pod: commander-partitionminerwithpools-1785153272
    Still waiting... (810s elapsed, pod: Running)
    Still waiting... (1530s elapsed, pod: Running)
    Still waiting... (2340s elapsed, pod: Running)
    Still waiting... (3060s elapsed, pod: Running)
    Still waiting... (3780s elapsed, pod: Running)
    Still waiting... (5310s elapsed, pod: Running)
    Still waiting... (6030s elapsed, pod: Running)
    Still waiting... (6750s elapsed, pod: Running)
    Still waiting... (7470s elapsed, pod: Running)
    Still waiting... (8190s elapsed, pod: Running)
    Still waiting... (8910s elapsed, pod: Running)
    Still waiting... (9630s elapsed, pod: Running)
    Still waiting... (10350s elapsed, pod: Running)
    Still waiting... (11070s elapsed, pod: Running)
    Still waiting... (13140s elapsed, pod: Running)
    Still waiting... (13860s elapsed, pod: Running)
    Pod status: Succeeded after 14367s
  Extracting results...
  Results extracted successfully
  OK (14476s) - ETA: 23:01:19
[19/24] Running sweep_0244...
  Injecting sweep config...
  Injecting network metadata...
  Stopping previous network...
  Cooldown 30s...
  Deploying network...
  Waiting 45s for nodes to start...
  Network deployed with 60 pods
  Deploying scenario commander...
  Waiting for scenario completion (up to 16600s)...
    Found commander pod: commander-partitionminerwithpools-1785167788
    Still waiting... (810s elapsed, pod: Running)
    Still waiting... (1530s elapsed, pod: Running)
    Still waiting... (2250s elapsed, pod: Running)
    Still waiting... (3060s elapsed, pod: Running)
    Still waiting... (3780s elapsed, pod: Running)
    Still waiting... (4590s elapsed, pod: Running)
    Still waiting... (5310s elapsed, pod: Running)
    Still waiting... (6030s elapsed, pod: Running)
    Still waiting... (6750s elapsed, pod: Running)
    Still waiting... (7470s elapsed, pod: Running)
    Still waiting... (8190s elapsed, pod: Running)
    Still waiting... (8910s elapsed, pod: Running)
    Still waiting... (10260s elapsed, pod: Running)
    Still waiting... (10980s elapsed, pod: Running)
    Still waiting... (12330s elapsed, pod: Running)
    Pod status: Succeeded after 13314s
  Extracting results...
  Results extracted successfully
  OK (13485s) - ETA: 19:09:40
[20/24] Running sweep_0245...
  Injecting sweep config...
  Injecting network metadata...
  Stopping previous network...
  Cooldown 30s...
  Deploying network...
  Waiting 45s for nodes to start...
  Network deployed with 60 pods
  Deploying scenario commander...
  Waiting for scenario completion (up to 16600s)...
    Found commander pod: commander-partitionminerwithpools-1785181270
    Still waiting... (810s elapsed, pod: Running)
    Still waiting... (1620s elapsed, pod: Running)
    Still waiting... (2340s elapsed, pod: Running)
    Still waiting... (3150s elapsed, pod: Running)
    Still waiting... (3870s elapsed, pod: Running)
    Still waiting... (4590s elapsed, pod: Running)
    Still waiting... (5400s elapsed, pod: Running)
    Still waiting... (6120s elapsed, pod: Running)
    Still waiting... (6840s elapsed, pod: Running)
    Still waiting... (7560s elapsed, pod: Running)
    Still waiting... (9090s elapsed, pod: Running)
    Still waiting... (9810s elapsed, pod: Running)
    Still waiting... (10530s elapsed, pod: Running)
    Still waiting... (11250s elapsed, pod: Running)
    Still waiting... (11970s elapsed, pod: Running)
    Still waiting... (12690s elapsed, pod: Running)
    Still waiting... (13410s elapsed, pod: Running)
    Pod status: Succeeded after 14069s
  Extracting results...
  Results extracted successfully
  OK (14456s) - ETA: 15:21:56
[21/24] Running sweep_0246...
  Injecting sweep config...
  Injecting network metadata...
  Stopping previous network...
  Cooldown 30s...
  Deploying network...
  Waiting 45s for nodes to start...
  Network deployed with 60 pods
  Deploying scenario commander...
  Waiting for scenario completion (up to 16600s)...
    Found commander pod: commander-partitionminerwithpools-1785195728
    Still waiting... (810s elapsed, pod: Running)
    Still waiting... (1530s elapsed, pod: Running)
    Still waiting... (3060s elapsed, pod: Running)
    Still waiting... (3780s elapsed, pod: Running)
    Still waiting... (4500s elapsed, pod: Running)
    Still waiting... (5220s elapsed, pod: Running)
    Still waiting... (5940s elapsed, pod: Running)
    Still waiting... (6660s elapsed, pod: Running)
    Still waiting... (7380s elapsed, pod: Running)
    Still waiting... (8100s elapsed, pod: Running)
    Still waiting... (8820s elapsed, pod: Running)
    Still waiting... (9540s elapsed, pod: Running)
    Still waiting... (10260s elapsed, pod: Running)
    Still waiting... (10980s elapsed, pod: Running)
    Still waiting... (11700s elapsed, pod: Running)
    Still waiting... (12330s elapsed, pod: Running)
    Still waiting... (13050s elapsed, pod: Running)
  Scenario completed (found export marker) after 13679s
  Extracting results...
  Results extracted successfully
  OK (13859s) - ETA: 11:31:31
[22/24] Running sweep_0247...
  Injecting sweep config...
  Injecting network metadata...
  Stopping previous network...
  Cooldown 30s...
  Deploying network...
  Waiting 45s for nodes to start...
  Network deployed with 60 pods
  Deploying scenario commander...
  Waiting for scenario completion (up to 16600s)...
    Found commander pod: commander-partitionminerwithpools-1785209583
    Still waiting... (810s elapsed, pod: Running)
    Still waiting... (2340s elapsed, pod: Running)
    Still waiting... (3870s elapsed, pod: Running)
    Still waiting... (4590s elapsed, pod: Running)
    Still waiting... (5310s elapsed, pod: Running)
    Still waiting... (6030s elapsed, pod: Running)
    Still waiting... (6750s elapsed, pod: Running)
    Still waiting... (7470s elapsed, pod: Running)
    Still waiting... (8190s elapsed, pod: Running)
    Still waiting... (9540s elapsed, pod: Running)
    Still waiting... (10260s elapsed, pod: Running)
    Still waiting... (10980s elapsed, pod: Running)
    Still waiting... (12330s elapsed, pod: Running)
    Still waiting... (13050s elapsed, pod: Running)
    Pod status: Succeeded after 13263s
  Extracting results...
  Results extracted successfully
  OK (13432s) - ETA: 7:40:24
[23/24] Running sweep_0248...
  Injecting sweep config...
  Injecting network metadata...
  Stopping previous network...
  Cooldown 30s...
  Deploying network...
  Waiting 45s for nodes to start...
  Network deployed with 60 pods
  Deploying scenario commander...
  Waiting for scenario completion (up to 16600s)...
    Found commander pod: commander-partitionminerwithpools-1785223019
    Still waiting... (810s elapsed, pod: Running)
    Still waiting... (1530s elapsed, pod: Running)
    Still waiting... (2340s elapsed, pod: Running)
    Still waiting... (3060s elapsed, pod: Running)
    Still waiting... (3870s elapsed, pod: Running)
    Still waiting... (4590s elapsed, pod: Running)
    Still waiting... (5400s elapsed, pod: Running)
    Still waiting... (6120s elapsed, pod: Running)
    Still waiting... (6840s elapsed, pod: Running)
    Still waiting... (7560s elapsed, pod: Running)
    Still waiting... (8280s elapsed, pod: Running)
    Still waiting... (10530s elapsed, pod: Running)
    Still waiting... (11250s elapsed, pod: Running)
  Scenario completed (found export marker) after 13441s
  Extracting results...
  Results extracted successfully
  OK (14013s) - ETA: 3:50:21
[24/24] Running sweep_0249...
  Injecting sweep config...
  Injecting network metadata...
  Stopping previous network...
  Cooldown 30s...
  Deploying network...
  Waiting 45s for nodes to start...
  Network deployed with 60 pods
  Deploying scenario commander...
  Waiting for scenario completion (up to 16600s)...
    Found commander pod: commander-partitionminerwithpools-1785237022
    Still waiting... (810s elapsed, pod: Running)
    Still waiting... (1530s elapsed, pod: Running)
    Still waiting... (2250s elapsed, pod: Running)
    Still waiting... (3600s elapsed, pod: Running)
    Still waiting... (4320s elapsed, pod: Running)
    Still waiting... (5040s elapsed, pod: Running)
    Still waiting... (5760s elapsed, pod: Running)
    Still waiting... (6480s elapsed, pod: Running)
    Still waiting... (7830s elapsed, pod: Running)
    Still waiting... (8550s elapsed, pod: Running)
    Still waiting... (9900s elapsed, pod: Running)
    Still waiting... (10620s elapsed, pod: Running)
    Still waiting... (11970s elapsed, pod: Running)
  Scenario completed (found export marker) after 13208s
  Extracting results...
  Results extracted successfully
  OK (13407s) - ETA: 0:00:00

============================================================
Final cleanup - ensuring cluster is clean...
============================================================
  Force cleaning cluster...
  Cluster is clean

============================================================
Sweep Complete!
============================================================
Completed: 30
Failed: 0
Total time: 3 days, 20:01:58
Results saved to: /home/pfoy/bitcoin/warnetScenarioDiscovery/tools/sweep/lhs_2016_timing_swap/results_server2

Next step: python 4_analyze_results.py --input /home/pfoy/bitcoin/warnetScenarioDiscovery/tools/sweep/lhs_2016_timing_swap/results_server2
